MPLINK 4.1, Linker
Linker Map File - Created Mon Dec 22 09:45:33 2014

                                 Section Info
                  Section       Type    Address   Location Size(Bytes)
                ---------  ---------  ---------  ---------  ---------
               _entry_scn       code   0x000000    program   0x000006
    HIGH_INTERRUPT_VECTOR       code   0x000008    program   0x000006
     LOW_INTERRUPT_VECTOR       code   0x000018    program   0x000006
    REMAPPED_RESET_VECTOR       code   0x001000    program   0x000006
REMAPPED_HIGH_INTERRUPT_VECTOR       code   0x001008    program   0x000006
REMAPPED_LOW_INTERRUPT_VECTOR       code   0x001018    program   0x000006
                   .cinit    romdata   0x00102a    program   0x00000e
       .code_usb_device.o       code   0x001038    program   0x000b50
             .code_main.o       code   0x001b88    program   0x000404
 .code_usb_function_hid.o       code   0x001f8c    program   0x0000da
.romdata_usb_descriptors.o    romdata   0x002066    program   0x0000c6
               _cinit_scn       code   0x00212c    program   0x00009e
         .code_i2c_open.o       code   0x0021ca    program   0x000036
                   STRING       code   0x002200    program   0x000034
         .code_i2c_writ.o       code   0x002234    program   0x000030
             D10KTCYXCODE       code   0x002264    program   0x00002e
             _startup_scn       code   0x002292    program   0x00001c
         .code_i2c_idle.o       code   0x0022ae    program   0x000014
         .code_i2c_read.o       code   0x0022c2    program   0x00000a
         .code_i2c_clos.o       code   0x0022cc    program   0x000004
           .code___init.o       code   0x0022d0    program   0x000002
          .idata_main.o_i    romdata   0x0022d2    program   0x000010
    .config_300000_main.o    romdata   0x300000    program   0x000001
    .config_300001_main.o    romdata   0x300001    program   0x000001
    .config_300002_main.o    romdata   0x300002    program   0x000001
    .config_300003_main.o    romdata   0x300003    program   0x000001
    .config_300005_main.o    romdata   0x300005    program   0x000001
    .config_300006_main.o    romdata   0x300006    program   0x000001
    .config_300008_main.o    romdata   0x300008    program   0x000001
    .config_300009_main.o    romdata   0x300009    program   0x000001
    .config_30000a_main.o    romdata   0x30000a    program   0x000001
    .config_30000b_main.o    romdata   0x30000b    program   0x000001
    .config_30000c_main.o    romdata   0x30000c    program   0x000001
    .config_30000d_main.o    romdata   0x30000d    program   0x000001
                MATH_DATA      udata   0x000000       data   0x00000b
                 .tmpdata      udata   0x00000b       data   0x000003
                DELAYDAT2      udata   0x00000e       data   0x000001
                DELAYDAT1      udata   0x00000f       data   0x000001
      .udata_usb_device.o      udata   0x000060       data   0x000025
            .idata_main.o      idata   0x000085       data   0x000010
            .udata_main.o      udata   0x000095       data   0x00000e
           .udata_c018i.o      udata   0x0000a3       data   0x00000a
.udata_usb_function_hid.o      udata   0x0000ad       data   0x000003
                   .stack      udata   0x000300       data   0x000100
                  USB_BDT      udata   0x000400       data   0x000036
            USB_VARIABLES      udata   0x000500       data   0x0000c0
            SFR_UNBANKED0      udata   0x000f66       data   0x00009a



                              Program Memory Usage 
                               Start         End      
                           ---------   ---------      
                            0x000000    0x000005      
                            0x000008    0x00000d      
                            0x000018    0x00001d      
                            0x001000    0x001005      
                            0x001008    0x00100d      
                            0x001018    0x00101d      
                            0x00102a    0x0022e1      
                            0x300000    0x300003      
                            0x300005    0x300006      
                            0x300008    0x30000d      
            4840 out of 33048 program addresses used, program memory utilization is 14%



                              Symbols - Sorted by Name
                     Name    Address   Location    Storage File                     
                ---------  ---------  ---------  --------- ---------                
                 CloseI2C   0x0022cc    program     extern C:\MCC18\src\TRADIT~1\pmc\i2c\i2c_clos.c
                   D10K_1   0x002270    program     static C:\MCC18\SRC\TRADIT~1\DELAYS\d10ktcyx.asm
                    D10Kl   0x00227c    program     static C:\MCC18\SRC\TRADIT~1\DELAYS\d10ktcyx.asm
                    D10Kx   0x00226e    program     static C:\MCC18\SRC\TRADIT~1\DELAYS\d10ktcyx.asm
             Delay10KTCYx   0x002264    program     extern C:\MCC18\SRC\TRADIT~1\DELAYS\d10ktcyx.asm
      HIDGetReportHandler   0x002062    program     extern C:\Microchip Solutions\Microchip\Usb\HID Device Driver\usb_function_hid.c
      HIDSetReportHandler   0x002064    program     extern C:\Microchip Solutions\Microchip\Usb\HID Device Driver\usb_function_hid.c
                 High_ISR   0x000008    program     extern C:\Users\LaRob\Desktop\Código SONAR Anderson\Sonar2-HEXAROTOR 2012\main.c
                  IdleI2C   0x0022ae    program     extern C:\MCC18\src\TRADIT~1\pmc\i2c\i2c_idle.c
         InitializeSystem   0x001e3e    program     static C:\Users\LaRob\Desktop\Código SONAR Anderson\Sonar2-HEXAROTOR 2012\main.c
                  Low_ISR   0x000018    program     extern C:\Users\LaRob\Desktop\Código SONAR Anderson\Sonar2-HEXAROTOR 2012\main.c
                  OpenI2C   0x0021ca    program     extern C:\MCC18\src\TRADIT~1\pmc\i2c\i2c_open.c
                ProcessIO   0x001dc0    program     extern C:\Users\LaRob\Desktop\Código SONAR Anderson\Sonar2-HEXAROTOR 2012\main.c
                  ReadI2C   0x0022c2    program     extern C:\MCC18\src\TRADIT~1\pmc\i2c\i2c_read.c
        Remapped_High_ISR   0x001008    program     extern C:\Users\LaRob\Desktop\Código SONAR Anderson\Sonar2-HEXAROTOR 2012\main.c
         Remapped_Low_ISR   0x001018    program     extern C:\Users\LaRob\Desktop\Código SONAR Anderson\Sonar2-HEXAROTOR 2012\main.c
       USBCBCheckOtherReq   0x001e50    program     extern C:\Users\LaRob\Desktop\Código SONAR Anderson\Sonar2-HEXAROTOR 2012\main.c
        USBCBErrorHandler   0x001e4e    program     extern C:\Users\LaRob\Desktop\Código SONAR Anderson\Sonar2-HEXAROTOR 2012\main.c
              USBCBInitEP   0x001e56    program     extern C:\Users\LaRob\Desktop\Código SONAR Anderson\Sonar2-HEXAROTOR 2012\main.c
          USBCBSendResume   0x001e6a    program     extern C:\Users\LaRob\Desktop\Código SONAR Anderson\Sonar2-HEXAROTOR 2012\main.c
    USBCBStdSetDscHandler   0x001e54    program     extern C:\Users\LaRob\Desktop\Código SONAR Anderson\Sonar2-HEXAROTOR 2012\main.c
             USBCBSuspend   0x001e48    program     extern C:\Users\LaRob\Desktop\Código SONAR Anderson\Sonar2-HEXAROTOR 2012\main.c
     USBCBWakeFromSuspend   0x001e4a    program     extern C:\Users\LaRob\Desktop\Código SONAR Anderson\Sonar2-HEXAROTOR 2012\main.c
        USBCB_SOF_Handler   0x001e4c    program     extern C:\Users\LaRob\Desktop\Código SONAR Anderson\Sonar2-HEXAROTOR 2012\main.c
       USBCheckHIDRequest   0x001f8c    program     extern C:\Microchip Solutions\Microchip\Usb\HID Device Driver\usb_function_hid.c
       USBCheckStdRequest   0x001374    program     extern C:\Microchip Solutions\Microchip\Usb\usb_device.c
    USBClearInterruptFlag   0x001910    program     extern C:\Microchip Solutions\Microchip\Usb\usb_device.c
     USBConfigureEndpoint   0x0017d6    program     extern C:\Microchip Solutions\Microchip\Usb\usb_device.c
         USBCtrlEPService   0x0011f0    program     extern C:\Microchip Solutions\Microchip\Usb\usb_device.c
 USBCtrlEPServiceComplete   0x0015da    program     extern C:\Microchip Solutions\Microchip\Usb\usb_device.c
      USBCtrlTrfInHandler   0x00126a    program     extern C:\Microchip Solutions\Microchip\Usb\usb_device.c
     USBCtrlTrfOutHandler   0x00125a    program     extern C:\Microchip Solutions\Microchip\Usb\usb_device.c
      USBCtrlTrfRxService   0x0016ee    program     extern C:\Microchip Solutions\Microchip\Usb\usb_device.c
   USBCtrlTrfSetupHandler   0x001236    program     extern C:\Microchip Solutions\Microchip\Usb\usb_device.c
      USBCtrlTrfTxService   0x00164a    program     extern C:\Microchip Solutions\Microchip\Usb\usb_device.c
          USBDeviceAttach   0x00193c    program     extern C:\Microchip Solutions\Microchip\Usb\usb_device.c
          USBDeviceDetach   0x00193a    program     extern C:\Microchip Solutions\Microchip\Usb\usb_device.c
            USBDeviceInit   0x001038    program     extern C:\Microchip Solutions\Microchip\Usb\usb_device.c
           USBDeviceTasks   0x00109e    program     extern C:\Microchip Solutions\Microchip\Usb\usb_device.c
        USBEnableEndpoint   0x00184c    program     extern C:\Microchip Solutions\Microchip\Usb\usb_device.c
USBPrepareForNextSetupTrf   0x0012c2    program     extern C:\Microchip Solutions\Microchip\Usb\usb_device.c
         USBStallEndpoint   0x001884    program     extern C:\Microchip Solutions\Microchip\Usb\usb_device.c
          USBStallHandler   0x0011a0    program     extern C:\Microchip Solutions\Microchip\Usb\usb_device.c
  USBStdFeatureReqHandler   0x00141c    program     extern C:\Microchip Solutions\Microchip\Usb\usb_device.c
      USBStdGetDscHandler   0x0014dc    program     extern C:\Microchip Solutions\Microchip\Usb\usb_device.c
   USBStdGetStatusHandler   0x00155e    program     extern C:\Microchip Solutions\Microchip\Usb\usb_device.c
      USBStdSetCfgHandler   0x0017a0    program     extern C:\Microchip Solutions\Microchip\Usb\usb_device.c
               USBSuspend   0x0011c6    program     extern C:\Microchip Solutions\Microchip\Usb\usb_device.c
     USBTransferOnePacket   0x0018aa    program     extern C:\Microchip Solutions\Microchip\Usb\usb_device.c
       USBWakeFromSuspend   0x0011d8    program     extern C:\Microchip Solutions\Microchip\Usb\usb_device.c
               USB_CD_Ptr   0x002124    program     extern C:\Users\LaRob\Desktop\Código SONAR Anderson\Sonar2-HEXAROTOR 2012\usb_descriptors.c
               USB_SD_Ptr   0x002126    program     extern C:\Users\LaRob\Desktop\Código SONAR Anderson\Sonar2-HEXAROTOR 2012\usb_descriptors.c
USER_USB_CALLBACK_EVENT_HANDLER   0x001e86    program     extern C:\Users\LaRob\Desktop\Código SONAR Anderson\Sonar2-HEXAROTOR 2012\main.c
                 UserInit   0x001c4a    program     extern C:\Users\LaRob\Desktop\Código SONAR Anderson\Sonar2-HEXAROTOR 2012\main.c
                 WriteI2C   0x002234    program     extern C:\MCC18\src\TRADIT~1\pmc\i2c\i2c_writ.c
  YourHighPriorityISRCode   0x001b88    program     extern C:\Users\LaRob\Desktop\Código SONAR Anderson\Sonar2-HEXAROTOR 2012\main.c
   YourLowPriorityISRCode   0x001c1e    program     extern C:\Users\LaRob\Desktop\Código SONAR Anderson\Sonar2-HEXAROTOR 2012\main.c
              _2jContinue   0x002220    program     static C:\MCC18\SRC\TRADIT~1\STDCLIB\memset.asm
                   _3jEnd   0x00222a    program     static C:\MCC18\SRC\TRADIT~1\STDCLIB\memset.asm
       _D10KTCYXCODE_0010   0x002274    program     static C:\MCC18\SRC\TRADIT~1\DELAYS\d10ktcyx.asm
       _D10KTCYXCODE_001C   0x002280    program     static C:\MCC18\SRC\TRADIT~1\DELAYS\d10ktcyx.asm
      ___case_-1_lbl00081   0x001f06    program     static                          
       ___case_1_lbl00082   0x001f0a    program     static                          
      ___case_21_lbl00075   0x001eee    program     static                          
      ___case_22_lbl00076   0x001ef2    program     static                          
      ___case_23_lbl00077   0x001ef6    program     static                          
       ___case_2_lbl00078   0x001efa    program     static                          
       ___case_3_lbl00080   0x001f02    program     static                          
       ___case_4_lbl00079   0x001efe    program     static                          
      ___default_lbl00083   0x001f0e    program     static                          
       ___return_lbl00000   0x001004    program     static                          
       ___return_lbl00000   0x000004    program     static                          
       ___return_lbl00001   0x00100c    program     static                          
       ___return_lbl00001   0x0022ac    program     static                          
       ___return_lbl00002   0x0021c8    program     static                          
       ___return_lbl00002   0x00101c    program     static                          
       ___return_lbl00003   0x00000c    program     static                          
       ___return_lbl00004   0x00001c    program     static                          
       ___return_lbl00073   0x001f14    program     static                          
   ___switchexit_lbl00074   0x001f10    program     static                          
               __config_0   0x300000    program     static C:\Users\LaRob\Desktop\Código SONAR Anderson\Sonar2-HEXAROTOR 2012\main.c
               __config_1   0x300001    program     static C:\Users\LaRob\Desktop\Código SONAR Anderson\Sonar2-HEXAROTOR 2012\main.c
              __config_10   0x30000c    program     static C:\Users\LaRob\Desktop\Código SONAR Anderson\Sonar2-HEXAROTOR 2012\main.c
              __config_11   0x30000d    program     static C:\Users\LaRob\Desktop\Código SONAR Anderson\Sonar2-HEXAROTOR 2012\main.c
               __config_2   0x300002    program     static C:\Users\LaRob\Desktop\Código SONAR Anderson\Sonar2-HEXAROTOR 2012\main.c
               __config_3   0x300003    program     static C:\Users\LaRob\Desktop\Código SONAR Anderson\Sonar2-HEXAROTOR 2012\main.c
               __config_4   0x300005    program     static C:\Users\LaRob\Desktop\Código SONAR Anderson\Sonar2-HEXAROTOR 2012\main.c
               __config_5   0x300006    program     static C:\Users\LaRob\Desktop\Código SONAR Anderson\Sonar2-HEXAROTOR 2012\main.c
               __config_6   0x300008    program     static C:\Users\LaRob\Desktop\Código SONAR Anderson\Sonar2-HEXAROTOR 2012\main.c
               __config_7   0x300009    program     static C:\Users\LaRob\Desktop\Código SONAR Anderson\Sonar2-HEXAROTOR 2012\main.c
               __config_8   0x30000a    program     static C:\Users\LaRob\Desktop\Código SONAR Anderson\Sonar2-HEXAROTOR 2012\main.c
               __config_9   0x30000b    program     static C:\Users\LaRob\Desktop\Código SONAR Anderson\Sonar2-HEXAROTOR 2012\main.c
                   __init   0x0022d0    program     extern C:\MCC18\src\TRADIT~1\stdclib\__init.c
                   __pa_0   0x001966    program     static C:\Microchip Solutions\Microchip\Usb\usb_device.c
                   __pa_0   0x001f1c    program     static C:\Users\LaRob\Desktop\Código SONAR Anderson\Sonar2-HEXAROTOR 2012\main.c
                   __pa_1   0x001974    program     static C:\Microchip Solutions\Microchip\Usb\usb_device.c
                   __pa_1   0x001f38    program     static C:\Users\LaRob\Desktop\Código SONAR Anderson\Sonar2-HEXAROTOR 2012\main.c
                  __pa_10   0x0019c6    program     static C:\Microchip Solutions\Microchip\Usb\usb_device.c
                  __pa_11   0x0019d6    program     static C:\Microchip Solutions\Microchip\Usb\usb_device.c
                  __pa_12   0x0019ea    program     static C:\Microchip Solutions\Microchip\Usb\usb_device.c
                  __pa_13   0x0019fc    program     static C:\Microchip Solutions\Microchip\Usb\usb_device.c
                  __pa_14   0x001a08    program     static C:\Microchip Solutions\Microchip\Usb\usb_device.c
                  __pa_15   0x001a24    program     static C:\Microchip Solutions\Microchip\Usb\usb_device.c
                  __pa_16   0x001a2e    program     static C:\Microchip Solutions\Microchip\Usb\usb_device.c
                  __pa_17   0x001a34    program     static C:\Microchip Solutions\Microchip\Usb\usb_device.c
                  __pa_18   0x001a38    program     static C:\Microchip Solutions\Microchip\Usb\usb_device.c
                  __pa_19   0x001a44    program     static C:\Microchip Solutions\Microchip\Usb\usb_device.c
                   __pa_2   0x001f4a    program     static C:\Users\LaRob\Desktop\Código SONAR Anderson\Sonar2-HEXAROTOR 2012\main.c
                   __pa_2   0x00197a    program     static C:\Microchip Solutions\Microchip\Usb\usb_device.c
                  __pa_20   0x001a50    program     static C:\Microchip Solutions\Microchip\Usb\usb_device.c
                  __pa_21   0x001a60    program     static C:\Microchip Solutions\Microchip\Usb\usb_device.c
                  __pa_22   0x001a70    program     static C:\Microchip Solutions\Microchip\Usb\usb_device.c
                  __pa_23   0x001a80    program     static C:\Microchip Solutions\Microchip\Usb\usb_device.c
                  __pa_24   0x001a8e    program     static C:\Microchip Solutions\Microchip\Usb\usb_device.c
                  __pa_25   0x001a9c    program     static C:\Microchip Solutions\Microchip\Usb\usb_device.c
                  __pa_26   0x001aaa    program     static C:\Microchip Solutions\Microchip\Usb\usb_device.c
                  __pa_27   0x001ab8    program     static C:\Microchip Solutions\Microchip\Usb\usb_device.c
                  __pa_28   0x001ac2    program     static C:\Microchip Solutions\Microchip\Usb\usb_device.c
                  __pa_29   0x001ade    program     static C:\Microchip Solutions\Microchip\Usb\usb_device.c
                   __pa_3   0x001984    program     static C:\Microchip Solutions\Microchip\Usb\usb_device.c
                   __pa_3   0x001f58    program     static C:\Users\LaRob\Desktop\Código SONAR Anderson\Sonar2-HEXAROTOR 2012\main.c
                  __pa_30   0x001aea    program     static C:\Microchip Solutions\Microchip\Usb\usb_device.c
                  __pa_31   0x001af6    program     static C:\Microchip Solutions\Microchip\Usb\usb_device.c
                  __pa_32   0x001b00    program     static C:\Microchip Solutions\Microchip\Usb\usb_device.c
                  __pa_33   0x001b12    program     static C:\Microchip Solutions\Microchip\Usb\usb_device.c
                  __pa_34   0x001b1a    program     static C:\Microchip Solutions\Microchip\Usb\usb_device.c
                  __pa_35   0x001b24    program     static C:\Microchip Solutions\Microchip\Usb\usb_device.c
                  __pa_36   0x001b2e    program     static C:\Microchip Solutions\Microchip\Usb\usb_device.c
                  __pa_37   0x001b3c    program     static C:\Microchip Solutions\Microchip\Usb\usb_device.c
                  __pa_38   0x001b4c    program     static C:\Microchip Solutions\Microchip\Usb\usb_device.c
                  __pa_39   0x001b5a    program     static C:\Microchip Solutions\Microchip\Usb\usb_device.c
                   __pa_4   0x00198c    program     static C:\Microchip Solutions\Microchip\Usb\usb_device.c
                   __pa_4   0x001f66    program     static C:\Users\LaRob\Desktop\Código SONAR Anderson\Sonar2-HEXAROTOR 2012\main.c
                  __pa_40   0x001b60    program     static C:\Microchip Solutions\Microchip\Usb\usb_device.c
                  __pa_41   0x001b68    program     static C:\Microchip Solutions\Microchip\Usb\usb_device.c
                  __pa_42   0x001b7e    program     static C:\Microchip Solutions\Microchip\Usb\usb_device.c
                   __pa_5   0x001f72    program     static C:\Users\LaRob\Desktop\Código SONAR Anderson\Sonar2-HEXAROTOR 2012\main.c
                   __pa_5   0x001996    program     static C:\Microchip Solutions\Microchip\Usb\usb_device.c
                   __pa_6   0x00199e    program     static C:\Microchip Solutions\Microchip\Usb\usb_device.c
                   __pa_6   0x001f7c    program     static C:\Users\LaRob\Desktop\Código SONAR Anderson\Sonar2-HEXAROTOR 2012\main.c
                   __pa_7   0x0019a2    program     static C:\Microchip Solutions\Microchip\Usb\usb_device.c
                   __pa_8   0x0019b0    program     static C:\Microchip Solutions\Microchip\Usb\usb_device.c
                   __pa_9   0x0019bc    program     static C:\Microchip Solutions\Microchip\Usb\usb_device.c
               __tmplbl_2   0x001ea2    program     static                          
              __tmplbl_25   0x001a34    program     static                          
               __tmplbl_3   0x001eae    program     static                          
              __tmplbl_30   0x001a34    program     static                          
               __tmplbl_4   0x001eb8    program     static                          
               __tmplbl_5   0x001ec2    program     static                          
               __tmplbl_6   0x001ecc    program     static                          
               __tmplbl_7   0x001ed6    program     static                          
               __tmplbl_8   0x001ee0    program     static                          
               __tmplbl_9   0x001eea    program     static                          
                _do_cinit   0x00212c    program     extern C:\MCC18\src\traditional\startup\c018i.c
                   _entry   0x000000    program     extern C:\MCC18\src\traditional\startup\c018i.c
                   _reset   0x001000    program     extern C:\Users\LaRob\Desktop\Código SONAR Anderson\Sonar2-HEXAROTOR 2012\main.c
                 _startup   0x002292    program     extern C:\MCC18\src\traditional\startup\c018i.c
        configDescriptor1   0x002078    program     extern C:\Users\LaRob\Desktop\Código SONAR Anderson\Sonar2-HEXAROTOR 2012\usb_descriptors.c
                copy_loop   0x00219e    program     static                          
            copy_one_byte   0x0021a4    program     static                          
               device_dsc   0x002066    program     extern C:\Users\LaRob\Desktop\Código SONAR Anderson\Sonar2-HEXAROTOR 2012\usb_descriptors.c
                     done   0x0021c8    program     static                          
             done_copying   0x0021b2    program     static                          
                hid_rpt01   0x002107    program     extern C:\Users\LaRob\Desktop\Código SONAR Anderson\Sonar2-HEXAROTOR 2012\usb_descriptors.c
                 initData   0x001cb4    program     extern C:\Users\LaRob\Desktop\Código SONAR Anderson\Sonar2-HEXAROTOR 2012\main.c
                     jEnd   0x002232    program     static C:\MCC18\SRC\TRADIT~1\STDCLIB\memset.asm
                    jLoop   0x002214    program     static C:\MCC18\SRC\TRADIT~1\STDCLIB\memset.asm
                     loop   0x0022a2    program     static                          
                     main   0x001c40    program     extern C:\Users\LaRob\Desktop\Código SONAR Anderson\Sonar2-HEXAROTOR 2012\main.c
                   memset   0x002200    program     extern C:\MCC18\SRC\TRADIT~1\STDCLIB\memset.asm
                 readData   0x001d22    program     extern C:\Users\LaRob\Desktop\Código SONAR Anderson\Sonar2-HEXAROTOR 2012\main.c
                    sd000   0x0020a1    program     extern C:\Users\LaRob\Desktop\Código SONAR Anderson\Sonar2-HEXAROTOR 2012\usb_descriptors.c
                    sd001   0x0020a5    program     extern C:\Users\LaRob\Desktop\Código SONAR Anderson\Sonar2-HEXAROTOR 2012\usb_descriptors.c
                    sd002   0x0020d9    program     extern C:\Users\LaRob\Desktop\Código SONAR Anderson\Sonar2-HEXAROTOR 2012\usb_descriptors.c
                     test   0x002146    program     static                          
                writeData   0x001cd8    program     extern C:\Users\LaRob\Desktop\Código SONAR Anderson\Sonar2-HEXAROTOR 2012\main.c
                   ADCON0   0x000fc2       data     extern C:\MCC18\SRC\TRADIT~1\PROC\p18f2550.asm
               ADCON0bits   0x000fc2       data     extern C:\MCC18\SRC\TRADIT~1\PROC\p18f2550.asm
                   ADCON1   0x000fc1       data     extern C:\MCC18\SRC\TRADIT~1\PROC\p18f2550.asm
               ADCON1bits   0x000fc1       data     extern C:\MCC18\SRC\TRADIT~1\PROC\p18f2550.asm
                   ADCON2   0x000fc0       data     extern C:\MCC18\SRC\TRADIT~1\PROC\p18f2550.asm
               ADCON2bits   0x000fc0       data     extern C:\MCC18\SRC\TRADIT~1\PROC\p18f2550.asm
                    ADRES   0x000fc3       data     extern C:\MCC18\SRC\TRADIT~1\PROC\p18f2550.asm
                   ADRESH   0x000fc4       data     extern C:\MCC18\SRC\TRADIT~1\PROC\p18f2550.asm
                   ADRESL   0x000fc3       data     extern C:\MCC18\SRC\TRADIT~1\PROC\p18f2550.asm
                  BAUDCON   0x000fb8       data     extern C:\MCC18\SRC\TRADIT~1\PROC\p18f2550.asm
              BAUDCONbits   0x000fb8       data     extern C:\MCC18\SRC\TRADIT~1\PROC\p18f2550.asm
                      BDT   0x000400       data     extern C:\Microchip Solutions\Microchip\Usb\usb_device.c
                      BSR   0x000fe0       data     extern C:\MCC18\SRC\TRADIT~1\PROC\p18f2550.asm
                   CCP1AS   0x000fb6       data     extern C:\MCC18\SRC\TRADIT~1\PROC\p18f2550.asm
               CCP1ASbits   0x000fb6       data     extern C:\MCC18\SRC\TRADIT~1\PROC\p18f2550.asm
                  CCP1CON   0x000fbd       data     extern C:\MCC18\SRC\TRADIT~1\PROC\p18f2550.asm
              CCP1CONbits   0x000fbd       data     extern C:\MCC18\SRC\TRADIT~1\PROC\p18f2550.asm
                  CCP1DEL   0x000fb7       data     extern C:\MCC18\SRC\TRADIT~1\PROC\p18f2550.asm
              CCP1DELbits   0x000fb7       data     extern C:\MCC18\SRC\TRADIT~1\PROC\p18f2550.asm
                  CCP2CON   0x000fba       data     extern C:\MCC18\SRC\TRADIT~1\PROC\p18f2550.asm
              CCP2CONbits   0x000fba       data     extern C:\MCC18\SRC\TRADIT~1\PROC\p18f2550.asm
                    CCPR1   0x000fbe       data     extern C:\MCC18\SRC\TRADIT~1\PROC\p18f2550.asm
                   CCPR1H   0x000fbf       data     extern C:\MCC18\SRC\TRADIT~1\PROC\p18f2550.asm
                   CCPR1L   0x000fbe       data     extern C:\MCC18\SRC\TRADIT~1\PROC\p18f2550.asm
                    CCPR2   0x000fbb       data     extern C:\MCC18\SRC\TRADIT~1\PROC\p18f2550.asm
                   CCPR2H   0x000fbc       data     extern C:\MCC18\SRC\TRADIT~1\PROC\p18f2550.asm
                   CCPR2L   0x000fbb       data     extern C:\MCC18\SRC\TRADIT~1\PROC\p18f2550.asm
                    CMCON   0x000fb4       data     extern C:\MCC18\SRC\TRADIT~1\PROC\p18f2550.asm
                CMCONbits   0x000fb4       data     extern C:\MCC18\SRC\TRADIT~1\PROC\p18f2550.asm
                   CVRCON   0x000fb5       data     extern C:\MCC18\SRC\TRADIT~1\PROC\p18f2550.asm
               CVRCONbits   0x000fb5       data     extern C:\MCC18\SRC\TRADIT~1\PROC\p18f2550.asm
              CtrlTrfData   0x000428       data     extern C:\Microchip Solutions\Microchip\Usb\usb_device.c
                     DDRA   0x000f92       data     extern C:\MCC18\SRC\TRADIT~1\PROC\p18f2550.asm
                 DDRAbits   0x000f92       data     extern C:\MCC18\SRC\TRADIT~1\PROC\p18f2550.asm
                     DDRB   0x000f93       data     extern C:\MCC18\SRC\TRADIT~1\PROC\p18f2550.asm
                 DDRBbits   0x000f93       data     extern C:\MCC18\SRC\TRADIT~1\PROC\p18f2550.asm
                     DDRC   0x000f94       data     extern C:\MCC18\SRC\TRADIT~1\PROC\p18f2550.asm
                 DDRCbits   0x000f94       data     extern C:\MCC18\SRC\TRADIT~1\PROC\p18f2550.asm
            DelayCounter1   0x00000f       data     extern C:\MCC18\SRC\TRADIT~1\DELAYS\delayd1.asm
            DelayCounter2   0x00000e       data     extern C:\MCC18\SRC\TRADIT~1\DELAYS\delayd2.asm
                  ECCP1AS   0x000fb6       data     extern C:\MCC18\SRC\TRADIT~1\PROC\p18f2550.asm
              ECCP1ASbits   0x000fb6       data     extern C:\MCC18\SRC\TRADIT~1\PROC\p18f2550.asm
                 ECCP1DEL   0x000fb7       data     extern C:\MCC18\SRC\TRADIT~1\PROC\p18f2550.asm
             ECCP1DELbits   0x000fb7       data     extern C:\MCC18\SRC\TRADIT~1\PROC\p18f2550.asm
                    EEADR   0x000fa9       data     extern C:\MCC18\SRC\TRADIT~1\PROC\p18f2550.asm
                   EECON1   0x000fa6       data     extern C:\MCC18\SRC\TRADIT~1\PROC\p18f2550.asm
               EECON1bits   0x000fa6       data     extern C:\MCC18\SRC\TRADIT~1\PROC\p18f2550.asm
                   EECON2   0x000fa7       data     extern C:\MCC18\SRC\TRADIT~1\PROC\p18f2550.asm
                   EEDATA   0x000fa8       data     extern C:\MCC18\SRC\TRADIT~1\PROC\p18f2550.asm
                     FSR0   0x000fe9       data     extern C:\MCC18\SRC\TRADIT~1\PROC\p18f2550.asm
                    FSR0H   0x000fea       data     extern C:\MCC18\SRC\TRADIT~1\PROC\p18f2550.asm
                    FSR0L   0x000fe9       data     extern C:\MCC18\SRC\TRADIT~1\PROC\p18f2550.asm
                     FSR1   0x000fe1       data     extern C:\MCC18\SRC\TRADIT~1\PROC\p18f2550.asm
                    FSR1H   0x000fe2       data     extern C:\MCC18\SRC\TRADIT~1\PROC\p18f2550.asm
                    FSR1L   0x000fe1       data     extern C:\MCC18\SRC\TRADIT~1\PROC\p18f2550.asm
                     FSR2   0x000fd9       data     extern C:\MCC18\SRC\TRADIT~1\PROC\p18f2550.asm
                    FSR2H   0x000fda       data     extern C:\MCC18\SRC\TRADIT~1\PROC\p18f2550.asm
                    FSR2L   0x000fd9       data     extern C:\MCC18\SRC\TRADIT~1\PROC\p18f2550.asm
                  HLVDCON   0x000fd2       data     extern C:\MCC18\SRC\TRADIT~1\PROC\p18f2550.asm
              HLVDCONbits   0x000fd2       data     extern C:\MCC18\SRC\TRADIT~1\PROC\p18f2550.asm
                    INDF0   0x000fef       data     extern C:\MCC18\SRC\TRADIT~1\PROC\p18f2550.asm
                    INDF1   0x000fe7       data     extern C:\MCC18\SRC\TRADIT~1\PROC\p18f2550.asm
                    INDF2   0x000fdf       data     extern C:\MCC18\SRC\TRADIT~1\PROC\p18f2550.asm
                   INTCON   0x000ff2       data     extern C:\MCC18\SRC\TRADIT~1\PROC\p18f2550.asm
                  INTCON2   0x000ff1       data     extern C:\MCC18\SRC\TRADIT~1\PROC\p18f2550.asm
              INTCON2bits   0x000ff1       data     extern C:\MCC18\SRC\TRADIT~1\PROC\p18f2550.asm
                  INTCON3   0x000ff0       data     extern C:\MCC18\SRC\TRADIT~1\PROC\p18f2550.asm
              INTCON3bits   0x000ff0       data     extern C:\MCC18\SRC\TRADIT~1\PROC\p18f2550.asm
               INTCONbits   0x000ff2       data     extern C:\MCC18\SRC\TRADIT~1\PROC\p18f2550.asm
                     IPR1   0x000f9f       data     extern C:\MCC18\SRC\TRADIT~1\PROC\p18f2550.asm
                 IPR1bits   0x000f9f       data     extern C:\MCC18\SRC\TRADIT~1\PROC\p18f2550.asm
                     IPR2   0x000fa2       data     extern C:\MCC18\SRC\TRADIT~1\PROC\p18f2550.asm
                 IPR2bits   0x000fa2       data     extern C:\MCC18\SRC\TRADIT~1\PROC\p18f2550.asm
                     LATA   0x000f89       data     extern C:\MCC18\SRC\TRADIT~1\PROC\p18f2550.asm
                 LATAbits   0x000f89       data     extern C:\MCC18\SRC\TRADIT~1\PROC\p18f2550.asm
                     LATB   0x000f8a       data     extern C:\MCC18\SRC\TRADIT~1\PROC\p18f2550.asm
                 LATBbits   0x000f8a       data     extern C:\MCC18\SRC\TRADIT~1\PROC\p18f2550.asm
                     LATC   0x000f8b       data     extern C:\MCC18\SRC\TRADIT~1\PROC\p18f2550.asm
                 LATCbits   0x000f8b       data     extern C:\MCC18\SRC\TRADIT~1\PROC\p18f2550.asm
                   LVDCON   0x000fd2       data     extern C:\MCC18\SRC\TRADIT~1\PROC\p18f2550.asm
               LVDCONbits   0x000fd2       data     extern C:\MCC18\SRC\TRADIT~1\PROC\p18f2550.asm
                   OSCCON   0x000fd3       data     extern C:\MCC18\SRC\TRADIT~1\PROC\p18f2550.asm
               OSCCONbits   0x000fd3       data     extern C:\MCC18\SRC\TRADIT~1\PROC\p18f2550.asm
                  OSCTUNE   0x000f9b       data     extern C:\MCC18\SRC\TRADIT~1\PROC\p18f2550.asm
              OSCTUNEbits   0x000f9b       data     extern C:\MCC18\SRC\TRADIT~1\PROC\p18f2550.asm
                       PC   0x000ff9       data     extern C:\MCC18\SRC\TRADIT~1\PROC\p18f2550.asm
                      PCL   0x000ff9       data     extern C:\MCC18\SRC\TRADIT~1\PROC\p18f2550.asm
                   PCLATH   0x000ffa       data     extern C:\MCC18\SRC\TRADIT~1\PROC\p18f2550.asm
                   PCLATU   0x000ffb       data     extern C:\MCC18\SRC\TRADIT~1\PROC\p18f2550.asm
                     PIE1   0x000f9d       data     extern C:\MCC18\SRC\TRADIT~1\PROC\p18f2550.asm
                 PIE1bits   0x000f9d       data     extern C:\MCC18\SRC\TRADIT~1\PROC\p18f2550.asm
                     PIE2   0x000fa0       data     extern C:\MCC18\SRC\TRADIT~1\PROC\p18f2550.asm
                 PIE2bits   0x000fa0       data     extern C:\MCC18\SRC\TRADIT~1\PROC\p18f2550.asm
                     PIR1   0x000f9e       data     extern C:\MCC18\SRC\TRADIT~1\PROC\p18f2550.asm
                 PIR1bits   0x000f9e       data     extern C:\MCC18\SRC\TRADIT~1\PROC\p18f2550.asm
                     PIR2   0x000fa1       data     extern C:\MCC18\SRC\TRADIT~1\PROC\p18f2550.asm
                 PIR2bits   0x000fa1       data     extern C:\MCC18\SRC\TRADIT~1\PROC\p18f2550.asm
                   PLUSW0   0x000feb       data     extern C:\MCC18\SRC\TRADIT~1\PROC\p18f2550.asm
                   PLUSW1   0x000fe3       data     extern C:\MCC18\SRC\TRADIT~1\PROC\p18f2550.asm
                   PLUSW2   0x000fdb       data     extern C:\MCC18\SRC\TRADIT~1\PROC\p18f2550.asm
                    PORTA   0x000f80       data     extern C:\MCC18\SRC\TRADIT~1\PROC\p18f2550.asm
                PORTAbits   0x000f80       data     extern C:\MCC18\SRC\TRADIT~1\PROC\p18f2550.asm
                    PORTB   0x000f81       data     extern C:\MCC18\SRC\TRADIT~1\PROC\p18f2550.asm
                PORTBbits   0x000f81       data     extern C:\MCC18\SRC\TRADIT~1\PROC\p18f2550.asm
                    PORTC   0x000f82       data     extern C:\MCC18\SRC\TRADIT~1\PROC\p18f2550.asm
                PORTCbits   0x000f82       data     extern C:\MCC18\SRC\TRADIT~1\PROC\p18f2550.asm
                    PORTE   0x000f84       data     extern C:\MCC18\SRC\TRADIT~1\PROC\p18f2550.asm
                PORTEbits   0x000f84       data     extern C:\MCC18\SRC\TRADIT~1\PROC\p18f2550.asm
                 POSTDEC0   0x000fed       data     extern C:\MCC18\SRC\TRADIT~1\PROC\p18f2550.asm
                 POSTDEC1   0x000fe5       data     extern C:\MCC18\SRC\TRADIT~1\PROC\p18f2550.asm
                 POSTDEC2   0x000fdd       data     extern C:\MCC18\SRC\TRADIT~1\PROC\p18f2550.asm
                 POSTINC0   0x000fee       data     extern C:\MCC18\SRC\TRADIT~1\PROC\p18f2550.asm
                 POSTINC1   0x000fe6       data     extern C:\MCC18\SRC\TRADIT~1\PROC\p18f2550.asm
                 POSTINC2   0x000fde       data     extern C:\MCC18\SRC\TRADIT~1\PROC\p18f2550.asm
                      PR2   0x000fcb       data     extern C:\MCC18\SRC\TRADIT~1\PROC\p18f2550.asm
                  PREINC0   0x000fec       data     extern C:\MCC18\SRC\TRADIT~1\PROC\p18f2550.asm
                  PREINC1   0x000fe4       data     extern C:\MCC18\SRC\TRADIT~1\PROC\p18f2550.asm
                  PREINC2   0x000fdc       data     extern C:\MCC18\SRC\TRADIT~1\PROC\p18f2550.asm
                     PROD   0x000ff3       data     extern C:\MCC18\SRC\TRADIT~1\PROC\p18f2550.asm
                    PRODH   0x000ff4       data     extern C:\MCC18\SRC\TRADIT~1\PROC\p18f2550.asm
                    PRODL   0x000ff3       data     extern C:\MCC18\SRC\TRADIT~1\PROC\p18f2550.asm
                     RCON   0x000fd0       data     extern C:\MCC18\SRC\TRADIT~1\PROC\p18f2550.asm
                 RCONbits   0x000fd0       data     extern C:\MCC18\SRC\TRADIT~1\PROC\p18f2550.asm
                    RCREG   0x000fae       data     extern C:\MCC18\SRC\TRADIT~1\PROC\p18f2550.asm
                    RCSTA   0x000fab       data     extern C:\MCC18\SRC\TRADIT~1\PROC\p18f2550.asm
                RCSTAbits   0x000fab       data     extern C:\MCC18\SRC\TRADIT~1\PROC\p18f2550.asm
       ReceivedDataBuffer   0x000500       data     extern C:\Users\LaRob\Desktop\Código SONAR Anderson\Sonar2-HEXAROTOR 2012\main.c
             RemoteWakeup   0x00007f       data     extern C:\Microchip Solutions\Microchip\Usb\usb_device.c
                     SIGN   0x000009       data     extern C:\MCC18\SRC\TRADIT~1\MATH\cmath18.asm
                    SPBRG   0x000faf       data     extern C:\MCC18\SRC\TRADIT~1\PROC\p18f2550.asm
                   SPBRGH   0x000fb0       data     extern C:\MCC18\SRC\TRADIT~1\PROC\p18f2550.asm
                   SSPADD   0x000fc8       data     extern C:\MCC18\SRC\TRADIT~1\PROC\p18f2550.asm
                   SSPBUF   0x000fc9       data     extern C:\MCC18\SRC\TRADIT~1\PROC\p18f2550.asm
                  SSPCON1   0x000fc6       data     extern C:\MCC18\SRC\TRADIT~1\PROC\p18f2550.asm
              SSPCON1bits   0x000fc6       data     extern C:\MCC18\SRC\TRADIT~1\PROC\p18f2550.asm
                  SSPCON2   0x000fc5       data     extern C:\MCC18\SRC\TRADIT~1\PROC\p18f2550.asm
              SSPCON2bits   0x000fc5       data     extern C:\MCC18\SRC\TRADIT~1\PROC\p18f2550.asm
                  SSPSTAT   0x000fc7       data     extern C:\MCC18\SRC\TRADIT~1\PROC\p18f2550.asm
              SSPSTATbits   0x000fc7       data     extern C:\MCC18\SRC\TRADIT~1\PROC\p18f2550.asm
                   STATUS   0x000fd8       data     extern C:\MCC18\SRC\TRADIT~1\PROC\p18f2550.asm
               STATUSbits   0x000fd8       data     extern C:\MCC18\SRC\TRADIT~1\PROC\p18f2550.asm
                   STKPTR   0x000ffc       data     extern C:\MCC18\SRC\TRADIT~1\PROC\p18f2550.asm
               STKPTRbits   0x000ffc       data     extern C:\MCC18\SRC\TRADIT~1\PROC\p18f2550.asm
                 SetupPkt   0x000420       data     extern C:\Microchip Solutions\Microchip\Usb\usb_device.c
                    T0CON   0x000fd5       data     extern C:\MCC18\SRC\TRADIT~1\PROC\p18f2550.asm
                T0CONbits   0x000fd5       data     extern C:\MCC18\SRC\TRADIT~1\PROC\p18f2550.asm
                    T1CON   0x000fcd       data     extern C:\MCC18\SRC\TRADIT~1\PROC\p18f2550.asm
                T1CONbits   0x000fcd       data     extern C:\MCC18\SRC\TRADIT~1\PROC\p18f2550.asm
                    T2CON   0x000fca       data     extern C:\MCC18\SRC\TRADIT~1\PROC\p18f2550.asm
                T2CONbits   0x000fca       data     extern C:\MCC18\SRC\TRADIT~1\PROC\p18f2550.asm
                    T3CON   0x000fb1       data     extern C:\MCC18\SRC\TRADIT~1\PROC\p18f2550.asm
                T3CONbits   0x000fb1       data     extern C:\MCC18\SRC\TRADIT~1\PROC\p18f2550.asm
                   TABLAT   0x000ff5       data     extern C:\MCC18\SRC\TRADIT~1\PROC\p18f2550.asm
                   TBLPTR   0x000ff6       data     extern C:\MCC18\SRC\TRADIT~1\PROC\p18f2550.asm
                  TBLPTRH   0x000ff7       data     extern C:\MCC18\SRC\TRADIT~1\PROC\p18f2550.asm
                  TBLPTRL   0x000ff6       data     extern C:\MCC18\SRC\TRADIT~1\PROC\p18f2550.asm
                  TBLPTRU   0x000ff8       data     extern C:\MCC18\SRC\TRADIT~1\PROC\p18f2550.asm
                    TMR0H   0x000fd7       data     extern C:\MCC18\SRC\TRADIT~1\PROC\p18f2550.asm
                    TMR0L   0x000fd6       data     extern C:\MCC18\SRC\TRADIT~1\PROC\p18f2550.asm
                    TMR1H   0x000fcf       data     extern C:\MCC18\SRC\TRADIT~1\PROC\p18f2550.asm
                    TMR1L   0x000fce       data     extern C:\MCC18\SRC\TRADIT~1\PROC\p18f2550.asm
                     TMR2   0x000fcc       data     extern C:\MCC18\SRC\TRADIT~1\PROC\p18f2550.asm
                    TMR3H   0x000fb3       data     extern C:\MCC18\SRC\TRADIT~1\PROC\p18f2550.asm
                    TMR3L   0x000fb2       data     extern C:\MCC18\SRC\TRADIT~1\PROC\p18f2550.asm
                      TOS   0x000ffd       data     extern C:\MCC18\SRC\TRADIT~1\PROC\p18f2550.asm
                     TOSH   0x000ffe       data     extern C:\MCC18\SRC\TRADIT~1\PROC\p18f2550.asm
                     TOSL   0x000ffd       data     extern C:\MCC18\SRC\TRADIT~1\PROC\p18f2550.asm
                     TOSU   0x000fff       data     extern C:\MCC18\SRC\TRADIT~1\PROC\p18f2550.asm
                    TRISA   0x000f92       data     extern C:\MCC18\SRC\TRADIT~1\PROC\p18f2550.asm
                TRISAbits   0x000f92       data     extern C:\MCC18\SRC\TRADIT~1\PROC\p18f2550.asm
                    TRISB   0x000f93       data     extern C:\MCC18\SRC\TRADIT~1\PROC\p18f2550.asm
                TRISBbits   0x000f93       data     extern C:\MCC18\SRC\TRADIT~1\PROC\p18f2550.asm
                    TRISC   0x000f94       data     extern C:\MCC18\SRC\TRADIT~1\PROC\p18f2550.asm
                TRISCbits   0x000f94       data     extern C:\MCC18\SRC\TRADIT~1\PROC\p18f2550.asm
                    TXREG   0x000fad       data     extern C:\MCC18\SRC\TRADIT~1\PROC\p18f2550.asm
                    TXSTA   0x000fac       data     extern C:\MCC18\SRC\TRADIT~1\PROC\p18f2550.asm
                TXSTAbits   0x000fac       data     extern C:\MCC18\SRC\TRADIT~1\PROC\p18f2550.asm
         ToSendDataBuffer   0x000540       data     extern C:\Users\LaRob\Desktop\Código SONAR Anderson\Sonar2-HEXAROTOR 2012\main.c
                    UADDR   0x000f6e       data     extern C:\MCC18\SRC\TRADIT~1\PROC\p18f2550.asm
                UADDRbits   0x000f6e       data     extern C:\MCC18\SRC\TRADIT~1\PROC\p18f2550.asm
                     UCFG   0x000f6f       data     extern C:\MCC18\SRC\TRADIT~1\PROC\p18f2550.asm
                 UCFGbits   0x000f6f       data     extern C:\MCC18\SRC\TRADIT~1\PROC\p18f2550.asm
                     UCON   0x000f6d       data     extern C:\MCC18\SRC\TRADIT~1\PROC\p18f2550.asm
                 UCONbits   0x000f6d       data     extern C:\MCC18\SRC\TRADIT~1\PROC\p18f2550.asm
                     UEIE   0x000f6b       data     extern C:\MCC18\SRC\TRADIT~1\PROC\p18f2550.asm
                 UEIEbits   0x000f6b       data     extern C:\MCC18\SRC\TRADIT~1\PROC\p18f2550.asm
                     UEIR   0x000f6a       data     extern C:\MCC18\SRC\TRADIT~1\PROC\p18f2550.asm
                 UEIRbits   0x000f6a       data     extern C:\MCC18\SRC\TRADIT~1\PROC\p18f2550.asm
                     UEP0   0x000f70       data     extern C:\MCC18\SRC\TRADIT~1\PROC\p18f2550.asm
                 UEP0bits   0x000f70       data     extern C:\MCC18\SRC\TRADIT~1\PROC\p18f2550.asm
                     UEP1   0x000f71       data     extern C:\MCC18\SRC\TRADIT~1\PROC\p18f2550.asm
                    UEP10   0x000f7a       data     extern C:\MCC18\SRC\TRADIT~1\PROC\p18f2550.asm
                UEP10bits   0x000f7a       data     extern C:\MCC18\SRC\TRADIT~1\PROC\p18f2550.asm
                    UEP11   0x000f7b       data     extern C:\MCC18\SRC\TRADIT~1\PROC\p18f2550.asm
                UEP11bits   0x000f7b       data     extern C:\MCC18\SRC\TRADIT~1\PROC\p18f2550.asm
                    UEP12   0x000f7c       data     extern C:\MCC18\SRC\TRADIT~1\PROC\p18f2550.asm
                UEP12bits   0x000f7c       data     extern C:\MCC18\SRC\TRADIT~1\PROC\p18f2550.asm
                    UEP13   0x000f7d       data     extern C:\MCC18\SRC\TRADIT~1\PROC\p18f2550.asm
                UEP13bits   0x000f7d       data     extern C:\MCC18\SRC\TRADIT~1\PROC\p18f2550.asm
                    UEP14   0x000f7e       data     extern C:\MCC18\SRC\TRADIT~1\PROC\p18f2550.asm
                UEP14bits   0x000f7e       data     extern C:\MCC18\SRC\TRADIT~1\PROC\p18f2550.asm
                    UEP15   0x000f7f       data     extern C:\MCC18\SRC\TRADIT~1\PROC\p18f2550.asm
                UEP15bits   0x000f7f       data     extern C:\MCC18\SRC\TRADIT~1\PROC\p18f2550.asm
                 UEP1bits   0x000f71       data     extern C:\MCC18\SRC\TRADIT~1\PROC\p18f2550.asm
                     UEP2   0x000f72       data     extern C:\MCC18\SRC\TRADIT~1\PROC\p18f2550.asm
                 UEP2bits   0x000f72       data     extern C:\MCC18\SRC\TRADIT~1\PROC\p18f2550.asm
                     UEP3   0x000f73       data     extern C:\MCC18\SRC\TRADIT~1\PROC\p18f2550.asm
                 UEP3bits   0x000f73       data     extern C:\MCC18\SRC\TRADIT~1\PROC\p18f2550.asm
                     UEP4   0x000f74       data     extern C:\MCC18\SRC\TRADIT~1\PROC\p18f2550.asm
                 UEP4bits   0x000f74       data     extern C:\MCC18\SRC\TRADIT~1\PROC\p18f2550.asm
                     UEP5   0x000f75       data     extern C:\MCC18\SRC\TRADIT~1\PROC\p18f2550.asm
                 UEP5bits   0x000f75       data     extern C:\MCC18\SRC\TRADIT~1\PROC\p18f2550.asm
                     UEP6   0x000f76       data     extern C:\MCC18\SRC\TRADIT~1\PROC\p18f2550.asm
                 UEP6bits   0x000f76       data     extern C:\MCC18\SRC\TRADIT~1\PROC\p18f2550.asm
                     UEP7   0x000f77       data     extern C:\MCC18\SRC\TRADIT~1\PROC\p18f2550.asm
                 UEP7bits   0x000f77       data     extern C:\MCC18\SRC\TRADIT~1\PROC\p18f2550.asm
                     UEP8   0x000f78       data     extern C:\MCC18\SRC\TRADIT~1\PROC\p18f2550.asm
                 UEP8bits   0x000f78       data     extern C:\MCC18\SRC\TRADIT~1\PROC\p18f2550.asm
                     UEP9   0x000f79       data     extern C:\MCC18\SRC\TRADIT~1\PROC\p18f2550.asm
                 UEP9bits   0x000f79       data     extern C:\MCC18\SRC\TRADIT~1\PROC\p18f2550.asm
                     UFRM   0x000f66       data     extern C:\MCC18\SRC\TRADIT~1\PROC\p18f2550.asm
                    UFRMH   0x000f67       data     extern C:\MCC18\SRC\TRADIT~1\PROC\p18f2550.asm
                UFRMHbits   0x000f67       data     extern C:\MCC18\SRC\TRADIT~1\PROC\p18f2550.asm
                    UFRML   0x000f66       data     extern C:\MCC18\SRC\TRADIT~1\PROC\p18f2550.asm
                UFRMLbits   0x000f66       data     extern C:\MCC18\SRC\TRADIT~1\PROC\p18f2550.asm
                      UIE   0x000f69       data     extern C:\MCC18\SRC\TRADIT~1\PROC\p18f2550.asm
                  UIEbits   0x000f69       data     extern C:\MCC18\SRC\TRADIT~1\PROC\p18f2550.asm
                      UIR   0x000f68       data     extern C:\MCC18\SRC\TRADIT~1\PROC\p18f2550.asm
                  UIRbits   0x000f68       data     extern C:\MCC18\SRC\TRADIT~1\PROC\p18f2550.asm
   USBActiveConfiguration   0x000061       data     extern C:\Microchip Solutions\Microchip\Usb\usb_device.c
    USBAlternateInterface   0x000062       data     extern C:\Microchip Solutions\Microchip\Usb\usb_device.c
           USBDeviceState   0x000060       data     extern C:\Microchip Solutions\Microchip\Usb\usb_device.c
                USBInData   0x000083       data     extern C:\Microchip Solutions\Microchip\Usb\usb_device.c
              USBInHandle   0x000087       data     extern C:\Users\LaRob\Desktop\Código SONAR Anderson\Sonar2-HEXAROTOR 2012\main.c
       USBInMaxPacketSize   0x000081       data     extern C:\Microchip Solutions\Microchip\Usb\usb_device.c
             USBOutHandle   0x000085       data     extern C:\Users\LaRob\Desktop\Código SONAR Anderson\Sonar2-HEXAROTOR 2012\main.c
                    USTAT   0x000f6c       data     extern C:\MCC18\SRC\TRADIT~1\PROC\p18f2550.asm
                USTATbits   0x000f6c       data     extern C:\MCC18\SRC\TRADIT~1\PROC\p18f2550.asm
                USTATcopy   0x000080       data     extern C:\Microchip Solutions\Microchip\Usb\usb_device.c
                   WDTCON   0x000fd1       data     extern C:\MCC18\SRC\TRADIT~1\PROC\p18f2550.asm
               WDTCONbits   0x000fd1       data     extern C:\MCC18\SRC\TRADIT~1\PROC\p18f2550.asm
                     WREG   0x000fe8       data     extern C:\MCC18\SRC\TRADIT~1\PROC\p18f2550.asm
                 __AARGB0   0x000007       data     extern C:\MCC18\SRC\TRADIT~1\MATH\aarg.asm
                 __AARGB1   0x000006       data     extern C:\MCC18\SRC\TRADIT~1\MATH\aarg.asm
                 __AARGB2   0x000005       data     extern C:\MCC18\SRC\TRADIT~1\MATH\aarg.asm
                 __AARGB3   0x000004       data     extern C:\MCC18\SRC\TRADIT~1\MATH\aarg.asm
                 __AARGB4   0x000003       data     extern C:\MCC18\SRC\TRADIT~1\MATH\aarg.asm
                 __AARGB5   0x000002       data     extern C:\MCC18\SRC\TRADIT~1\MATH\aarg.asm
                 __AARGB6   0x000001       data     extern C:\MCC18\SRC\TRADIT~1\MATH\aarg.asm
                 __AARGB7   0x000000       data     extern C:\MCC18\SRC\TRADIT~1\MATH\aarg.asm
                   __AEXP   0x000008       data     extern C:\MCC18\SRC\TRADIT~1\MATH\aarg.asm
                __FPFLAGS   0x00000a       data     extern C:\MCC18\SRC\TRADIT~1\MATH\cmath18.asm
            __FPFLAGSbits   0x00000a       data     extern C:\MCC18\SRC\TRADIT~1\MATH\cmath18.asm
                  __REMB0   0x000003       data     extern C:\MCC18\SRC\TRADIT~1\MATH\aarg.asm
                  __REMB1   0x000002       data     extern C:\MCC18\SRC\TRADIT~1\MATH\aarg.asm
                  __REMB2   0x000001       data     extern C:\MCC18\SRC\TRADIT~1\MATH\aarg.asm
                  __REMB3   0x000000       data     extern C:\MCC18\SRC\TRADIT~1\MATH\aarg.asm
                  __tmp_0   0x00000b       data     static C:\Microchip Solutions\Microchip\Usb\usb_device.c
                  __tmp_0   0x00000b       data     static C:\MCC18\src\TRADIT~1\pmc\i2c\i2c_idle.c
                  __tmp_0   0x00000b       data     static C:\Users\LaRob\Desktop\Código SONAR Anderson\Sonar2-HEXAROTOR 2012\main.c
          active_protocol   0x0000ae       data     extern C:\Microchip Solutions\Microchip\Usb\HID Device Driver\usb_function_hid.c
                    addr1   0x000098       data     extern C:\Users\LaRob\Desktop\Código SONAR Anderson\Sonar2-HEXAROTOR 2012\main.c
                    aux_1   0x000091       data     extern C:\Users\LaRob\Desktop\Código SONAR Anderson\Sonar2-HEXAROTOR 2012\main.c
                    aux_2   0x000092       data     extern C:\Users\LaRob\Desktop\Código SONAR Anderson\Sonar2-HEXAROTOR 2012\main.c
              bufferUSART   0x000580       data     extern C:\Users\LaRob\Desktop\Código SONAR Anderson\Sonar2-HEXAROTOR 2012\main.c
     controlTransferState   0x000070       data     extern C:\Microchip Solutions\Microchip\Usb\usb_device.c
                curr_byte   0x0000a6       data     static C:\MCC18\src\traditional\startup\c018i.c
               curr_entry   0x0000a8       data     static C:\MCC18\src\traditional\startup\c018i.c
                     data   0x00008b       data     extern C:\Users\LaRob\Desktop\Código SONAR Anderson\Sonar2-HEXAROTOR 2012\main.c
                 data_ptr   0x0000aa       data     static C:\MCC18\src\traditional\startup\c018i.c
              delay_count   0x0000a1       data     static C:\Users\LaRob\Desktop\Código SONAR Anderson\Sonar2-HEXAROTOR 2012\main.c
              finish_byte   0x00008d       data     extern C:\Users\LaRob\Desktop\Código SONAR Anderson\Sonar2-HEXAROTOR 2012\main.c
            hid_report_in   0x000433       data     extern C:\Microchip Solutions\Microchip\Usb\usb_device.c
           hid_report_out   0x000430       data     extern C:\Microchip Solutions\Microchip\Usb\usb_device.c
           hid_rpt_rx_len   0x0000af       data     extern C:\Microchip Solutions\Microchip\Usb\HID Device Driver\usb_function_hid.c
                        i   0x000095       data     extern C:\Users\LaRob\Desktop\Código SONAR Anderson\Sonar2-HEXAROTOR 2012\main.c
                idle_rate   0x0000ad       data     extern C:\Microchip Solutions\Microchip\Usb\HID Device Driver\usb_function_hid.c
                  inPipes   0x000071       data     extern C:\Microchip Solutions\Microchip\Usb\usb_device.c
             inicializado   0x000093       data     extern C:\Users\LaRob\Desktop\Código SONAR Anderson\Sonar2-HEXAROTOR 2012\main.c
                        j   0x00009b       data     static C:\Users\LaRob\Desktop\Código SONAR Anderson\Sonar2-HEXAROTOR 2012\main.c
                        k   0x00009f       data     static C:\Users\LaRob\Desktop\Código SONAR Anderson\Sonar2-HEXAROTOR 2012\main.c
                        l   0x00009d       data     static C:\Users\LaRob\Desktop\Código SONAR Anderson\Sonar2-HEXAROTOR 2012\main.c
                   length   0x00009a       data     extern C:\Users\LaRob\Desktop\Código SONAR Anderson\Sonar2-HEXAROTOR 2012\main.c
                 outPipes   0x000076       data     extern C:\Microchip Solutions\Microchip\Usb\usb_device.c
   pBDTEntryEP0OutCurrent   0x000063       data     extern C:\Microchip Solutions\Microchip\Usb\usb_device.c
      pBDTEntryEP0OutNext   0x000065       data     extern C:\Microchip Solutions\Microchip\Usb\usb_device.c
              pBDTEntryIn   0x00006b       data     extern C:\Microchip Solutions\Microchip\Usb\usb_device.c
             pBDTEntryOut   0x000067       data     extern C:\Microchip Solutions\Microchip\Usb\usb_device.c
                     pDst   0x00007d       data     extern C:\Microchip Solutions\Microchip\Usb\usb_device.c
                     prom   0x0000a3       data     static C:\MCC18\src\traditional\startup\c018i.c
                  reading   0x00008c       data     extern C:\Users\LaRob\Desktop\Código SONAR Anderson\Sonar2-HEXAROTOR 2012\main.c
              ready_to_tx   0x00008e       data     extern C:\Users\LaRob\Desktop\Código SONAR Anderson\Sonar2-HEXAROTOR 2012\main.c
             receptor_aux   0x000097       data     extern C:\Users\LaRob\Desktop\Código SONAR Anderson\Sonar2-HEXAROTOR 2012\main.c
        shortPacketStatus   0x00006f       data     extern C:\Microchip Solutions\Microchip\Usb\usb_device.c
                     slew   0x000090       data     extern C:\Users\LaRob\Desktop\Código SONAR Anderson\Sonar2-HEXAROTOR 2012\main.c
                   status   0x000099       data     extern C:\Users\LaRob\Desktop\Código SONAR Anderson\Sonar2-HEXAROTOR 2012\main.c
                sync_mode   0x00008f       data     extern C:\Users\LaRob\Desktop\Código SONAR Anderson\Sonar2-HEXAROTOR 2012\main.c
                        w   0x000089       data     extern C:\Users\LaRob\Desktop\Código SONAR Anderson\Sonar2-HEXAROTOR 2012\main.c



                              Symbols - Sorted by Address
                     Name    Address   Location    Storage File                     
                ---------  ---------  ---------  --------- ---------                
                   _entry   0x000000    program     extern C:\MCC18\src\traditional\startup\c018i.c
       ___return_lbl00000   0x000004    program     static                          
                 High_ISR   0x000008    program     extern C:\Users\LaRob\Desktop\Código SONAR Anderson\Sonar2-HEXAROTOR 2012\main.c
       ___return_lbl00003   0x00000c    program     static                          
                  Low_ISR   0x000018    program     extern C:\Users\LaRob\Desktop\Código SONAR Anderson\Sonar2-HEXAROTOR 2012\main.c
       ___return_lbl00004   0x00001c    program     static                          
                   _reset   0x001000    program     extern C:\Users\LaRob\Desktop\Código SONAR Anderson\Sonar2-HEXAROTOR 2012\main.c
       ___return_lbl00000   0x001004    program     static                          
        Remapped_High_ISR   0x001008    program     extern C:\Users\LaRob\Desktop\Código SONAR Anderson\Sonar2-HEXAROTOR 2012\main.c
       ___return_lbl00001   0x00100c    program     static                          
         Remapped_Low_ISR   0x001018    program     extern C:\Users\LaRob\Desktop\Código SONAR Anderson\Sonar2-HEXAROTOR 2012\main.c
       ___return_lbl00002   0x00101c    program     static                          
            USBDeviceInit   0x001038    program     extern C:\Microchip Solutions\Microchip\Usb\usb_device.c
           USBDeviceTasks   0x00109e    program     extern C:\Microchip Solutions\Microchip\Usb\usb_device.c
          USBStallHandler   0x0011a0    program     extern C:\Microchip Solutions\Microchip\Usb\usb_device.c
               USBSuspend   0x0011c6    program     extern C:\Microchip Solutions\Microchip\Usb\usb_device.c
       USBWakeFromSuspend   0x0011d8    program     extern C:\Microchip Solutions\Microchip\Usb\usb_device.c
         USBCtrlEPService   0x0011f0    program     extern C:\Microchip Solutions\Microchip\Usb\usb_device.c
   USBCtrlTrfSetupHandler   0x001236    program     extern C:\Microchip Solutions\Microchip\Usb\usb_device.c
     USBCtrlTrfOutHandler   0x00125a    program     extern C:\Microchip Solutions\Microchip\Usb\usb_device.c
      USBCtrlTrfInHandler   0x00126a    program     extern C:\Microchip Solutions\Microchip\Usb\usb_device.c
USBPrepareForNextSetupTrf   0x0012c2    program     extern C:\Microchip Solutions\Microchip\Usb\usb_device.c
       USBCheckStdRequest   0x001374    program     extern C:\Microchip Solutions\Microchip\Usb\usb_device.c
  USBStdFeatureReqHandler   0x00141c    program     extern C:\Microchip Solutions\Microchip\Usb\usb_device.c
      USBStdGetDscHandler   0x0014dc    program     extern C:\Microchip Solutions\Microchip\Usb\usb_device.c
   USBStdGetStatusHandler   0x00155e    program     extern C:\Microchip Solutions\Microchip\Usb\usb_device.c
 USBCtrlEPServiceComplete   0x0015da    program     extern C:\Microchip Solutions\Microchip\Usb\usb_device.c
      USBCtrlTrfTxService   0x00164a    program     extern C:\Microchip Solutions\Microchip\Usb\usb_device.c
      USBCtrlTrfRxService   0x0016ee    program     extern C:\Microchip Solutions\Microchip\Usb\usb_device.c
      USBStdSetCfgHandler   0x0017a0    program     extern C:\Microchip Solutions\Microchip\Usb\usb_device.c
     USBConfigureEndpoint   0x0017d6    program     extern C:\Microchip Solutions\Microchip\Usb\usb_device.c
        USBEnableEndpoint   0x00184c    program     extern C:\Microchip Solutions\Microchip\Usb\usb_device.c
         USBStallEndpoint   0x001884    program     extern C:\Microchip Solutions\Microchip\Usb\usb_device.c
     USBTransferOnePacket   0x0018aa    program     extern C:\Microchip Solutions\Microchip\Usb\usb_device.c
    USBClearInterruptFlag   0x001910    program     extern C:\Microchip Solutions\Microchip\Usb\usb_device.c
          USBDeviceDetach   0x00193a    program     extern C:\Microchip Solutions\Microchip\Usb\usb_device.c
          USBDeviceAttach   0x00193c    program     extern C:\Microchip Solutions\Microchip\Usb\usb_device.c
                   __pa_0   0x001966    program     static C:\Microchip Solutions\Microchip\Usb\usb_device.c
                   __pa_1   0x001974    program     static C:\Microchip Solutions\Microchip\Usb\usb_device.c
                   __pa_2   0x00197a    program     static C:\Microchip Solutions\Microchip\Usb\usb_device.c
                   __pa_3   0x001984    program     static C:\Microchip Solutions\Microchip\Usb\usb_device.c
                   __pa_4   0x00198c    program     static C:\Microchip Solutions\Microchip\Usb\usb_device.c
                   __pa_5   0x001996    program     static C:\Microchip Solutions\Microchip\Usb\usb_device.c
                   __pa_6   0x00199e    program     static C:\Microchip Solutions\Microchip\Usb\usb_device.c
                   __pa_7   0x0019a2    program     static C:\Microchip Solutions\Microchip\Usb\usb_device.c
                   __pa_8   0x0019b0    program     static C:\Microchip Solutions\Microchip\Usb\usb_device.c
                   __pa_9   0x0019bc    program     static C:\Microchip Solutions\Microchip\Usb\usb_device.c
                  __pa_10   0x0019c6    program     static C:\Microchip Solutions\Microchip\Usb\usb_device.c
                  __pa_11   0x0019d6    program     static C:\Microchip Solutions\Microchip\Usb\usb_device.c
                  __pa_12   0x0019ea    program     static C:\Microchip Solutions\Microchip\Usb\usb_device.c
                  __pa_13   0x0019fc    program     static C:\Microchip Solutions\Microchip\Usb\usb_device.c
                  __pa_14   0x001a08    program     static C:\Microchip Solutions\Microchip\Usb\usb_device.c
                  __pa_15   0x001a24    program     static C:\Microchip Solutions\Microchip\Usb\usb_device.c
                  __pa_16   0x001a2e    program     static C:\Microchip Solutions\Microchip\Usb\usb_device.c
                  __pa_17   0x001a34    program     static C:\Microchip Solutions\Microchip\Usb\usb_device.c
              __tmplbl_30   0x001a34    program     static                          
              __tmplbl_25   0x001a34    program     static                          
                  __pa_18   0x001a38    program     static C:\Microchip Solutions\Microchip\Usb\usb_device.c
                  __pa_19   0x001a44    program     static C:\Microchip Solutions\Microchip\Usb\usb_device.c
                  __pa_20   0x001a50    program     static C:\Microchip Solutions\Microchip\Usb\usb_device.c
                  __pa_21   0x001a60    program     static C:\Microchip Solutions\Microchip\Usb\usb_device.c
                  __pa_22   0x001a70    program     static C:\Microchip Solutions\Microchip\Usb\usb_device.c
                  __pa_23   0x001a80    program     static C:\Microchip Solutions\Microchip\Usb\usb_device.c
                  __pa_24   0x001a8e    program     static C:\Microchip Solutions\Microchip\Usb\usb_device.c
                  __pa_25   0x001a9c    program     static C:\Microchip Solutions\Microchip\Usb\usb_device.c
                  __pa_26   0x001aaa    program     static C:\Microchip Solutions\Microchip\Usb\usb_device.c
                  __pa_27   0x001ab8    program     static C:\Microchip Solutions\Microchip\Usb\usb_device.c
                  __pa_28   0x001ac2    program     static C:\Microchip Solutions\Microchip\Usb\usb_device.c
                  __pa_29   0x001ade    program     static C:\Microchip Solutions\Microchip\Usb\usb_device.c
                  __pa_30   0x001aea    program     static C:\Microchip Solutions\Microchip\Usb\usb_device.c
                  __pa_31   0x001af6    program     static C:\Microchip Solutions\Microchip\Usb\usb_device.c
                  __pa_32   0x001b00    program     static C:\Microchip Solutions\Microchip\Usb\usb_device.c
                  __pa_33   0x001b12    program     static C:\Microchip Solutions\Microchip\Usb\usb_device.c
                  __pa_34   0x001b1a    program     static C:\Microchip Solutions\Microchip\Usb\usb_device.c
                  __pa_35   0x001b24    program     static C:\Microchip Solutions\Microchip\Usb\usb_device.c
                  __pa_36   0x001b2e    program     static C:\Microchip Solutions\Microchip\Usb\usb_device.c
                  __pa_37   0x001b3c    program     static C:\Microchip Solutions\Microchip\Usb\usb_device.c
                  __pa_38   0x001b4c    program     static C:\Microchip Solutions\Microchip\Usb\usb_device.c
                  __pa_39   0x001b5a    program     static C:\Microchip Solutions\Microchip\Usb\usb_device.c
                  __pa_40   0x001b60    program     static C:\Microchip Solutions\Microchip\Usb\usb_device.c
                  __pa_41   0x001b68    program     static C:\Microchip Solutions\Microchip\Usb\usb_device.c
                  __pa_42   0x001b7e    program     static C:\Microchip Solutions\Microchip\Usb\usb_device.c
  YourHighPriorityISRCode   0x001b88    program     extern C:\Users\LaRob\Desktop\Código SONAR Anderson\Sonar2-HEXAROTOR 2012\main.c
   YourLowPriorityISRCode   0x001c1e    program     extern C:\Users\LaRob\Desktop\Código SONAR Anderson\Sonar2-HEXAROTOR 2012\main.c
                     main   0x001c40    program     extern C:\Users\LaRob\Desktop\Código SONAR Anderson\Sonar2-HEXAROTOR 2012\main.c
                 UserInit   0x001c4a    program     extern C:\Users\LaRob\Desktop\Código SONAR Anderson\Sonar2-HEXAROTOR 2012\main.c
                 initData   0x001cb4    program     extern C:\Users\LaRob\Desktop\Código SONAR Anderson\Sonar2-HEXAROTOR 2012\main.c
                writeData   0x001cd8    program     extern C:\Users\LaRob\Desktop\Código SONAR Anderson\Sonar2-HEXAROTOR 2012\main.c
                 readData   0x001d22    program     extern C:\Users\LaRob\Desktop\Código SONAR Anderson\Sonar2-HEXAROTOR 2012\main.c
                ProcessIO   0x001dc0    program     extern C:\Users\LaRob\Desktop\Código SONAR Anderson\Sonar2-HEXAROTOR 2012\main.c
         InitializeSystem   0x001e3e    program     static C:\Users\LaRob\Desktop\Código SONAR Anderson\Sonar2-HEXAROTOR 2012\main.c
             USBCBSuspend   0x001e48    program     extern C:\Users\LaRob\Desktop\Código SONAR Anderson\Sonar2-HEXAROTOR 2012\main.c
     USBCBWakeFromSuspend   0x001e4a    program     extern C:\Users\LaRob\Desktop\Código SONAR Anderson\Sonar2-HEXAROTOR 2012\main.c
        USBCB_SOF_Handler   0x001e4c    program     extern C:\Users\LaRob\Desktop\Código SONAR Anderson\Sonar2-HEXAROTOR 2012\main.c
        USBCBErrorHandler   0x001e4e    program     extern C:\Users\LaRob\Desktop\Código SONAR Anderson\Sonar2-HEXAROTOR 2012\main.c
       USBCBCheckOtherReq   0x001e50    program     extern C:\Users\LaRob\Desktop\Código SONAR Anderson\Sonar2-HEXAROTOR 2012\main.c
    USBCBStdSetDscHandler   0x001e54    program     extern C:\Users\LaRob\Desktop\Código SONAR Anderson\Sonar2-HEXAROTOR 2012\main.c
              USBCBInitEP   0x001e56    program     extern C:\Users\LaRob\Desktop\Código SONAR Anderson\Sonar2-HEXAROTOR 2012\main.c
          USBCBSendResume   0x001e6a    program     extern C:\Users\LaRob\Desktop\Código SONAR Anderson\Sonar2-HEXAROTOR 2012\main.c
USER_USB_CALLBACK_EVENT_HANDLER   0x001e86    program     extern C:\Users\LaRob\Desktop\Código SONAR Anderson\Sonar2-HEXAROTOR 2012\main.c
               __tmplbl_2   0x001ea2    program     static                          
               __tmplbl_3   0x001eae    program     static                          
               __tmplbl_4   0x001eb8    program     static                          
               __tmplbl_5   0x001ec2    program     static                          
               __tmplbl_6   0x001ecc    program     static                          
               __tmplbl_7   0x001ed6    program     static                          
               __tmplbl_8   0x001ee0    program     static                          
               __tmplbl_9   0x001eea    program     static                          
      ___case_21_lbl00075   0x001eee    program     static                          
      ___case_22_lbl00076   0x001ef2    program     static                          
      ___case_23_lbl00077   0x001ef6    program     static                          
       ___case_2_lbl00078   0x001efa    program     static                          
       ___case_4_lbl00079   0x001efe    program     static                          
       ___case_3_lbl00080   0x001f02    program     static                          
      ___case_-1_lbl00081   0x001f06    program     static                          
       ___case_1_lbl00082   0x001f0a    program     static                          
      ___default_lbl00083   0x001f0e    program     static                          
   ___switchexit_lbl00074   0x001f10    program     static                          
       ___return_lbl00073   0x001f14    program     static                          
                   __pa_0   0x001f1c    program     static C:\Users\LaRob\Desktop\Código SONAR Anderson\Sonar2-HEXAROTOR 2012\main.c
                   __pa_1   0x001f38    program     static C:\Users\LaRob\Desktop\Código SONAR Anderson\Sonar2-HEXAROTOR 2012\main.c
                   __pa_2   0x001f4a    program     static C:\Users\LaRob\Desktop\Código SONAR Anderson\Sonar2-HEXAROTOR 2012\main.c
                   __pa_3   0x001f58    program     static C:\Users\LaRob\Desktop\Código SONAR Anderson\Sonar2-HEXAROTOR 2012\main.c
                   __pa_4   0x001f66    program     static C:\Users\LaRob\Desktop\Código SONAR Anderson\Sonar2-HEXAROTOR 2012\main.c
                   __pa_5   0x001f72    program     static C:\Users\LaRob\Desktop\Código SONAR Anderson\Sonar2-HEXAROTOR 2012\main.c
                   __pa_6   0x001f7c    program     static C:\Users\LaRob\Desktop\Código SONAR Anderson\Sonar2-HEXAROTOR 2012\main.c
       USBCheckHIDRequest   0x001f8c    program     extern C:\Microchip Solutions\Microchip\Usb\HID Device Driver\usb_function_hid.c
      HIDGetReportHandler   0x002062    program     extern C:\Microchip Solutions\Microchip\Usb\HID Device Driver\usb_function_hid.c
      HIDSetReportHandler   0x002064    program     extern C:\Microchip Solutions\Microchip\Usb\HID Device Driver\usb_function_hid.c
               device_dsc   0x002066    program     extern C:\Users\LaRob\Desktop\Código SONAR Anderson\Sonar2-HEXAROTOR 2012\usb_descriptors.c
        configDescriptor1   0x002078    program     extern C:\Users\LaRob\Desktop\Código SONAR Anderson\Sonar2-HEXAROTOR 2012\usb_descriptors.c
                    sd000   0x0020a1    program     extern C:\Users\LaRob\Desktop\Código SONAR Anderson\Sonar2-HEXAROTOR 2012\usb_descriptors.c
                    sd001   0x0020a5    program     extern C:\Users\LaRob\Desktop\Código SONAR Anderson\Sonar2-HEXAROTOR 2012\usb_descriptors.c
                    sd002   0x0020d9    program     extern C:\Users\LaRob\Desktop\Código SONAR Anderson\Sonar2-HEXAROTOR 2012\usb_descriptors.c
                hid_rpt01   0x002107    program     extern C:\Users\LaRob\Desktop\Código SONAR Anderson\Sonar2-HEXAROTOR 2012\usb_descriptors.c
               USB_CD_Ptr   0x002124    program     extern C:\Users\LaRob\Desktop\Código SONAR Anderson\Sonar2-HEXAROTOR 2012\usb_descriptors.c
               USB_SD_Ptr   0x002126    program     extern C:\Users\LaRob\Desktop\Código SONAR Anderson\Sonar2-HEXAROTOR 2012\usb_descriptors.c
                _do_cinit   0x00212c    program     extern C:\MCC18\src\traditional\startup\c018i.c
                     test   0x002146    program     static                          
                copy_loop   0x00219e    program     static                          
            copy_one_byte   0x0021a4    program     static                          
             done_copying   0x0021b2    program     static                          
                     done   0x0021c8    program     static                          
       ___return_lbl00002   0x0021c8    program     static                          
                  OpenI2C   0x0021ca    program     extern C:\MCC18\src\TRADIT~1\pmc\i2c\i2c_open.c
                   memset   0x002200    program     extern C:\MCC18\SRC\TRADIT~1\STDCLIB\memset.asm
                    jLoop   0x002214    program     static C:\MCC18\SRC\TRADIT~1\STDCLIB\memset.asm
              _2jContinue   0x002220    program     static C:\MCC18\SRC\TRADIT~1\STDCLIB\memset.asm
                   _3jEnd   0x00222a    program     static C:\MCC18\SRC\TRADIT~1\STDCLIB\memset.asm
                     jEnd   0x002232    program     static C:\MCC18\SRC\TRADIT~1\STDCLIB\memset.asm
                 WriteI2C   0x002234    program     extern C:\MCC18\src\TRADIT~1\pmc\i2c\i2c_writ.c
             Delay10KTCYx   0x002264    program     extern C:\MCC18\SRC\TRADIT~1\DELAYS\d10ktcyx.asm
                    D10Kx   0x00226e    program     static C:\MCC18\SRC\TRADIT~1\DELAYS\d10ktcyx.asm
                   D10K_1   0x002270    program     static C:\MCC18\SRC\TRADIT~1\DELAYS\d10ktcyx.asm
       _D10KTCYXCODE_0010   0x002274    program     static C:\MCC18\SRC\TRADIT~1\DELAYS\d10ktcyx.asm
                    D10Kl   0x00227c    program     static C:\MCC18\SRC\TRADIT~1\DELAYS\d10ktcyx.asm
       _D10KTCYXCODE_001C   0x002280    program     static C:\MCC18\SRC\TRADIT~1\DELAYS\d10ktcyx.asm
                 _startup   0x002292    program     extern C:\MCC18\src\traditional\startup\c018i.c
                     loop   0x0022a2    program     static                          
       ___return_lbl00001   0x0022ac    program     static                          
                  IdleI2C   0x0022ae    program     extern C:\MCC18\src\TRADIT~1\pmc\i2c\i2c_idle.c
                  ReadI2C   0x0022c2    program     extern C:\MCC18\src\TRADIT~1\pmc\i2c\i2c_read.c
                 CloseI2C   0x0022cc    program     extern C:\MCC18\src\TRADIT~1\pmc\i2c\i2c_clos.c
                   __init   0x0022d0    program     extern C:\MCC18\src\TRADIT~1\stdclib\__init.c
               __config_0   0x300000    program     static C:\Users\LaRob\Desktop\Código SONAR Anderson\Sonar2-HEXAROTOR 2012\main.c
               __config_1   0x300001    program     static C:\Users\LaRob\Desktop\Código SONAR Anderson\Sonar2-HEXAROTOR 2012\main.c
               __config_2   0x300002    program     static C:\Users\LaRob\Desktop\Código SONAR Anderson\Sonar2-HEXAROTOR 2012\main.c
               __config_3   0x300003    program     static C:\Users\LaRob\Desktop\Código SONAR Anderson\Sonar2-HEXAROTOR 2012\main.c
               __config_4   0x300005    program     static C:\Users\LaRob\Desktop\Código SONAR Anderson\Sonar2-HEXAROTOR 2012\main.c
               __config_5   0x300006    program     static C:\Users\LaRob\Desktop\Código SONAR Anderson\Sonar2-HEXAROTOR 2012\main.c
               __config_6   0x300008    program     static C:\Users\LaRob\Desktop\Código SONAR Anderson\Sonar2-HEXAROTOR 2012\main.c
               __config_7   0x300009    program     static C:\Users\LaRob\Desktop\Código SONAR Anderson\Sonar2-HEXAROTOR 2012\main.c
               __config_8   0x30000a    program     static C:\Users\LaRob\Desktop\Código SONAR Anderson\Sonar2-HEXAROTOR 2012\main.c
               __config_9   0x30000b    program     static C:\Users\LaRob\Desktop\Código SONAR Anderson\Sonar2-HEXAROTOR 2012\main.c
              __config_10   0x30000c    program     static C:\Users\LaRob\Desktop\Código SONAR Anderson\Sonar2-HEXAROTOR 2012\main.c
              __config_11   0x30000d    program     static C:\Users\LaRob\Desktop\Código SONAR Anderson\Sonar2-HEXAROTOR 2012\main.c
                  __REMB3   0x000000       data     extern C:\MCC18\SRC\TRADIT~1\MATH\aarg.asm
                 __AARGB7   0x000000       data     extern C:\MCC18\SRC\TRADIT~1\MATH\aarg.asm
                  __REMB2   0x000001       data     extern C:\MCC18\SRC\TRADIT~1\MATH\aarg.asm
                 __AARGB6   0x000001       data     extern C:\MCC18\SRC\TRADIT~1\MATH\aarg.asm
                  __REMB1   0x000002       data     extern C:\MCC18\SRC\TRADIT~1\MATH\aarg.asm
                 __AARGB5   0x000002       data     extern C:\MCC18\SRC\TRADIT~1\MATH\aarg.asm
                  __REMB0   0x000003       data     extern C:\MCC18\SRC\TRADIT~1\MATH\aarg.asm
                 __AARGB4   0x000003       data     extern C:\MCC18\SRC\TRADIT~1\MATH\aarg.asm
                 __AARGB3   0x000004       data     extern C:\MCC18\SRC\TRADIT~1\MATH\aarg.asm
                 __AARGB2   0x000005       data     extern C:\MCC18\SRC\TRADIT~1\MATH\aarg.asm
                 __AARGB1   0x000006       data     extern C:\MCC18\SRC\TRADIT~1\MATH\aarg.asm
                 __AARGB0   0x000007       data     extern C:\MCC18\SRC\TRADIT~1\MATH\aarg.asm
                   __AEXP   0x000008       data     extern C:\MCC18\SRC\TRADIT~1\MATH\aarg.asm
                     SIGN   0x000009       data     extern C:\MCC18\SRC\TRADIT~1\MATH\cmath18.asm
            __FPFLAGSbits   0x00000a       data     extern C:\MCC18\SRC\TRADIT~1\MATH\cmath18.asm
                __FPFLAGS   0x00000a       data     extern C:\MCC18\SRC\TRADIT~1\MATH\cmath18.asm
                  __tmp_0   0x00000b       data     static C:\Microchip Solutions\Microchip\Usb\usb_device.c
                  __tmp_0   0x00000b       data     static C:\MCC18\src\TRADIT~1\pmc\i2c\i2c_idle.c
                  __tmp_0   0x00000b       data     static C:\Users\LaRob\Desktop\Código SONAR Anderson\Sonar2-HEXAROTOR 2012\main.c
            DelayCounter2   0x00000e       data     extern C:\MCC18\SRC\TRADIT~1\DELAYS\delayd2.asm
            DelayCounter1   0x00000f       data     extern C:\MCC18\SRC\TRADIT~1\DELAYS\delayd1.asm
           USBDeviceState   0x000060       data     extern C:\Microchip Solutions\Microchip\Usb\usb_device.c
   USBActiveConfiguration   0x000061       data     extern C:\Microchip Solutions\Microchip\Usb\usb_device.c
    USBAlternateInterface   0x000062       data     extern C:\Microchip Solutions\Microchip\Usb\usb_device.c
   pBDTEntryEP0OutCurrent   0x000063       data     extern C:\Microchip Solutions\Microchip\Usb\usb_device.c
      pBDTEntryEP0OutNext   0x000065       data     extern C:\Microchip Solutions\Microchip\Usb\usb_device.c
             pBDTEntryOut   0x000067       data     extern C:\Microchip Solutions\Microchip\Usb\usb_device.c
              pBDTEntryIn   0x00006b       data     extern C:\Microchip Solutions\Microchip\Usb\usb_device.c
        shortPacketStatus   0x00006f       data     extern C:\Microchip Solutions\Microchip\Usb\usb_device.c
     controlTransferState   0x000070       data     extern C:\Microchip Solutions\Microchip\Usb\usb_device.c
                  inPipes   0x000071       data     extern C:\Microchip Solutions\Microchip\Usb\usb_device.c
                 outPipes   0x000076       data     extern C:\Microchip Solutions\Microchip\Usb\usb_device.c
                     pDst   0x00007d       data     extern C:\Microchip Solutions\Microchip\Usb\usb_device.c
             RemoteWakeup   0x00007f       data     extern C:\Microchip Solutions\Microchip\Usb\usb_device.c
                USTATcopy   0x000080       data     extern C:\Microchip Solutions\Microchip\Usb\usb_device.c
       USBInMaxPacketSize   0x000081       data     extern C:\Microchip Solutions\Microchip\Usb\usb_device.c
                USBInData   0x000083       data     extern C:\Microchip Solutions\Microchip\Usb\usb_device.c
             USBOutHandle   0x000085       data     extern C:\Users\LaRob\Desktop\Código SONAR Anderson\Sonar2-HEXAROTOR 2012\main.c
              USBInHandle   0x000087       data     extern C:\Users\LaRob\Desktop\Código SONAR Anderson\Sonar2-HEXAROTOR 2012\main.c
                        w   0x000089       data     extern C:\Users\LaRob\Desktop\Código SONAR Anderson\Sonar2-HEXAROTOR 2012\main.c
                     data   0x00008b       data     extern C:\Users\LaRob\Desktop\Código SONAR Anderson\Sonar2-HEXAROTOR 2012\main.c
                  reading   0x00008c       data     extern C:\Users\LaRob\Desktop\Código SONAR Anderson\Sonar2-HEXAROTOR 2012\main.c
              finish_byte   0x00008d       data     extern C:\Users\LaRob\Desktop\Código SONAR Anderson\Sonar2-HEXAROTOR 2012\main.c
              ready_to_tx   0x00008e       data     extern C:\Users\LaRob\Desktop\Código SONAR Anderson\Sonar2-HEXAROTOR 2012\main.c
                sync_mode   0x00008f       data     extern C:\Users\LaRob\Desktop\Código SONAR Anderson\Sonar2-HEXAROTOR 2012\main.c
                     slew   0x000090       data     extern C:\Users\LaRob\Desktop\Código SONAR Anderson\Sonar2-HEXAROTOR 2012\main.c
                    aux_1   0x000091       data     extern C:\Users\LaRob\Desktop\Código SONAR Anderson\Sonar2-HEXAROTOR 2012\main.c
                    aux_2   0x000092       data     extern C:\Users\LaRob\Desktop\Código SONAR Anderson\Sonar2-HEXAROTOR 2012\main.c
             inicializado   0x000093       data     extern C:\Users\LaRob\Desktop\Código SONAR Anderson\Sonar2-HEXAROTOR 2012\main.c
[...]
                     UEP1   0x000f71       data     extern C:\MCC18\SRC\TRADIT~1\PROC\p18f2550.asm
                 UEP2bits   0x000f72       data     extern C:\MCC18\SRC\TRADIT~1\PROC\p18f2550.asm
                     UEP2   0x000f72       data     extern C:\MCC18\SRC\TRADIT~1\PROC\p18f2550.asm
                     UEP3   0x000f73       data     extern C:\MCC18\SRC\TRADIT~1\PROC\p18f2550.asm
                 UEP3bits   0x000f73       data     extern C:\MCC18\SRC\TRADIT~1\PROC\p18f2550.asm
                     UEP4   0x000f74       data     extern C:\MCC18\SRC\TRADIT~1\PROC\p18f2550.asm
                 UEP4bits   0x000f74       data     extern C:\MCC18\SRC\TRADIT~1\PROC\p18f2550.asm
                     UEP5   0x000f75       data     extern C:\MCC18\SRC\TRADIT~1\PROC\p18f2550.asm
                 UEP5bits   0x000f75       data     extern C:\MCC18\SRC\TRADIT~1\PROC\p18f2550.asm
                 UEP6bits   0x000f76       data     extern C:\MCC18\SRC\TRADIT~1\PROC\p18f2550.asm
                     UEP6   0x000f76       data     extern C:\MCC18\SRC\TRADIT~1\PROC\p18f2550.asm
                 UEP7bits   0x000f77       data     extern C:\MCC18\SRC\TRADIT~1\PROC\p18f2550.asm
                     UEP7   0x000f77       data     extern C:\MCC18\SRC\TRADIT~1\PROC\p18f2550.asm
                 UEP8bits   0x000f78       data     extern C:\MCC18\SRC\TRADIT~1\PROC\p18f2550.asm
                     UEP8   0x000f78       data     extern C:\MCC18\SRC\TRADIT~1\PROC\p18f2550.asm
                 UEP9bits   0x000f79       data     extern C:\MCC18\SRC\TRADIT~1\PROC\p18f2550.asm
                     UEP9   0x000f79       data     extern C:\MCC18\SRC\TRADIT~1\PROC\p18f2550.asm
                    UEP10   0x000f7a       data     extern C:\MCC18\SRC\TRADIT~1\PROC\p18f2550.asm
                UEP10bits   0x000f7a       data     extern C:\MCC18\SRC\TRADIT~1\PROC\p18f2550.asm
                    UEP11   0x000f7b       data     extern C:\MCC18\SRC\TRADIT~1\PROC\p18f2550.asm
                UEP11bits   0x000f7b       data     extern C:\MCC18\SRC\TRADIT~1\PROC\p18f2550.asm
                    UEP12   0x000f7c       data     extern C:\MCC18\SRC\TRADIT~1\PROC\p18f2550.asm
                UEP12bits   0x000f7c       data     extern C:\MCC18\SRC\TRADIT~1\PROC\p18f2550.asm
                    UEP13   0x000f7d       data     extern C:\MCC18\SRC\TRADIT~1\PROC\p18f2550.asm
                UEP13bits   0x000f7d       data     extern C:\MCC18\SRC\TRADIT~1\PROC\p18f2550.asm
                    UEP14   0x000f7e       data     extern C:\MCC18\SRC\TRADIT~1\PROC\p18f2550.asm
                UEP14bits   0x000f7e       data     extern C:\MCC18\SRC\TRADIT~1\PROC\p18f2550.asm
                    UEP15   0x000f7f       data     extern C:\MCC18\SRC\TRADIT~1\PROC\p18f2550.asm
                UEP15bits   0x000f7f       data     extern C:\MCC18\SRC\TRADIT~1\PROC\p18f2550.asm
                    PORTA   0x000f80       data     extern C:\MCC18\SRC\TRADIT~1\PROC\p18f2550.asm
                PORTAbits   0x000f80       data     extern C:\MCC18\SRC\TRADIT~1\PROC\p18f2550.asm
                    PORTB   0x000f81       data     extern C:\MCC18\SRC\TRADIT~1\PROC\p18f2550.asm
                PORTBbits   0x000f81       data     extern C:\MCC18\SRC\TRADIT~1\PROC\p18f2550.asm
                    PORTC   0x000f82       data     extern C:\MCC18\SRC\TRADIT~1\PROC\p18f2550.asm
                PORTCbits   0x000f82       data     extern C:\MCC18\SRC\TRADIT~1\PROC\p18f2550.asm
                    PORTE   0x000f84       data     extern C:\MCC18\SRC\TRADIT~1\PROC\p18f2550.asm
                PORTEbits   0x000f84       data     extern C:\MCC18\SRC\TRADIT~1\PROC\p18f2550.asm
                 LATAbits   0x000f89       data     extern C:\MCC18\SRC\TRADIT~1\PROC\p18f2550.asm
                     LATA   0x000f89       data     extern C:\MCC18\SRC\TRADIT~1\PROC\p18f2550.asm
                     LATB   0x000f8a       data     extern C:\MCC18\SRC\TRADIT~1\PROC\p18f2550.asm
                 LATBbits   0x000f8a       data     extern C:\MCC18\SRC\TRADIT~1\PROC\p18f2550.asm
                 LATCbits   0x000f8b       data     extern C:\MCC18\SRC\TRADIT~1\PROC\p18f2550.asm
                     LATC   0x000f8b       data     extern C:\MCC18\SRC\TRADIT~1\PROC\p18f2550.asm
                TRISAbits   0x000f92       data     extern C:\MCC18\SRC\TRADIT~1\PROC\p18f2550.asm
                    TRISA   0x000f92       data     extern C:\MCC18\SRC\TRADIT~1\PROC\p18f2550.asm
                     DDRA   0x000f92       data     extern C:\MCC18\SRC\TRADIT~1\PROC\p18f2550.asm
                 DDRAbits   0x000f92       data     extern C:\MCC18\SRC\TRADIT~1\PROC\p18f2550.asm
                TRISBbits   0x000f93       data     extern C:\MCC18\SRC\TRADIT~1\PROC\p18f2550.asm
                    TRISB   0x000f93       data     extern C:\MCC18\SRC\TRADIT~1\PROC\p18f2550.asm
                     DDRB   0x000f93       data     extern C:\MCC18\SRC\TRADIT~1\PROC\p18f2550.asm
                 DDRBbits   0x000f93       data     extern C:\MCC18\SRC\TRADIT~1\PROC\p18f2550.asm
                TRISCbits   0x000f94       data     extern C:\MCC18\SRC\TRADIT~1\PROC\p18f2550.asm
                    TRISC   0x000f94       data     extern C:\MCC18\SRC\TRADIT~1\PROC\p18f2550.asm
                 DDRCbits   0x000f94       data     extern C:\MCC18\SRC\TRADIT~1\PROC\p18f2550.asm
                     DDRC   0x000f94       data     extern C:\MCC18\SRC\TRADIT~1\PROC\p18f2550.asm
              OSCTUNEbits   0x000f9b       data     extern C:\MCC18\SRC\TRADIT~1\PROC\p18f2550.asm
                  OSCTUNE   0x000f9b       data     extern C:\MCC18\SRC\TRADIT~1\PROC\p18f2550.asm
                 PIE1bits   0x000f9d       data     extern C:\MCC18\SRC\TRADIT~1\PROC\p18f2550.asm
                     PIE1   0x000f9d       data     extern C:\MCC18\SRC\TRADIT~1\PROC\p18f2550.asm
                 PIR1bits   0x000f9e       data     extern C:\MCC18\SRC\TRADIT~1\PROC\p18f2550.asm
                     PIR1   0x000f9e       data     extern C:\MCC18\SRC\TRADIT~1\PROC\p18f2550.asm
                 IPR1bits   0x000f9f       data     extern C:\MCC18\SRC\TRADIT~1\PROC\p18f2550.asm
                     IPR1   0x000f9f       data     extern C:\MCC18\SRC\TRADIT~1\PROC\p18f2550.asm
                 PIE2bits   0x000fa0       data     extern C:\MCC18\SRC\TRADIT~1\PROC\p18f2550.asm
                     PIE2   0x000fa0       data     extern C:\MCC18\SRC\TRADIT~1\PROC\p18f2550.asm
                     PIR2   0x000fa1       data     extern C:\MCC18\SRC\TRADIT~1\PROC\p18f2550.asm
                 PIR2bits   0x000fa1       data     extern C:\MCC18\SRC\TRADIT~1\PROC\p18f2550.asm
                 IPR2bits   0x000fa2       data     extern C:\MCC18\SRC\TRADIT~1\PROC\p18f2550.asm
                     IPR2   0x000fa2       data     extern C:\MCC18\SRC\TRADIT~1\PROC\p18f2550.asm
               EECON1bits   0x000fa6       data     extern C:\MCC18\SRC\TRADIT~1\PROC\p18f2550.asm
                   EECON1   0x000fa6       data     extern C:\MCC18\SRC\TRADIT~1\PROC\p18f2550.asm
                   EECON2   0x000fa7       data     extern C:\MCC18\SRC\TRADIT~1\PROC\p18f2550.asm
                   EEDATA   0x000fa8       data     extern C:\MCC18\SRC\TRADIT~1\PROC\p18f2550.asm
                    EEADR   0x000fa9       data     extern C:\MCC18\SRC\TRADIT~1\PROC\p18f2550.asm
                RCSTAbits   0x000fab       data     extern C:\MCC18\SRC\TRADIT~1\PROC\p18f2550.asm
                    RCSTA   0x000fab       data     extern C:\MCC18\SRC\TRADIT~1\PROC\p18f2550.asm
                TXSTAbits   0x000fac       data     extern C:\MCC18\SRC\TRADIT~1\PROC\p18f2550.asm
                    TXSTA   0x000fac       data     extern C:\MCC18\SRC\TRADIT~1\PROC\p18f2550.asm
                    TXREG   0x000fad       data     extern C:\MCC18\SRC\TRADIT~1\PROC\p18f2550.asm
                    RCREG   0x000fae       data     extern C:\MCC18\SRC\TRADIT~1\PROC\p18f2550.asm
                    SPBRG   0x000faf       data     extern C:\MCC18\SRC\TRADIT~1\PROC\p18f2550.asm
                   SPBRGH   0x000fb0       data     extern C:\MCC18\SRC\TRADIT~1\PROC\p18f2550.asm
                    T3CON   0x000fb1       data     extern C:\MCC18\SRC\TRADIT~1\PROC\p18f2550.asm
                T3CONbits   0x000fb1       data     extern C:\MCC18\SRC\TRADIT~1\PROC\p18f2550.asm
                    TMR3L   0x000fb2       data     extern C:\MCC18\SRC\TRADIT~1\PROC\p18f2550.asm
                    TMR3H   0x000fb3       data     extern C:\MCC18\SRC\TRADIT~1\PROC\p18f2550.asm
                CMCONbits   0x000fb4       data     extern C:\MCC18\SRC\TRADIT~1\PROC\p18f2550.asm
                    CMCON   0x000fb4       data     extern C:\MCC18\SRC\TRADIT~1\PROC\p18f2550.asm
                   CVRCON   0x000fb5       data     extern C:\MCC18\SRC\TRADIT~1\PROC\p18f2550.asm
               CVRCONbits   0x000fb5       data     extern C:\MCC18\SRC\TRADIT~1\PROC\p18f2550.asm
                  ECCP1AS   0x000fb6       data     extern C:\MCC18\SRC\TRADIT~1\PROC\p18f2550.asm
              ECCP1ASbits   0x000fb6       data     extern C:\MCC18\SRC\TRADIT~1\PROC\p18f2550.asm
               CCP1ASbits   0x000fb6       data     extern C:\MCC18\SRC\TRADIT~1\PROC\p18f2550.asm
                   CCP1AS   0x000fb6       data     extern C:\MCC18\SRC\TRADIT~1\PROC\p18f2550.asm
                  CCP1DEL   0x000fb7       data     extern C:\MCC18\SRC\TRADIT~1\PROC\p18f2550.asm
              CCP1DELbits   0x000fb7       data     extern C:\MCC18\SRC\TRADIT~1\PROC\p18f2550.asm
             ECCP1DELbits   0x000fb7       data     extern C:\MCC18\SRC\TRADIT~1\PROC\p18f2550.asm
                 ECCP1DEL   0x000fb7       data     extern C:\MCC18\SRC\TRADIT~1\PROC\p18f2550.asm
              BAUDCONbits   0x000fb8       data     extern C:\MCC18\SRC\TRADIT~1\PROC\p18f2550.asm
                  BAUDCON   0x000fb8       data     extern C:\MCC18\SRC\TRADIT~1\PROC\p18f2550.asm
                  CCP2CON   0x000fba       data     extern C:\MCC18\SRC\TRADIT~1\PROC\p18f2550.asm
              CCP2CONbits   0x000fba       data     extern C:\MCC18\SRC\TRADIT~1\PROC\p18f2550.asm
                    CCPR2   0x000fbb       data     extern C:\MCC18\SRC\TRADIT~1\PROC\p18f2550.asm
                   CCPR2L   0x000fbb       data     extern C:\MCC18\SRC\TRADIT~1\PROC\p18f2550.asm
                   CCPR2H   0x000fbc       data     extern C:\MCC18\SRC\TRADIT~1\PROC\p18f2550.asm
                  CCP1CON   0x000fbd       data     extern C:\MCC18\SRC\TRADIT~1\PROC\p18f2550.asm
              CCP1CONbits   0x000fbd       data     extern C:\MCC18\SRC\TRADIT~1\PROC\p18f2550.asm
                    CCPR1   0x000fbe       data     extern C:\MCC18\SRC\TRADIT~1\PROC\p18f2550.asm
                   CCPR1L   0x000fbe       data     extern C:\MCC18\SRC\TRADIT~1\PROC\p18f2550.asm
                   CCPR1H   0x000fbf       data     extern C:\MCC18\SRC\TRADIT~1\PROC\p18f2550.asm
               ADCON2bits   0x000fc0       data     extern C:\MCC18\SRC\TRADIT~1\PROC\p18f2550.asm
                   ADCON2   0x000fc0       data     extern C:\MCC18\SRC\TRADIT~1\PROC\p18f2550.asm
               ADCON1bits   0x000fc1       data     extern C:\MCC18\SRC\TRADIT~1\PROC\p18f2550.asm
                   ADCON1   0x000fc1       data     extern C:\MCC18\SRC\TRADIT~1\PROC\p18f2550.asm
                   ADCON0   0x000fc2       data     extern C:\MCC18\SRC\TRADIT~1\PROC\p18f2550.asm
               ADCON0bits   0x000fc2       data     extern C:\MCC18\SRC\TRADIT~1\PROC\p18f2550.asm
                    ADRES   0x000fc3       data     extern C:\MCC18\SRC\TRADIT~1\PROC\p18f2550.asm
                   ADRESL   0x000fc3       data     extern C:\MCC18\SRC\TRADIT~1\PROC\p18f2550.asm
                   ADRESH   0x000fc4       data     extern C:\MCC18\SRC\TRADIT~1\PROC\p18f2550.asm
                  SSPCON2   0x000fc5       data     extern C:\MCC18\SRC\TRADIT~1\PROC\p18f2550.asm
              SSPCON2bits   0x000fc5       data     extern C:\MCC18\SRC\TRADIT~1\PROC\p18f2550.asm
                  SSPCON1   0x000fc6       data     extern C:\MCC18\SRC\TRADIT~1\PROC\p18f2550.asm
              SSPCON1bits   0x000fc6       data     extern C:\MCC18\SRC\TRADIT~1\PROC\p18f2550.asm
                  SSPSTAT   0x000fc7       data     extern C:\MCC18\SRC\TRADIT~1\PROC\p18f2550.asm
              SSPSTATbits   0x000fc7       data     extern C:\MCC18\SRC\TRADIT~1\PROC\p18f2550.asm
                   SSPADD   0x000fc8       data     extern C:\MCC18\SRC\TRADIT~1\PROC\p18f2550.asm
                   SSPBUF   0x000fc9       data     extern C:\MCC18\SRC\TRADIT~1\PROC\p18f2550.asm
                T2CONbits   0x000fca       data     extern C:\MCC18\SRC\TRADIT~1\PROC\p18f2550.asm
                    T2CON   0x000fca       data     extern C:\MCC18\SRC\TRADIT~1\PROC\p18f2550.asm
                      PR2   0x000fcb       data     extern C:\MCC18\SRC\TRADIT~1\PROC\p18f2550.asm
                     TMR2   0x000fcc       data     extern C:\MCC18\SRC\TRADIT~1\PROC\p18f2550.asm
                T1CONbits   0x000fcd       data     extern C:\MCC18\SRC\TRADIT~1\PROC\p18f2550.asm
                    T1CON   0x000fcd       data     extern C:\MCC18\SRC\TRADIT~1\PROC\p18f2550.asm
                    TMR1L   0x000fce       data     extern C:\MCC18\SRC\TRADIT~1\PROC\p18f2550.asm
                    TMR1H   0x000fcf       data     extern C:\MCC18\SRC\TRADIT~1\PROC\p18f2550.asm
                     RCON   0x000fd0       data     extern C:\MCC18\SRC\TRADIT~1\PROC\p18f2550.asm
                 RCONbits   0x000fd0       data     extern C:\MCC18\SRC\TRADIT~1\PROC\p18f2550.asm
                   WDTCON   0x000fd1       data     extern C:\MCC18\SRC\TRADIT~1\PROC\p18f2550.asm
               WDTCONbits   0x000fd1       data     extern C:\MCC18\SRC\TRADIT~1\PROC\p18f2550.asm
               LVDCONbits   0x000fd2       data     extern C:\MCC18\SRC\TRADIT~1\PROC\p18f2550.asm
                   LVDCON   0x000fd2       data     extern C:\MCC18\SRC\TRADIT~1\PROC\p18f2550.asm
              HLVDCONbits   0x000fd2       data     extern C:\MCC18\SRC\TRADIT~1\PROC\p18f2550.asm
                  HLVDCON   0x000fd2       data     extern C:\MCC18\SRC\TRADIT~1\PROC\p18f2550.asm
               OSCCONbits   0x000fd3       data     extern C:\MCC18\SRC\TRADIT~1\PROC\p18f2550.asm
                   OSCCON   0x000fd3       data     extern C:\MCC18\SRC\TRADIT~1\PROC\p18f2550.asm
                    T0CON   0x000fd5       data     extern C:\MCC18\SRC\TRADIT~1\PROC\p18f2550.asm
                T0CONbits   0x000fd5       data     extern C:\MCC18\SRC\TRADIT~1\PROC\p18f2550.asm
                    TMR0L   0x000fd6       data     extern C:\MCC18\SRC\TRADIT~1\PROC\p18f2550.asm
                    TMR0H   0x000fd7       data     extern C:\MCC18\SRC\TRADIT~1\PROC\p18f2550.asm
               STATUSbits   0x000fd8       data     extern C:\MCC18\SRC\TRADIT~1\PROC\p18f2550.asm
                   STATUS   0x000fd8       data     extern C:\MCC18\SRC\TRADIT~1\PROC\p18f2550.asm
                    FSR2L   0x000fd9       data     extern C:\MCC18\SRC\TRADIT~1\PROC\p18f2550.asm
                     FSR2   0x000fd9       data     extern C:\MCC18\SRC\TRADIT~1\PROC\p18f2550.asm
                    FSR2H   0x000fda       data     extern C:\MCC18\SRC\TRADIT~1\PROC\p18f2550.asm
                   PLUSW2   0x000fdb       data     extern C:\MCC18\SRC\TRADIT~1\PROC\p18f2550.asm
                  PREINC2   0x000fdc       data     extern C:\MCC18\SRC\TRADIT~1\PROC\p18f2550.asm
                 POSTDEC2   0x000fdd       data     extern C:\MCC18\SRC\TRADIT~1\PROC\p18f2550.asm
                 POSTINC2   0x000fde       data     extern C:\MCC18\SRC\TRADIT~1\PROC\p18f2550.asm
                    INDF2   0x000fdf       data     extern C:\MCC18\SRC\TRADIT~1\PROC\p18f2550.asm
                      BSR   0x000fe0       data     extern C:\MCC18\SRC\TRADIT~1\PROC\p18f2550.asm
                     FSR1   0x000fe1       data     extern C:\MCC18\SRC\TRADIT~1\PROC\p18f2550.asm
                    FSR1L   0x000fe1       data     extern C:\MCC18\SRC\TRADIT~1\PROC\p18f2550.asm
                    FSR1H   0x000fe2       data     extern C:\MCC18\SRC\TRADIT~1\PROC\p18f2550.asm
                   PLUSW1   0x000fe3       data     extern C:\MCC18\SRC\TRADIT~1\PROC\p18f2550.asm
                  PREINC1   0x000fe4       data     extern C:\MCC18\SRC\TRADIT~1\PROC\p18f2550.asm
                 POSTDEC1   0x000fe5       data     extern C:\MCC18\SRC\TRADIT~1\PROC\p18f2550.asm
                 POSTINC1   0x000fe6       data     extern C:\MCC18\SRC\TRADIT~1\PROC\p18f2550.asm
                    INDF1   0x000fe7       data     extern C:\MCC18\SRC\TRADIT~1\PROC\p18f2550.asm
                     WREG   0x000fe8       data     extern C:\MCC18\SRC\TRADIT~1\PROC\p18f2550.asm
                     FSR0   0x000fe9       data     extern C:\MCC18\SRC\TRADIT~1\PROC\p18f2550.asm
                    FSR0L   0x000fe9       data     extern C:\MCC18\SRC\TRADIT~1\PROC\p18f2550.asm
                    FSR0H   0x000fea       data     extern C:\MCC18\SRC\TRADIT~1\PROC\p18f2550.asm
                   PLUSW0   0x000feb       data     extern C:\MCC18\SRC\TRADIT~1\PROC\p18f2550.asm
                  PREINC0   0x000fec       data     extern C:\MCC18\SRC\TRADIT~1\PROC\p18f2550.asm
                 POSTDEC0   0x000fed       data     extern C:\MCC18\SRC\TRADIT~1\PROC\p18f2550.asm
                 POSTINC0   0x000fee       data     extern C:\MCC18\SRC\TRADIT~1\PROC\p18f2550.asm
                    INDF0   0x000fef       data     extern C:\MCC18\SRC\TRADIT~1\PROC\p18f2550.asm
              INTCON3bits   0x000ff0       data     extern C:\MCC18\SRC\TRADIT~1\PROC\p18f2550.asm
                  INTCON3   0x000ff0       data     extern C:\MCC18\SRC\TRADIT~1\PROC\p18f2550.asm
              INTCON2bits   0x000ff1       data     extern C:\MCC18\SRC\TRADIT~1\PROC\p18f2550.asm
                  INTCON2   0x000ff1       data     extern C:\MCC18\SRC\TRADIT~1\PROC\p18f2550.asm
               INTCONbits   0x000ff2       data     extern C:\MCC18\SRC\TRADIT~1\PROC\p18f2550.asm
                   INTCON   0x000ff2       data     extern C:\MCC18\SRC\TRADIT~1\PROC\p18f2550.asm
                     PROD   0x000ff3       data     extern C:\MCC18\SRC\TRADIT~1\PROC\p18f2550.asm
                    PRODL   0x000ff3       data     extern C:\MCC18\SRC\TRADIT~1\PROC\p18f2550.asm
                    PRODH   0x000ff4       data     extern C:\MCC18\SRC\TRADIT~1\PROC\p18f2550.asm
                   TABLAT   0x000ff5       data     extern C:\MCC18\SRC\TRADIT~1\PROC\p18f2550.asm
                  TBLPTRL   0x000ff6       data     extern C:\MCC18\SRC\TRADIT~1\PROC\p18f2550.asm
                   TBLPTR   0x000ff6       data     extern C:\MCC18\SRC\TRADIT~1\PROC\p18f2550.asm
                  TBLPTRH   0x000ff7       data     extern C:\MCC18\SRC\TRADIT~1\PROC\p18f2550.asm
                  TBLPTRU   0x000ff8       data     extern C:\MCC18\SRC\TRADIT~1\PROC\p18f2550.asm
                      PCL   0x000ff9       data     extern C:\MCC18\SRC\TRADIT~1\PROC\p18f2550.asm
                       PC   0x000ff9       data     extern C:\MCC18\SRC\TRADIT~1\PROC\p18f2550.asm
                   PCLATH   0x000ffa       data     extern C:\MCC18\SRC\TRADIT~1\PROC\p18f2550.asm
                   PCLATU   0x000ffb       data     extern C:\MCC18\SRC\TRADIT~1\PROC\p18f2550.asm
                   STKPTR   0x000ffc       data     extern C:\MCC18\SRC\TRADIT~1\PROC\p18f2550.asm
               STKPTRbits   0x000ffc       data     extern C:\MCC18\SRC\TRADIT~1\PROC\p18f2550.asm
                      TOS   0x000ffd       data     extern C:\MCC18\SRC\TRADIT~1\PROC\p18f2550.asm
                     TOSL   0x000ffd       data     extern C:\MCC18\SRC\TRADIT~1\PROC\p18f2550.asm
                     TOSH   0x000ffe       data     extern C:\MCC18\SRC\TRADIT~1\PROC\p18f2550.asm
                     TOSU   0x000fff       data     extern C:\MCC18\SRC\TRADIT~1\PROC\p18f2550.asm


