MPLINK 4.1, Linker
Linker Map File - Created Fri Aug 28 16:53:21 2015

                                 Section Info
                  Section       Type    Address   Location Size(Bytes)
                ---------  ---------  ---------  ---------  ---------
               _entry_scn       code   0x000000    program   0x000006
    HIGH_INTERRUPT_VECTOR       code   0x000008    program   0x000006
     LOW_INTERRUPT_VECTOR       code   0x000018    program   0x000006
    REMAPPED_RESET_VECTOR       code   0x001000    program   0x000006
REMAPPED_HIGH_INTERRUPT_VECTOR       code   0x001008    program   0x000006
REMAPPED_LOW_INTERRUPT_VECTOR       code   0x001018    program   0x000006
                   .cinit    romdata   0x00102a    program   0x00000e
       .code_usb_device.o       code   0x001038    program   0x000b50
             .code_main.o       code   0x001b88    program   0x000444
 .code_usb_function_hid.o       code   0x001fcc    program   0x0000da
.romdata_usb_descriptors.o    romdata   0x0020a6    program   0x0000c6
               _cinit_scn       code   0x00216c    program   0x00009e
                   STRING       code   0x00220a    program   0x000034
             D10KTCYXCODE       code   0x00223e    program   0x00002e
             _startup_scn       code   0x00226c    program   0x00001c
           .code___init.o       code   0x002288    program   0x000002
          .idata_main.o_i    romdata   0x00228a    program   0x00004c
    .config_300000_main.o    romdata   0x300000    program   0x000001
    .config_300001_main.o    romdata   0x300001    program   0x000001
    .config_300002_main.o    romdata   0x300002    program   0x000001
    .config_300003_main.o    romdata   0x300003    program   0x000001
    .config_300005_main.o    romdata   0x300005    program   0x000001
    .config_300006_main.o    romdata   0x300006    program   0x000001
    .config_300008_main.o    romdata   0x300008    program   0x000001
    .config_300009_main.o    romdata   0x300009    program   0x000001
    .config_30000a_main.o    romdata   0x30000a    program   0x000001
    .config_30000b_main.o    romdata   0x30000b    program   0x000001
    .config_30000c_main.o    romdata   0x30000c    program   0x000001
    .config_30000d_main.o    romdata   0x30000d    program   0x000001
                MATH_DATA      udata   0x000000       data   0x00000b
                 .tmpdata      udata   0x00000b       data   0x000003
                DELAYDAT2      udata   0x00000e       data   0x000001
                DELAYDAT1      udata   0x00000f       data   0x000001
            .idata_main.o      idata   0x000060       data   0x00004c
           .udata_c018i.o      udata   0x0000ac       data   0x00000a
            .udata_main.o      udata   0x000100       data   0x0000d2
      .udata_usb_device.o      udata   0x0001d2       data   0x000025
.udata_usb_function_hid.o      udata   0x0001f7       data   0x000003
                   .stack      udata   0x000300       data   0x000100
                  USB_BDT      udata   0x000400       data   0x000036
            SFR_UNBANKED0      udata   0x000f66       data   0x00009a



                              Program Memory Usage 
                               Start         End      
                           ---------   ---------      
                            0x000000    0x000005      
                            0x000008    0x00000d      
                            0x000018    0x00001d      
                            0x001000    0x001005      
                            0x001008    0x00100d      
                            0x001018    0x00101d      
                            0x00102a    0x0022d5      
                            0x300000    0x300003      
                            0x300005    0x300006      
                            0x300008    0x30000d      
            4828 out of 33048 program addresses used, program memory utilization is 14%



                              Symbols - Sorted by Name
                     Name    Address   Location    Storage File                     
                ---------  ---------  ---------  --------- ---------                
                   D10K_1   0x00224a    program     static C:\MCC18\SRC\TRADIT~1\DELAYS\d10ktcyx.asm
                    D10Kl   0x002256    program     static C:\MCC18\SRC\TRADIT~1\DELAYS\d10ktcyx.asm
                    D10Kx   0x002248    program     static C:\MCC18\SRC\TRADIT~1\DELAYS\d10ktcyx.asm
             Delay10KTCYx   0x00223e    program     extern C:\MCC18\SRC\TRADIT~1\DELAYS\d10ktcyx.asm
      HIDGetReportHandler   0x0020a2    program     extern C:\Microchip Solutions\Microchip\Usb\HID Device Driver\usb_function_hid.c
      HIDSetReportHandler   0x0020a4    program     extern C:\Microchip Solutions\Microchip\Usb\HID Device Driver\usb_function_hid.c
                 High_ISR   0x000008    program     extern C:\Users\LaRob\Desktop\projeto\Ahoy\cod\GPRS-GSM SIM 300\main.c
         InitializeSystem   0x001e7a    program     static C:\Users\LaRob\Desktop\projeto\Ahoy\cod\GPRS-GSM SIM 300\main.c
                  Low_ISR   0x000018    program     extern C:\Users\LaRob\Desktop\projeto\Ahoy\cod\GPRS-GSM SIM 300\main.c
                ProcessIO   0x001dc6    program     extern C:\Users\LaRob\Desktop\projeto\Ahoy\cod\GPRS-GSM SIM 300\main.c
        Remapped_High_ISR   0x001008    program     extern C:\Users\LaRob\Desktop\projeto\Ahoy\cod\GPRS-GSM SIM 300\main.c
         Remapped_Low_ISR   0x001018    program     extern C:\Users\LaRob\Desktop\projeto\Ahoy\cod\GPRS-GSM SIM 300\main.c
       USBCBCheckOtherReq   0x001e8c    program     extern C:\Users\LaRob\Desktop\projeto\Ahoy\cod\GPRS-GSM SIM 300\main.c
        USBCBErrorHandler   0x001e8a    program     extern C:\Users\LaRob\Desktop\projeto\Ahoy\cod\GPRS-GSM SIM 300\main.c
              USBCBInitEP   0x001e92    program     extern C:\Users\LaRob\Desktop\projeto\Ahoy\cod\GPRS-GSM SIM 300\main.c
          USBCBSendResume   0x001ea6    program     extern C:\Users\LaRob\Desktop\projeto\Ahoy\cod\GPRS-GSM SIM 300\main.c
    USBCBStdSetDscHandler   0x001e90    program     extern C:\Users\LaRob\Desktop\projeto\Ahoy\cod\GPRS-GSM SIM 300\main.c
             USBCBSuspend   0x001e84    program     extern C:\Users\LaRob\Desktop\projeto\Ahoy\cod\GPRS-GSM SIM 300\main.c
     USBCBWakeFromSuspend   0x001e86    program     extern C:\Users\LaRob\Desktop\projeto\Ahoy\cod\GPRS-GSM SIM 300\main.c
        USBCB_SOF_Handler   0x001e88    program     extern C:\Users\LaRob\Desktop\projeto\Ahoy\cod\GPRS-GSM SIM 300\main.c
       USBCheckHIDRequest   0x001fcc    program     extern C:\Microchip Solutions\Microchip\Usb\HID Device Driver\usb_function_hid.c
       USBCheckStdRequest   0x001374    program     extern C:\Microchip Solutions\Microchip\Usb\usb_device.c
    USBClearInterruptFlag   0x001910    program     extern C:\Microchip Solutions\Microchip\Usb\usb_device.c
     USBConfigureEndpoint   0x0017d6    program     extern C:\Microchip Solutions\Microchip\Usb\usb_device.c
         USBCtrlEPService   0x0011f0    program     extern C:\Microchip Solutions\Microchip\Usb\usb_device.c
 USBCtrlEPServiceComplete   0x0015da    program     extern C:\Microchip Solutions\Microchip\Usb\usb_device.c
      USBCtrlTrfInHandler   0x00126a    program     extern C:\Microchip Solutions\Microchip\Usb\usb_device.c
     USBCtrlTrfOutHandler   0x00125a    program     extern C:\Microchip Solutions\Microchip\Usb\usb_device.c
      USBCtrlTrfRxService   0x0016ee    program     extern C:\Microchip Solutions\Microchip\Usb\usb_device.c
   USBCtrlTrfSetupHandler   0x001236    program     extern C:\Microchip Solutions\Microchip\Usb\usb_device.c
      USBCtrlTrfTxService   0x00164a    program     extern C:\Microchip Solutions\Microchip\Usb\usb_device.c
          USBDeviceAttach   0x00193c    program     extern C:\Microchip Solutions\Microchip\Usb\usb_device.c
          USBDeviceDetach   0x00193a    program     extern C:\Microchip Solutions\Microchip\Usb\usb_device.c
            USBDeviceInit   0x001038    program     extern C:\Microchip Solutions\Microchip\Usb\usb_device.c
           USBDeviceTasks   0x00109e    program     extern C:\Microchip Solutions\Microchip\Usb\usb_device.c
        USBEnableEndpoint   0x00184c    program     extern C:\Microchip Solutions\Microchip\Usb\usb_device.c
USBPrepareForNextSetupTrf   0x0012c2    program     extern C:\Microchip Solutions\Microchip\Usb\usb_device.c
         USBStallEndpoint   0x001884    program     extern C:\Microchip Solutions\Microchip\Usb\usb_device.c
          USBStallHandler   0x0011a0    program     extern C:\Microchip Solutions\Microchip\Usb\usb_device.c
  USBStdFeatureReqHandler   0x00141c    program     extern C:\Microchip Solutions\Microchip\Usb\usb_device.c
      USBStdGetDscHandler   0x0014dc    program     extern C:\Microchip Solutions\Microchip\Usb\usb_device.c
   USBStdGetStatusHandler   0x00155e    program     extern C:\Microchip Solutions\Microchip\Usb\usb_device.c
      USBStdSetCfgHandler   0x0017a0    program     extern C:\Microchip Solutions\Microchip\Usb\usb_device.c
               USBSuspend   0x0011c6    program     extern C:\Microchip Solutions\Microchip\Usb\usb_device.c
     USBTransferOnePacket   0x0018aa    program     extern C:\Microchip Solutions\Microchip\Usb\usb_device.c
       USBWakeFromSuspend   0x0011d8    program     extern C:\Microchip Solutions\Microchip\Usb\usb_device.c
               USB_CD_Ptr   0x002164    program     extern C:\Users\LaRob\Desktop\projeto\Ahoy\cod\GPRS-GSM SIM 300\usb_descriptors.c
               USB_SD_Ptr   0x002166    program     extern C:\Users\LaRob\Desktop\projeto\Ahoy\cod\GPRS-GSM SIM 300\usb_descriptors.c
USER_USB_CALLBACK_EVENT_HANDLER   0x001ec2    program     extern C:\Users\LaRob\Desktop\projeto\Ahoy\cod\GPRS-GSM SIM 300\main.c
                 UserInit   0x001cf2    program     extern C:\Users\LaRob\Desktop\projeto\Ahoy\cod\GPRS-GSM SIM 300\main.c
  YourHighPriorityISRCode   0x001b88    program     extern C:\Users\LaRob\Desktop\projeto\Ahoy\cod\GPRS-GSM SIM 300\main.c
   YourLowPriorityISRCode   0x001c1e    program     extern C:\Users\LaRob\Desktop\projeto\Ahoy\cod\GPRS-GSM SIM 300\main.c
              _2jContinue   0x00222a    program     static C:\MCC18\SRC\TRADIT~1\STDCLIB\memset.asm
                   _3jEnd   0x002234    program     static C:\MCC18\SRC\TRADIT~1\STDCLIB\memset.asm
       _D10KTCYXCODE_0010   0x00224e    program     static C:\MCC18\SRC\TRADIT~1\DELAYS\d10ktcyx.asm
       _D10KTCYXCODE_001C   0x00225a    program     static C:\MCC18\SRC\TRADIT~1\DELAYS\d10ktcyx.asm
      ___case_-1_lbl00064   0x001f42    program     static                          
       ___case_1_lbl00065   0x001f46    program     static                          
      ___case_21_lbl00058   0x001f2a    program     static                          
      ___case_22_lbl00059   0x001f2e    program     static                          
      ___case_23_lbl00060   0x001f32    program     static                          
       ___case_2_lbl00061   0x001f36    program     static                          
       ___case_3_lbl00063   0x001f3e    program     static                          
       ___case_4_lbl00062   0x001f3a    program     static                          
      ___default_lbl00066   0x001f4a    program     static                          
       ___return_lbl00000   0x001004    program     static                          
       ___return_lbl00000   0x000004    program     static                          
       ___return_lbl00001   0x002286    program     static                          
       ___return_lbl00001   0x00100c    program     static                          
       ___return_lbl00002   0x00101c    program     static                          
       ___return_lbl00002   0x002208    program     static                          
       ___return_lbl00003   0x00000c    program     static                          
       ___return_lbl00004   0x00001c    program     static                          
       ___return_lbl00056   0x001f50    program     static                          
   ___switchexit_lbl00057   0x001f4c    program     static                          
               __config_0   0x300000    program     static C:\Users\LaRob\Desktop\projeto\Ahoy\cod\GPRS-GSM SIM 300\main.c
               __config_1   0x300001    program     static C:\Users\LaRob\Desktop\projeto\Ahoy\cod\GPRS-GSM SIM 300\main.c
              __config_10   0x30000c    program     static C:\Users\LaRob\Desktop\projeto\Ahoy\cod\GPRS-GSM SIM 300\main.c
              __config_11   0x30000d    program     static C:\Users\LaRob\Desktop\projeto\Ahoy\cod\GPRS-GSM SIM 300\main.c
               __config_2   0x300002    program     static C:\Users\LaRob\Desktop\projeto\Ahoy\cod\GPRS-GSM SIM 300\main.c
               __config_3   0x300003    program     static C:\Users\LaRob\Desktop\projeto\Ahoy\cod\GPRS-GSM SIM 300\main.c
               __config_4   0x300005    program     static C:\Users\LaRob\Desktop\projeto\Ahoy\cod\GPRS-GSM SIM 300\main.c
               __config_5   0x300006    program     static C:\Users\LaRob\Desktop\projeto\Ahoy\cod\GPRS-GSM SIM 300\main.c
               __config_6   0x300008    program     static C:\Users\LaRob\Desktop\projeto\Ahoy\cod\GPRS-GSM SIM 300\main.c
               __config_7   0x300009    program     static C:\Users\LaRob\Desktop\projeto\Ahoy\cod\GPRS-GSM SIM 300\main.c
               __config_8   0x30000a    program     static C:\Users\LaRob\Desktop\projeto\Ahoy\cod\GPRS-GSM SIM 300\main.c
               __config_9   0x30000b    program     static C:\Users\LaRob\Desktop\projeto\Ahoy\cod\GPRS-GSM SIM 300\main.c
                   __init   0x002288    program     extern C:\MCC18\src\TRADIT~1\stdclib\__init.c
                   __pa_0   0x001f58    program     static C:\Users\LaRob\Desktop\projeto\Ahoy\cod\GPRS-GSM SIM 300\main.c
                   __pa_0   0x001966    program     static C:\Microchip Solutions\Microchip\Usb\usb_device.c
                   __pa_1   0x001f60    program     static C:\Users\LaRob\Desktop\projeto\Ahoy\cod\GPRS-GSM SIM 300\main.c
                   __pa_1   0x001974    program     static C:\Microchip Solutions\Microchip\Usb\usb_device.c
                  __pa_10   0x0019c6    program     static C:\Microchip Solutions\Microchip\Usb\usb_device.c
                  __pa_11   0x0019d6    program     static C:\Microchip Solutions\Microchip\Usb\usb_device.c
                  __pa_12   0x0019ea    program     static C:\Microchip Solutions\Microchip\Usb\usb_device.c
                  __pa_13   0x0019fc    program     static C:\Microchip Solutions\Microchip\Usb\usb_device.c
                  __pa_14   0x001a08    program     static C:\Microchip Solutions\Microchip\Usb\usb_device.c
                  __pa_15   0x001a24    program     static C:\Microchip Solutions\Microchip\Usb\usb_device.c
                  __pa_16   0x001a2e    program     static C:\Microchip Solutions\Microchip\Usb\usb_device.c
                  __pa_17   0x001a34    program     static C:\Microchip Solutions\Microchip\Usb\usb_device.c
                  __pa_18   0x001a38    program     static C:\Microchip Solutions\Microchip\Usb\usb_device.c
                  __pa_19   0x001a44    program     static C:\Microchip Solutions\Microchip\Usb\usb_device.c
                   __pa_2   0x00197a    program     static C:\Microchip Solutions\Microchip\Usb\usb_device.c
                   __pa_2   0x001f7c    program     static C:\Users\LaRob\Desktop\projeto\Ahoy\cod\GPRS-GSM SIM 300\main.c
                  __pa_20   0x001a50    program     static C:\Microchip Solutions\Microchip\Usb\usb_device.c
                  __pa_21   0x001a60    program     static C:\Microchip Solutions\Microchip\Usb\usb_device.c
                  __pa_22   0x001a70    program     static C:\Microchip Solutions\Microchip\Usb\usb_device.c
                  __pa_23   0x001a80    program     static C:\Microchip Solutions\Microchip\Usb\usb_device.c
                  __pa_24   0x001a8e    program     static C:\Microchip Solutions\Microchip\Usb\usb_device.c
                  __pa_25   0x001a9c    program     static C:\Microchip Solutions\Microchip\Usb\usb_device.c
                  __pa_26   0x001aaa    program     static C:\Microchip Solutions\Microchip\Usb\usb_device.c
                  __pa_27   0x001ab8    program     static C:\Microchip Solutions\Microchip\Usb\usb_device.c
                  __pa_28   0x001ac2    program     static C:\Microchip Solutions\Microchip\Usb\usb_device.c
                  __pa_29   0x001ade    program     static C:\Microchip Solutions\Microchip\Usb\usb_device.c
                   __pa_3   0x001984    program     static C:\Microchip Solutions\Microchip\Usb\usb_device.c
                   __pa_3   0x001f84    program     static C:\Users\LaRob\Desktop\projeto\Ahoy\cod\GPRS-GSM SIM 300\main.c
                  __pa_30   0x001aea    program     static C:\Microchip Solutions\Microchip\Usb\usb_device.c
                  __pa_31   0x001af6    program     static C:\Microchip Solutions\Microchip\Usb\usb_device.c
                  __pa_32   0x001b00    program     static C:\Microchip Solutions\Microchip\Usb\usb_device.c
                  __pa_33   0x001b12    program     static C:\Microchip Solutions\Microchip\Usb\usb_device.c
                  __pa_34   0x001b1a    program     static C:\Microchip Solutions\Microchip\Usb\usb_device.c
                  __pa_35   0x001b24    program     static C:\Microchip Solutions\Microchip\Usb\usb_device.c
                  __pa_36   0x001b2e    program     static C:\Microchip Solutions\Microchip\Usb\usb_device.c
                  __pa_37   0x001b3c    program     static C:\Microchip Solutions\Microchip\Usb\usb_device.c
                  __pa_38   0x001b4c    program     static C:\Microchip Solutions\Microchip\Usb\usb_device.c
                  __pa_39   0x001b5a    program     static C:\Microchip Solutions\Microchip\Usb\usb_device.c
                   __pa_4   0x001f92    program     static C:\Users\LaRob\Desktop\projeto\Ahoy\cod\GPRS-GSM SIM 300\main.c
                   __pa_4   0x00198c    program     static C:\Microchip Solutions\Microchip\Usb\usb_device.c
                  __pa_40   0x001b60    program     static C:\Microchip Solutions\Microchip\Usb\usb_device.c
                  __pa_41   0x001b68    program     static C:\Microchip Solutions\Microchip\Usb\usb_device.c
                  __pa_42   0x001b7e    program     static C:\Microchip Solutions\Microchip\Usb\usb_device.c
                   __pa_5   0x001f9e    program     static C:\Users\LaRob\Desktop\projeto\Ahoy\cod\GPRS-GSM SIM 300\main.c
                   __pa_5   0x001996    program     static C:\Microchip Solutions\Microchip\Usb\usb_device.c
                   __pa_6   0x001fae    program     static C:\Users\LaRob\Desktop\projeto\Ahoy\cod\GPRS-GSM SIM 300\main.c
                   __pa_6   0x00199e    program     static C:\Microchip Solutions\Microchip\Usb\usb_device.c
                   __pa_7   0x0019a2    program     static C:\Microchip Solutions\Microchip\Usb\usb_device.c
                   __pa_7   0x001fbc    program     static C:\Users\LaRob\Desktop\projeto\Ahoy\cod\GPRS-GSM SIM 300\main.c
                   __pa_8   0x0019b0    program     static C:\Microchip Solutions\Microchip\Usb\usb_device.c
                   __pa_9   0x0019bc    program     static C:\Microchip Solutions\Microchip\Usb\usb_device.c
               __tmplbl_2   0x001ede    program     static                          
              __tmplbl_25   0x001a34    program     static                          
               __tmplbl_3   0x001eea    program     static                          
              __tmplbl_30   0x001a34    program     static                          
               __tmplbl_4   0x001ef4    program     static                          
               __tmplbl_5   0x001efe    program     static                          
               __tmplbl_6   0x001f08    program     static                          
               __tmplbl_7   0x001f12    program     static                          
               __tmplbl_8   0x001f1c    program     static                          
               __tmplbl_9   0x001f26    program     static                          
                _do_cinit   0x00216c    program     extern C:\MCC18\src\traditional\startup\c018i.c
                   _entry   0x000000    program     extern C:\MCC18\src\traditional\startup\c018i.c
                   _reset   0x001000    program     extern C:\Users\LaRob\Desktop\projeto\Ahoy\cod\GPRS-GSM SIM 300\main.c
                 _startup   0x00226c    program     extern C:\MCC18\src\traditional\startup\c018i.c
        configDescriptor1   0x0020b8    program     extern C:\Users\LaRob\Desktop\projeto\Ahoy\cod\GPRS-GSM SIM 300\usb_descriptors.c
                copy_loop   0x0021de    program     static                          
            copy_one_byte   0x0021e4    program     static                          
               device_dsc   0x0020a6    program     extern C:\Users\LaRob\Desktop\projeto\Ahoy\cod\GPRS-GSM SIM 300\usb_descriptors.c
                     done   0x002208    program     static                          
             done_copying   0x0021f2    program     static                          
                hid_rpt01   0x002147    program     extern C:\Users\LaRob\Desktop\projeto\Ahoy\cod\GPRS-GSM SIM 300\usb_descriptors.c
                     jEnd   0x00223c    program     static C:\MCC18\SRC\TRADIT~1\STDCLIB\memset.asm
                    jLoop   0x00221e    program     static C:\MCC18\SRC\TRADIT~1\STDCLIB\memset.asm
                     loop   0x00227c    program     static                          
                     main   0x001c40    program     extern C:\Users\LaRob\Desktop\projeto\Ahoy\cod\GPRS-GSM SIM 300\main.c
                   memset   0x00220a    program     extern C:\MCC18\SRC\TRADIT~1\STDCLIB\memset.asm
                  rx_data   0x001d46    program     extern C:\Users\LaRob\Desktop\projeto\Ahoy\cod\GPRS-GSM SIM 300\main.c
                    sd000   0x0020e1    program     extern C:\Users\LaRob\Desktop\projeto\Ahoy\cod\GPRS-GSM SIM 300\usb_descriptors.c
                    sd001   0x0020e5    program     extern C:\Users\LaRob\Desktop\projeto\Ahoy\cod\GPRS-GSM SIM 300\usb_descriptors.c
                    sd002   0x002119    program     extern C:\Users\LaRob\Desktop\projeto\Ahoy\cod\GPRS-GSM SIM 300\usb_descriptors.c
                     test   0x002186    program     static                          
                 transmit   0x001d68    program     extern C:\Users\LaRob\Desktop\projeto\Ahoy\cod\GPRS-GSM SIM 300\main.c
                  tx_data   0x001d4e    program     extern C:\Users\LaRob\Desktop\projeto\Ahoy\cod\GPRS-GSM SIM 300\main.c
                   ADCON0   0x000fc2       data     extern C:\MCC18\SRC\TRADIT~1\PROC\p18f2550.asm
               ADCON0bits   0x000fc2       data     extern C:\MCC18\SRC\TRADIT~1\PROC\p18f2550.asm
                   ADCON1   0x000fc1       data     extern C:\MCC18\SRC\TRADIT~1\PROC\p18f2550.asm
               ADCON1bits   0x000fc1       data     extern C:\MCC18\SRC\TRADIT~1\PROC\p18f2550.asm
                   ADCON2   0x000fc0       data     extern C:\MCC18\SRC\TRADIT~1\PROC\p18f2550.asm
               ADCON2bits   0x000fc0       data     extern C:\MCC18\SRC\TRADIT~1\PROC\p18f2550.asm
                    ADRES   0x000fc3       data     extern C:\MCC18\SRC\TRADIT~1\PROC\p18f2550.asm
                   ADRESH   0x000fc4       data     extern C:\MCC18\SRC\TRADIT~1\PROC\p18f2550.asm
                   ADRESL   0x000fc3       data     extern C:\MCC18\SRC\TRADIT~1\PROC\p18f2550.asm
                  BAUDCON   0x000fb8       data     extern C:\MCC18\SRC\TRADIT~1\PROC\p18f2550.asm
              BAUDCONbits   0x000fb8       data     extern C:\MCC18\SRC\TRADIT~1\PROC\p18f2550.asm
                      BDT   0x000400       data     extern C:\Microchip Solutions\Microchip\Usb\usb_device.c
                      BSR   0x000fe0       data     extern C:\MCC18\SRC\TRADIT~1\PROC\p18f2550.asm
                   CCP1AS   0x000fb6       data     extern C:\MCC18\SRC\TRADIT~1\PROC\p18f2550.asm
               CCP1ASbits   0x000fb6       data     extern C:\MCC18\SRC\TRADIT~1\PROC\p18f2550.asm
                  CCP1CON   0x000fbd       data     extern C:\MCC18\SRC\TRADIT~1\PROC\p18f2550.asm
              CCP1CONbits   0x000fbd       data     extern C:\MCC18\SRC\TRADIT~1\PROC\p18f2550.asm
                  CCP1DEL   0x000fb7       data     extern C:\MCC18\SRC\TRADIT~1\PROC\p18f2550.asm
              CCP1DELbits   0x000fb7       data     extern C:\MCC18\SRC\TRADIT~1\PROC\p18f2550.asm
                  CCP2CON   0x000fba       data     extern C:\MCC18\SRC\TRADIT~1\PROC\p18f2550.asm
              CCP2CONbits   0x000fba       data     extern C:\MCC18\SRC\TRADIT~1\PROC\p18f2550.asm
                    CCPR1   0x000fbe       data     extern C:\MCC18\SRC\TRADIT~1\PROC\p18f2550.asm
                   CCPR1H   0x000fbf       data     extern C:\MCC18\SRC\TRADIT~1\PROC\p18f2550.asm
                   CCPR1L   0x000fbe       data     extern C:\MCC18\SRC\TRADIT~1\PROC\p18f2550.asm
                    CCPR2   0x000fbb       data     extern C:\MCC18\SRC\TRADIT~1\PROC\p18f2550.asm
                   CCPR2H   0x000fbc       data     extern C:\MCC18\SRC\TRADIT~1\PROC\p18f2550.asm
                   CCPR2L   0x000fbb       data     extern C:\MCC18\SRC\TRADIT~1\PROC\p18f2550.asm
                    CMCON   0x000fb4       data     extern C:\MCC18\SRC\TRADIT~1\PROC\p18f2550.asm
                CMCONbits   0x000fb4       data     extern C:\MCC18\SRC\TRADIT~1\PROC\p18f2550.asm
                   CVRCON   0x000fb5       data     extern C:\MCC18\SRC\TRADIT~1\PROC\p18f2550.asm
               CVRCONbits   0x000fb5       data     extern C:\MCC18\SRC\TRADIT~1\PROC\p18f2550.asm
              CtrlTrfData   0x000428       data     extern C:\Microchip Solutions\Microchip\Usb\usb_device.c
                     DDRA   0x000f92       data     extern C:\MCC18\SRC\TRADIT~1\PROC\p18f2550.asm
                 DDRAbits   0x000f92       data     extern C:\MCC18\SRC\TRADIT~1\PROC\p18f2550.asm
                     DDRB   0x000f93       data     extern C:\MCC18\SRC\TRADIT~1\PROC\p18f2550.asm
                 DDRBbits   0x000f93       data     extern C:\MCC18\SRC\TRADIT~1\PROC\p18f2550.asm
                     DDRC   0x000f94       data     extern C:\MCC18\SRC\TRADIT~1\PROC\p18f2550.asm
                 DDRCbits   0x000f94       data     extern C:\MCC18\SRC\TRADIT~1\PROC\p18f2550.asm
            DelayCounter1   0x00000f       data     extern C:\MCC18\SRC\TRADIT~1\DELAYS\delayd1.asm
            DelayCounter2   0x00000e       data     extern C:\MCC18\SRC\TRADIT~1\DELAYS\delayd2.asm
                  ECCP1AS   0x000fb6       data     extern C:\MCC18\SRC\TRADIT~1\PROC\p18f2550.asm
              ECCP1ASbits   0x000fb6       data     extern C:\MCC18\SRC\TRADIT~1\PROC\p18f2550.asm
                 ECCP1DEL   0x000fb7       data     extern C:\MCC18\SRC\TRADIT~1\PROC\p18f2550.asm
             ECCP1DELbits   0x000fb7       data     extern C:\MCC18\SRC\TRADIT~1\PROC\p18f2550.asm
                    EEADR   0x000fa9       data     extern C:\MCC18\SRC\TRADIT~1\PROC\p18f2550.asm
                   EECON1   0x000fa6       data     extern C:\MCC18\SRC\TRADIT~1\PROC\p18f2550.asm
               EECON1bits   0x000fa6       data     extern C:\MCC18\SRC\TRADIT~1\PROC\p18f2550.asm
                   EECON2   0x000fa7       data     extern C:\MCC18\SRC\TRADIT~1\PROC\p18f2550.asm
                   EEDATA   0x000fa8       data     extern C:\MCC18\SRC\TRADIT~1\PROC\p18f2550.asm
                     FSR0   0x000fe9       data     extern C:\MCC18\SRC\TRADIT~1\PROC\p18f2550.asm
                    FSR0H   0x000fea       data     extern C:\MCC18\SRC\TRADIT~1\PROC\p18f2550.asm
                    FSR0L   0x000fe9       data     extern C:\MCC18\SRC\TRADIT~1\PROC\p18f2550.asm
                     FSR1   0x000fe1       data     extern C:\MCC18\SRC\TRADIT~1\PROC\p18f2550.asm
                    FSR1H   0x000fe2       data     extern C:\MCC18\SRC\TRADIT~1\PROC\p18f2550.asm
                    FSR1L   0x000fe1       data     extern C:\MCC18\SRC\TRADIT~1\PROC\p18f2550.asm
                     FSR2   0x000fd9       data     extern C:\MCC18\SRC\TRADIT~1\PROC\p18f2550.asm
                    FSR2H   0x000fda       data     extern C:\MCC18\SRC\TRADIT~1\PROC\p18f2550.asm
                    FSR2L   0x000fd9       data     extern C:\MCC18\SRC\TRADIT~1\PROC\p18f2550.asm
                  HLVDCON   0x000fd2       data     extern C:\MCC18\SRC\TRADIT~1\PROC\p18f2550.asm
              HLVDCONbits   0x000fd2       data     extern C:\MCC18\SRC\TRADIT~1\PROC\p18f2550.asm
                    INDF0   0x000fef       data     extern C:\MCC18\SRC\TRADIT~1\PROC\p18f2550.asm
                    INDF1   0x000fe7       data     extern C:\MCC18\SRC\TRADIT~1\PROC\p18f2550.asm
                    INDF2   0x000fdf       data     extern C:\MCC18\SRC\TRADIT~1\PROC\p18f2550.asm
                   INTCON   0x000ff2       data     extern C:\MCC18\SRC\TRADIT~1\PROC\p18f2550.asm
                  INTCON2   0x000ff1       data     extern C:\MCC18\SRC\TRADIT~1\PROC\p18f2550.asm
              INTCON2bits   0x000ff1       data     extern C:\MCC18\SRC\TRADIT~1\PROC\p18f2550.asm
                  INTCON3   0x000ff0       data     extern C:\MCC18\SRC\TRADIT~1\PROC\p18f2550.asm
              INTCON3bits   0x000ff0       data     extern C:\MCC18\SRC\TRADIT~1\PROC\p18f2550.asm
               INTCONbits   0x000ff2       data     extern C:\MCC18\SRC\TRADIT~1\PROC\p18f2550.asm
                     IPR1   0x000f9f       data     extern C:\MCC18\SRC\TRADIT~1\PROC\p18f2550.asm
                 IPR1bits   0x000f9f       data     extern C:\MCC18\SRC\TRADIT~1\PROC\p18f2550.asm
                     IPR2   0x000fa2       data     extern C:\MCC18\SRC\TRADIT~1\PROC\p18f2550.asm
                 IPR2bits   0x000fa2       data     extern C:\MCC18\SRC\TRADIT~1\PROC\p18f2550.asm
                     LATA   0x000f89       data     extern C:\MCC18\SRC\TRADIT~1\PROC\p18f2550.asm
                 LATAbits   0x000f89       data     extern C:\MCC18\SRC\TRADIT~1\PROC\p18f2550.asm
                     LATB   0x000f8a       data     extern C:\MCC18\SRC\TRADIT~1\PROC\p18f2550.asm
                 LATBbits   0x000f8a       data     extern C:\MCC18\SRC\TRADIT~1\PROC\p18f2550.asm
                     LATC   0x000f8b       data     extern C:\MCC18\SRC\TRADIT~1\PROC\p18f2550.asm
                 LATCbits   0x000f8b       data     extern C:\MCC18\SRC\TRADIT~1\PROC\p18f2550.asm
                   LVDCON   0x000fd2       data     extern C:\MCC18\SRC\TRADIT~1\PROC\p18f2550.asm
               LVDCONbits   0x000fd2       data     extern C:\MCC18\SRC\TRADIT~1\PROC\p18f2550.asm
                   OSCCON   0x000fd3       data     extern C:\MCC18\SRC\TRADIT~1\PROC\p18f2550.asm
               OSCCONbits   0x000fd3       data     extern C:\MCC18\SRC\TRADIT~1\PROC\p18f2550.asm
                  OSCTUNE   0x000f9b       data     extern C:\MCC18\SRC\TRADIT~1\PROC\p18f2550.asm
              OSCTUNEbits   0x000f9b       data     extern C:\MCC18\SRC\TRADIT~1\PROC\p18f2550.asm
                       PC   0x000ff9       data     extern C:\MCC18\SRC\TRADIT~1\PROC\p18f2550.asm
                      PCL   0x000ff9       data     extern C:\MCC18\SRC\TRADIT~1\PROC\p18f2550.asm
                   PCLATH   0x000ffa       data     extern C:\MCC18\SRC\TRADIT~1\PROC\p18f2550.asm
                   PCLATU   0x000ffb       data     extern C:\MCC18\SRC\TRADIT~1\PROC\p18f2550.asm
                     PIE1   0x000f9d       data     extern C:\MCC18\SRC\TRADIT~1\PROC\p18f2550.asm
                 PIE1bits   0x000f9d       data     extern C:\MCC18\SRC\TRADIT~1\PROC\p18f2550.asm
                     PIE2   0x000fa0       data     extern C:\MCC18\SRC\TRADIT~1\PROC\p18f2550.asm
                 PIE2bits   0x000fa0       data     extern C:\MCC18\SRC\TRADIT~1\PROC\p18f2550.asm
                     PIR1   0x000f9e       data     extern C:\MCC18\SRC\TRADIT~1\PROC\p18f2550.asm
                 PIR1bits   0x000f9e       data     extern C:\MCC18\SRC\TRADIT~1\PROC\p18f2550.asm
                     PIR2   0x000fa1       data     extern C:\MCC18\SRC\TRADIT~1\PROC\p18f2550.asm
                 PIR2bits   0x000fa1       data     extern C:\MCC18\SRC\TRADIT~1\PROC\p18f2550.asm
                   PLUSW0   0x000feb       data     extern C:\MCC18\SRC\TRADIT~1\PROC\p18f2550.asm
                   PLUSW1   0x000fe3       data     extern C:\MCC18\SRC\TRADIT~1\PROC\p18f2550.asm
                   PLUSW2   0x000fdb       data     extern C:\MCC18\SRC\TRADIT~1\PROC\p18f2550.asm
                    PORTA   0x000f80       data     extern C:\MCC18\SRC\TRADIT~1\PROC\p18f2550.asm
                PORTAbits   0x000f80       data     extern C:\MCC18\SRC\TRADIT~1\PROC\p18f2550.asm
                    PORTB   0x000f81       data     extern C:\MCC18\SRC\TRADIT~1\PROC\p18f2550.asm
                PORTBbits   0x000f81       data     extern C:\MCC18\SRC\TRADIT~1\PROC\p18f2550.asm
                    PORTC   0x000f82       data     extern C:\MCC18\SRC\TRADIT~1\PROC\p18f2550.asm
                PORTCbits   0x000f82       data     extern C:\MCC18\SRC\TRADIT~1\PROC\p18f2550.asm
                    PORTE   0x000f84       data     extern C:\MCC18\SRC\TRADIT~1\PROC\p18f2550.asm
                PORTEbits   0x000f84       data     extern C:\MCC18\SRC\TRADIT~1\PROC\p18f2550.asm
                 POSTDEC0   0x000fed       data     extern C:\MCC18\SRC\TRADIT~1\PROC\p18f2550.asm
                 POSTDEC1   0x000fe5       data     extern C:\MCC18\SRC\TRADIT~1\PROC\p18f2550.asm
                 POSTDEC2   0x000fdd       data     extern C:\MCC18\SRC\TRADIT~1\PROC\p18f2550.asm
                 POSTINC0   0x000fee       data     extern C:\MCC18\SRC\TRADIT~1\PROC\p18f2550.asm
                 POSTINC1   0x000fe6       data     extern C:\MCC18\SRC\TRADIT~1\PROC\p18f2550.asm
                 POSTINC2   0x000fde       data     extern C:\MCC18\SRC\TRADIT~1\PROC\p18f2550.asm
                      PR2   0x000fcb       data     extern C:\MCC18\SRC\TRADIT~1\PROC\p18f2550.asm
                  PREINC0   0x000fec       data     extern C:\MCC18\SRC\TRADIT~1\PROC\p18f2550.asm
                  PREINC1   0x000fe4       data     extern C:\MCC18\SRC\TRADIT~1\PROC\p18f2550.asm
                  PREINC2   0x000fdc       data     extern C:\MCC18\SRC\TRADIT~1\PROC\p18f2550.asm
                     PROD   0x000ff3       data     extern C:\MCC18\SRC\TRADIT~1\PROC\p18f2550.asm
                    PRODH   0x000ff4       data     extern C:\MCC18\SRC\TRADIT~1\PROC\p18f2550.asm
                    PRODL   0x000ff3       data     extern C:\MCC18\SRC\TRADIT~1\PROC\p18f2550.asm
                     RCON   0x000fd0       data     extern C:\MCC18\SRC\TRADIT~1\PROC\p18f2550.asm
                 RCONbits   0x000fd0       data     extern C:\MCC18\SRC\TRADIT~1\PROC\p18f2550.asm
                    RCREG   0x000fae       data     extern C:\MCC18\SRC\TRADIT~1\PROC\p18f2550.asm
                    RCSTA   0x000fab       data     extern C:\MCC18\SRC\TRADIT~1\PROC\p18f2550.asm
                RCSTAbits   0x000fab       data     extern C:\MCC18\SRC\TRADIT~1\PROC\p18f2550.asm
       ReceivedDataBuffer   0x000104       data     extern C:\Users\LaRob\Desktop\projeto\Ahoy\cod\GPRS-GSM SIM 300\main.c
             RemoteWakeup   0x0001f1       data     extern C:\Microchip Solutions\Microchip\Usb\usb_device.c
                     SIGN   0x000009       data     extern C:\MCC18\SRC\TRADIT~1\MATH\cmath18.asm
                    SPBRG   0x000faf       data     extern C:\MCC18\SRC\TRADIT~1\PROC\p18f2550.asm
                   SPBRGH   0x000fb0       data     extern C:\MCC18\SRC\TRADIT~1\PROC\p18f2550.asm
                   SSPADD   0x000fc8       data     extern C:\MCC18\SRC\TRADIT~1\PROC\p18f2550.asm
                   SSPBUF   0x000fc9       data     extern C:\MCC18\SRC\TRADIT~1\PROC\p18f2550.asm
                  SSPCON1   0x000fc6       data     extern C:\MCC18\SRC\TRADIT~1\PROC\p18f2550.asm
              SSPCON1bits   0x000fc6       data     extern C:\MCC18\SRC\TRADIT~1\PROC\p18f2550.asm
                  SSPCON2   0x000fc5       data     extern C:\MCC18\SRC\TRADIT~1\PROC\p18f2550.asm
              SSPCON2bits   0x000fc5       data     extern C:\MCC18\SRC\TRADIT~1\PROC\p18f2550.asm
                  SSPSTAT   0x000fc7       data     extern C:\MCC18\SRC\TRADIT~1\PROC\p18f2550.asm
              SSPSTATbits   0x000fc7       data     extern C:\MCC18\SRC\TRADIT~1\PROC\p18f2550.asm
                   STATUS   0x000fd8       data     extern C:\MCC18\SRC\TRADIT~1\PROC\p18f2550.asm
               STATUSbits   0x000fd8       data     extern C:\MCC18\SRC\TRADIT~1\PROC\p18f2550.asm
                   STKPTR   0x000ffc       data     extern C:\MCC18\SRC\TRADIT~1\PROC\p18f2550.asm
               STKPTRbits   0x000ffc       data     extern C:\MCC18\SRC\TRADIT~1\PROC\p18f2550.asm
                 SetupPkt   0x000420       data     extern C:\Microchip Solutions\Microchip\Usb\usb_device.c
                    T0CON   0x000fd5       data     extern C:\MCC18\SRC\TRADIT~1\PROC\p18f2550.asm
                T0CONbits   0x000fd5       data     extern C:\MCC18\SRC\TRADIT~1\PROC\p18f2550.asm
                    T1CON   0x000fcd       data     extern C:\MCC18\SRC\TRADIT~1\PROC\p18f2550.asm
                T1CONbits   0x000fcd       data     extern C:\MCC18\SRC\TRADIT~1\PROC\p18f2550.asm
                    T2CON   0x000fca       data     extern C:\MCC18\SRC\TRADIT~1\PROC\p18f2550.asm
                T2CONbits   0x000fca       data     extern C:\MCC18\SRC\TRADIT~1\PROC\p18f2550.asm
                    T3CON   0x000fb1       data     extern C:\MCC18\SRC\TRADIT~1\PROC\p18f2550.asm
                T3CONbits   0x000fb1       data     extern C:\MCC18\SRC\TRADIT~1\PROC\p18f2550.asm
                   TABLAT   0x000ff5       data     extern C:\MCC18\SRC\TRADIT~1\PROC\p18f2550.asm
                   TBLPTR   0x000ff6       data     extern C:\MCC18\SRC\TRADIT~1\PROC\p18f2550.asm
                  TBLPTRH   0x000ff7       data     extern C:\MCC18\SRC\TRADIT~1\PROC\p18f2550.asm
                  TBLPTRL   0x000ff6       data     extern C:\MCC18\SRC\TRADIT~1\PROC\p18f2550.asm
                  TBLPTRU   0x000ff8       data     extern C:\MCC18\SRC\TRADIT~1\PROC\p18f2550.asm
                    TMR0H   0x000fd7       data     extern C:\MCC18\SRC\TRADIT~1\PROC\p18f2550.asm
                    TMR0L   0x000fd6       data     extern C:\MCC18\SRC\TRADIT~1\PROC\p18f2550.asm
                    TMR1H   0x000fcf       data     extern C:\MCC18\SRC\TRADIT~1\PROC\p18f2550.asm
                    TMR1L   0x000fce       data     extern C:\MCC18\SRC\TRADIT~1\PROC\p18f2550.asm
                     TMR2   0x000fcc       data     extern C:\MCC18\SRC\TRADIT~1\PROC\p18f2550.asm
                    TMR3H   0x000fb3       data     extern C:\MCC18\SRC\TRADIT~1\PROC\p18f2550.asm
                    TMR3L   0x000fb2       data     extern C:\MCC18\SRC\TRADIT~1\PROC\p18f2550.asm
                      TOS   0x000ffd       data     extern C:\MCC18\SRC\TRADIT~1\PROC\p18f2550.asm
                     TOSH   0x000ffe       data     extern C:\MCC18\SRC\TRADIT~1\PROC\p18f2550.asm
                     TOSL   0x000ffd       data     extern C:\MCC18\SRC\TRADIT~1\PROC\p18f2550.asm
                     TOSU   0x000fff       data     extern C:\MCC18\SRC\TRADIT~1\PROC\p18f2550.asm
                    TRISA   0x000f92       data     extern C:\MCC18\SRC\TRADIT~1\PROC\p18f2550.asm
                TRISAbits   0x000f92       data     extern C:\MCC18\SRC\TRADIT~1\PROC\p18f2550.asm
                    TRISB   0x000f93       data     extern C:\MCC18\SRC\TRADIT~1\PROC\p18f2550.asm
                TRISBbits   0x000f93       data     extern C:\MCC18\SRC\TRADIT~1\PROC\p18f2550.asm
                    TRISC   0x000f94       data     extern C:\MCC18\SRC\TRADIT~1\PROC\p18f2550.asm
                TRISCbits   0x000f94       data     extern C:\MCC18\SRC\TRADIT~1\PROC\p18f2550.asm
                    TXREG   0x000fad       data     extern C:\MCC18\SRC\TRADIT~1\PROC\p18f2550.asm
                    TXSTA   0x000fac       data     extern C:\MCC18\SRC\TRADIT~1\PROC\p18f2550.asm
                TXSTAbits   0x000fac       data     extern C:\MCC18\SRC\TRADIT~1\PROC\p18f2550.asm
         ToSendDataBuffer   0x000144       data     extern C:\Users\LaRob\Desktop\projeto\Ahoy\cod\GPRS-GSM SIM 300\main.c
                    UADDR   0x000f6e       data     extern C:\MCC18\SRC\TRADIT~1\PROC\p18f2550.asm
                UADDRbits   0x000f6e       data     extern C:\MCC18\SRC\TRADIT~1\PROC\p18f2550.asm
                     UCFG   0x000f6f       data     extern C:\MCC18\SRC\TRADIT~1\PROC\p18f2550.asm
                 UCFGbits   0x000f6f       data     extern C:\MCC18\SRC\TRADIT~1\PROC\p18f2550.asm
                     UCON   0x000f6d       data     extern C:\MCC18\SRC\TRADIT~1\PROC\p18f2550.asm
                 UCONbits   0x000f6d       data     extern C:\MCC18\SRC\TRADIT~1\PROC\p18f2550.asm
                     UEIE   0x000f6b       data     extern C:\MCC18\SRC\TRADIT~1\PROC\p18f2550.asm
                 UEIEbits   0x000f6b       data     extern C:\MCC18\SRC\TRADIT~1\PROC\p18f2550.asm
                     UEIR   0x000f6a       data     extern C:\MCC18\SRC\TRADIT~1\PROC\p18f2550.asm
                 UEIRbits   0x000f6a       data     extern C:\MCC18\SRC\TRADIT~1\PROC\p18f2550.asm
                     UEP0   0x000f70       data     extern C:\MCC18\SRC\TRADIT~1\PROC\p18f2550.asm
                 UEP0bits   0x000f70       data     extern C:\MCC18\SRC\TRADIT~1\PROC\p18f2550.asm
                     UEP1   0x000f71       data     extern C:\MCC18\SRC\TRADIT~1\PROC\p18f2550.asm
                    UEP10   0x000f7a       data     extern C:\MCC18\SRC\TRADIT~1\PROC\p18f2550.asm
                UEP10bits   0x000f7a       data     extern C:\MCC18\SRC\TRADIT~1\PROC\p18f2550.asm
                    UEP11   0x000f7b       data     extern C:\MCC18\SRC\TRADIT~1\PROC\p18f2550.asm
                UEP11bits   0x000f7b       data     extern C:\MCC18\SRC\TRADIT~1\PROC\p18f2550.asm
                    UEP12   0x000f7c       data     extern C:\MCC18\SRC\TRADIT~1\PROC\p18f2550.asm
                UEP12bits   0x000f7c       data     extern C:\MCC18\SRC\TRADIT~1\PROC\p18f2550.asm
                    UEP13   0x000f7d       data     extern C:\MCC18\SRC\TRADIT~1\PROC\p18f2550.asm
                UEP13bits   0x000f7d       data     extern C:\MCC18\SRC\TRADIT~1\PROC\p18f2550.asm
                    UEP14   0x000f7e       data     extern C:\MCC18\SRC\TRADIT~1\PROC\p18f2550.asm
                UEP14bits   0x000f7e       data     extern C:\MCC18\SRC\TRADIT~1\PROC\p18f2550.asm
                    UEP15   0x000f7f       data     extern C:\MCC18\SRC\TRADIT~1\PROC\p18f2550.asm
                UEP15bits   0x000f7f       data     extern C:\MCC18\SRC\TRADIT~1\PROC\p18f2550.asm
                 UEP1bits   0x000f71       data     extern C:\MCC18\SRC\TRADIT~1\PROC\p18f2550.asm
                     UEP2   0x000f72       data     extern C:\MCC18\SRC\TRADIT~1\PROC\p18f2550.asm
                 UEP2bits   0x000f72       data     extern C:\MCC18\SRC\TRADIT~1\PROC\p18f2550.asm
                     UEP3   0x000f73       data     extern C:\MCC18\SRC\TRADIT~1\PROC\p18f2550.asm
                 UEP3bits   0x000f73       data     extern C:\MCC18\SRC\TRADIT~1\PROC\p18f2550.asm
                     UEP4   0x000f74       data     extern C:\MCC18\SRC\TRADIT~1\PROC\p18f2550.asm
                 UEP4bits   0x000f74       data     extern C:\MCC18\SRC\TRADIT~1\PROC\p18f2550.asm
                     UEP5   0x000f75       data     extern C:\MCC18\SRC\TRADIT~1\PROC\p18f2550.asm
                 UEP5bits   0x000f75       data     extern C:\MCC18\SRC\TRADIT~1\PROC\p18f2550.asm
                     UEP6   0x000f76       data     extern C:\MCC18\SRC\TRADIT~1\PROC\p18f2550.asm
                 UEP6bits   0x000f76       data     extern C:\MCC18\SRC\TRADIT~1\PROC\p18f2550.asm
                     UEP7   0x000f77       data     extern C:\MCC18\SRC\TRADIT~1\PROC\p18f2550.asm
                 UEP7bits   0x000f77       data     extern C:\MCC18\SRC\TRADIT~1\PROC\p18f2550.asm
                     UEP8   0x000f78       data     extern C:\MCC18\SRC\TRADIT~1\PROC\p18f2550.asm
                 UEP8bits   0x000f78       data     extern C:\MCC18\SRC\TRADIT~1\PROC\p18f2550.asm
                     UEP9   0x000f79       data     extern C:\MCC18\SRC\TRADIT~1\PROC\p18f2550.asm
                 UEP9bits   0x000f79       data     extern C:\MCC18\SRC\TRADIT~1\PROC\p18f2550.asm
                     UFRM   0x000f66       data     extern C:\MCC18\SRC\TRADIT~1\PROC\p18f2550.asm
                    UFRMH   0x000f67       data     extern C:\MCC18\SRC\TRADIT~1\PROC\p18f2550.asm
                UFRMHbits   0x000f67       data     extern C:\MCC18\SRC\TRADIT~1\PROC\p18f2550.asm
                    UFRML   0x000f66       data     extern C:\MCC18\SRC\TRADIT~1\PROC\p18f2550.asm
                UFRMLbits   0x000f66       data     extern C:\MCC18\SRC\TRADIT~1\PROC\p18f2550.asm
                      UIE   0x000f69       data     extern C:\MCC18\SRC\TRADIT~1\PROC\p18f2550.asm
                  UIEbits   0x000f69       data     extern C:\MCC18\SRC\TRADIT~1\PROC\p18f2550.asm
                      UIR   0x000f68       data     extern C:\MCC18\SRC\TRADIT~1\PROC\p18f2550.asm
                  UIRbits   0x000f68       data     extern C:\MCC18\SRC\TRADIT~1\PROC\p18f2550.asm
   USBActiveConfiguration   0x0001d3       data     extern C:\Microchip Solutions\Microchip\Usb\usb_device.c
    USBAlternateInterface   0x0001d4       data     extern C:\Microchip Solutions\Microchip\Usb\usb_device.c
           USBDeviceState   0x0001d2       data     extern C:\Microchip Solutions\Microchip\Usb\usb_device.c
                USBInData   0x0001f5       data     extern C:\Microchip Solutions\Microchip\Usb\usb_device.c
              USBInHandle   0x000062       data     extern C:\Users\LaRob\Desktop\projeto\Ahoy\cod\GPRS-GSM SIM 300\main.c
       USBInMaxPacketSize   0x0001f3       data     extern C:\Microchip Solutions\Microchip\Usb\usb_device.c
             USBOutHandle   0x000060       data     extern C:\Users\LaRob\Desktop\projeto\Ahoy\cod\GPRS-GSM SIM 300\main.c
                    USTAT   0x000f6c       data     extern C:\MCC18\SRC\TRADIT~1\PROC\p18f2550.asm
                USTATbits   0x000f6c       data     extern C:\MCC18\SRC\TRADIT~1\PROC\p18f2550.asm
                USTATcopy   0x0001f2       data     extern C:\Microchip Solutions\Microchip\Usb\usb_device.c
                   WDTCON   0x000fd1       data     extern C:\MCC18\SRC\TRADIT~1\PROC\p18f2550.asm
               WDTCONbits   0x000fd1       data     extern C:\MCC18\SRC\TRADIT~1\PROC\p18f2550.asm
                     WREG   0x000fe8       data     extern C:\MCC18\SRC\TRADIT~1\PROC\p18f2550.asm
                 __AARGB0   0x000007       data     extern C:\MCC18\SRC\TRADIT~1\MATH\aarg.asm
                 __AARGB1   0x000006       data     extern C:\MCC18\SRC\TRADIT~1\MATH\aarg.asm
                 __AARGB2   0x000005       data     extern C:\MCC18\SRC\TRADIT~1\MATH\aarg.asm
                 __AARGB3   0x000004       data     extern C:\MCC18\SRC\TRADIT~1\MATH\aarg.asm
                 __AARGB4   0x000003       data     extern C:\MCC18\SRC\TRADIT~1\MATH\aarg.asm
                 __AARGB5   0x000002       data     extern C:\MCC18\SRC\TRADIT~1\MATH\aarg.asm
                 __AARGB6   0x000001       data     extern C:\MCC18\SRC\TRADIT~1\MATH\aarg.asm
                 __AARGB7   0x000000       data     extern C:\MCC18\SRC\TRADIT~1\MATH\aarg.asm
                   __AEXP   0x000008       data     extern C:\MCC18\SRC\TRADIT~1\MATH\aarg.asm
                __FPFLAGS   0x00000a       data     extern C:\MCC18\SRC\TRADIT~1\MATH\cmath18.asm
            __FPFLAGSbits   0x00000a       data     extern C:\MCC18\SRC\TRADIT~1\MATH\cmath18.asm
                  __REMB0   0x000003       data     extern C:\MCC18\SRC\TRADIT~1\MATH\aarg.asm
                  __REMB1   0x000002       data     extern C:\MCC18\SRC\TRADIT~1\MATH\aarg.asm
                  __REMB2   0x000001       data     extern C:\MCC18\SRC\TRADIT~1\MATH\aarg.asm
                  __REMB3   0x000000       data     extern C:\MCC18\SRC\TRADIT~1\MATH\aarg.asm
                  __tmp_0   0x00000b       data     static C:\Microchip Solutions\Microchip\Usb\usb_device.c
                  __tmp_0   0x00000b       data     static C:\Users\LaRob\Desktop\projeto\Ahoy\cod\GPRS-GSM SIM 300\main.c
          active_protocol   0x0001f8       data     extern C:\Microchip Solutions\Microchip\Usb\HID Device Driver\usb_function_hid.c
                       ch   0x000064       data     extern C:\Users\LaRob\Desktop\projeto\Ahoy\cod\GPRS-GSM SIM 300\main.c
            character_set   0x00009b       data     extern C:\Users\LaRob\Desktop\projeto\Ahoy\cod\GPRS-GSM SIM 300\main.c
     controlTransferState   0x0001e2       data     extern C:\Microchip Solutions\Microchip\Usb\usb_device.c
                curr_byte   0x0000af       data     static C:\MCC18\src\traditional\startup\c018i.c
               curr_entry   0x0000b1       data     static C:\MCC18\src\traditional\startup\c018i.c
                 data_ptr   0x0000b3       data     static C:\MCC18\src\traditional\startup\c018i.c
              delay_count   0x0001d0       data     static C:\Users\LaRob\Desktop\projeto\Ahoy\cod\GPRS-GSM SIM 300\main.c
                    enter   0x0000ab       data     extern C:\Users\LaRob\Desktop\projeto\Ahoy\cod\GPRS-GSM SIM 300\main.c
            hid_report_in   0x000433       data     extern C:\Microchip Solutions\Microchip\Usb\usb_device.c
           hid_report_out   0x000430       data     extern C:\Microchip Solutions\Microchip\Usb\usb_device.c
           hid_rpt_rx_len   0x0001f9       data     extern C:\Microchip Solutions\Microchip\Usb\HID Device Driver\usb_function_hid.c
                        i   0x000065       data     extern C:\Users\LaRob\Desktop\projeto\Ahoy\cod\GPRS-GSM SIM 300\main.c
                idle_rate   0x0001f7       data     extern C:\Microchip Solutions\Microchip\Usb\HID Device Driver\usb_function_hid.c
                  inPipes   0x0001e3       data     extern C:\Microchip Solutions\Microchip\Usb\usb_device.c
                        j   0x000100       data     extern C:\Users\LaRob\Desktop\projeto\Ahoy\cod\GPRS-GSM SIM 300\main.c
                        j   0x0001ca       data     static C:\Users\LaRob\Desktop\projeto\Ahoy\cod\GPRS-GSM SIM 300\main.c
                        k   0x000102       data     extern C:\Users\LaRob\Desktop\projeto\Ahoy\cod\GPRS-GSM SIM 300\main.c
                        k   0x0001ce       data     static C:\Users\LaRob\Desktop\projeto\Ahoy\cod\GPRS-GSM SIM 300\main.c
                        l   0x0001cc       data     static C:\Users\LaRob\Desktop\projeto\Ahoy\cod\GPRS-GSM SIM 300\main.c
                 outPipes   0x0001e8       data     extern C:\Microchip Solutions\Microchip\Usb\usb_device.c
   pBDTEntryEP0OutCurrent   0x0001d5       data     extern C:\Microchip Solutions\Microchip\Usb\usb_device.c
      pBDTEntryEP0OutNext   0x0001d7       data     extern C:\Microchip Solutions\Microchip\Usb\usb_device.c
              pBDTEntryIn   0x0001dd       data     extern C:\Microchip Solutions\Microchip\Usb\usb_device.c
             pBDTEntryOut   0x0001d9       data     extern C:\Microchip Solutions\Microchip\Usb\usb_device.c
                     pDst   0x0001ef       data     extern C:\Microchip Solutions\Microchip\Usb\usb_device.c
                     prom   0x0000ac       data     static C:\MCC18\src\traditional\startup\c018i.c
        shortPacketStatus   0x0001e1       data     extern C:\Microchip Solutions\Microchip\Usb\usb_device.c
                      sms   0x00018a       data     extern C:\Users\LaRob\Desktop\projeto\Ahoy\cod\GPRS-GSM SIM 300\main.c
               sms_format   0x000067       data     extern C:\Users\LaRob\Desktop\projeto\Ahoy\cod\GPRS-GSM SIM 300\main.c
           sms_indication   0x000088       data     extern C:\Users\LaRob\Desktop\projeto\Ahoy\cod\GPRS-GSM SIM 300\main.c
            sms_terminate   0x0000aa       data     extern C:\Users\LaRob\Desktop\projeto\Ahoy\cod\GPRS-GSM SIM 300\main.c
                sms_write   0x000072       data     extern C:\Users\LaRob\Desktop\projeto\Ahoy\cod\GPRS-GSM SIM 300\main.c
              stringArray   0x000184       data     extern C:\Users\LaRob\Desktop\projeto\Ahoy\cod\GPRS-GSM SIM 300\main.c



                              Symbols - Sorted by Address
                     Name    Address   Location    Storage File                     
                ---------  ---------  ---------  --------- ---------                
                   _entry   0x000000    program     extern C:\MCC18\src\traditional\startup\c018i.c
       ___return_lbl00000   0x000004    program     static                          
                 High_ISR   0x000008    program     extern C:\Users\LaRob\Desktop\projeto\Ahoy\cod\GPRS-GSM SIM 300\main.c
       ___return_lbl00003   0x00000c    program     static                          
                  Low_ISR   0x000018    program     extern C:\Users\LaRob\Desktop\projeto\Ahoy\cod\GPRS-GSM SIM 300\main.c
       ___return_lbl00004   0x00001c    program     static                          
                   _reset   0x001000    program     extern C:\Users\LaRob\Desktop\projeto\Ahoy\cod\GPRS-GSM SIM 300\main.c
       ___return_lbl00000   0x001004    program     static                          
        Remapped_High_ISR   0x001008    program     extern C:\Users\LaRob\Desktop\projeto\Ahoy\cod\GPRS-GSM SIM 300\main.c
       ___return_lbl00001   0x00100c    program     static                          
         Remapped_Low_ISR   0x001018    program     extern C:\Users\LaRob\Desktop\projeto\Ahoy\cod\GPRS-GSM SIM 300\main.c
       ___return_lbl00002   0x00101c    program     static                          
            USBDeviceInit   0x001038    program     extern C:\Microchip Solutions\Microchip\Usb\usb_device.c
           USBDeviceTasks   0x00109e    program     extern C:\Microchip Solutions\Microchip\Usb\usb_device.c
          USBStallHandler   0x0011a0    program     extern C:\Microchip Solutions\Microchip\Usb\usb_device.c
               USBSuspend   0x0011c6    program     extern C:\Microchip Solutions\Microchip\Usb\usb_device.c
       USBWakeFromSuspend   0x0011d8    program     extern C:\Microchip Solutions\Microchip\Usb\usb_device.c
         USBCtrlEPService   0x0011f0    program     extern C:\Microchip Solutions\Microchip\Usb\usb_device.c
   USBCtrlTrfSetupHandler   0x001236    program     extern C:\Microchip Solutions\Microchip\Usb\usb_device.c
     USBCtrlTrfOutHandler   0x00125a    program     extern C:\Microchip Solutions\Microchip\Usb\usb_device.c
      USBCtrlTrfInHandler   0x00126a    program     extern C:\Microchip Solutions\Microchip\Usb\usb_device.c
USBPrepareForNextSetupTrf   0x0012c2    program     extern C:\Microchip Solutions\Microchip\Usb\usb_device.c
       USBCheckStdRequest   0x001374    program     extern C:\Microchip Solutions\Microchip\Usb\usb_device.c
  USBStdFeatureReqHandler   0x00141c    program     extern C:\Microchip Solutions\Microchip\Usb\usb_device.c
      USBStdGetDscHandler   0x0014dc    program     extern C:\Microchip Solutions\Microchip\Usb\usb_device.c
   USBStdGetStatusHandler   0x00155e    program     extern C:\Microchip Solutions\Microchip\Usb\usb_device.c
 USBCtrlEPServiceComplete   0x0015da    program     extern C:\Microchip Solutions\Microchip\Usb\usb_device.c
      USBCtrlTrfTxService   0x00164a    program     extern C:\Microchip Solutions\Microchip\Usb\usb_device.c
      USBCtrlTrfRxService   0x0016ee    program     extern C:\Microchip Solutions\Microchip\Usb\usb_device.c
      USBStdSetCfgHandler   0x0017a0    program     extern C:\Microchip Solutions\Microchip\Usb\usb_device.c
     USBConfigureEndpoint   0x0017d6    program     extern C:\Microchip Solutions\Microchip\Usb\usb_device.c
        USBEnableEndpoint   0x00184c    program     extern C:\Microchip Solutions\Microchip\Usb\usb_device.c
         USBStallEndpoint   0x001884    program     extern C:\Microchip Solutions\Microchip\Usb\usb_device.c
     USBTransferOnePacket   0x0018aa    program     extern C:\Microchip Solutions\Microchip\Usb\usb_device.c
    USBClearInterruptFlag   0x001910    program     extern C:\Microchip Solutions\Microchip\Usb\usb_device.c
          USBDeviceDetach   0x00193a    program     extern C:\Microchip Solutions\Microchip\Usb\usb_device.c
          USBDeviceAttach   0x00193c    program     extern C:\Microchip Solutions\Microchip\Usb\usb_device.c
                   __pa_0   0x001966    program     static C:\Microchip Solutions\Microchip\Usb\usb_device.c
                   __pa_1   0x001974    program     static C:\Microchip Solutions\Microchip\Usb\usb_device.c
                   __pa_2   0x00197a    program     static C:\Microchip Solutions\Microchip\Usb\usb_device.c
                   __pa_3   0x001984    program     static C:\Microchip Solutions\Microchip\Usb\usb_device.c
                   __pa_4   0x00198c    program     static C:\Microchip Solutions\Microchip\Usb\usb_device.c
                   __pa_5   0x001996    program     static C:\Microchip Solutions\Microchip\Usb\usb_device.c
                   __pa_6   0x00199e    program     static C:\Microchip Solutions\Microchip\Usb\usb_device.c
                   __pa_7   0x0019a2    program     static C:\Microchip Solutions\Microchip\Usb\usb_device.c
                   __pa_8   0x0019b0    program     static C:\Microchip Solutions\Microchip\Usb\usb_device.c
                   __pa_9   0x0019bc    program     static C:\Microchip Solutions\Microchip\Usb\usb_device.c
                  __pa_10   0x0019c6    program     static C:\Microchip Solutions\Microchip\Usb\usb_device.c
                  __pa_11   0x0019d6    program     static C:\Microchip Solutions\Microchip\Usb\usb_device.c
                  __pa_12   0x0019ea    program     static C:\Microchip Solutions\Microchip\Usb\usb_device.c
                  __pa_13   0x0019fc    program     static C:\Microchip Solutions\Microchip\Usb\usb_device.c
                  __pa_14   0x001a08    program     static C:\Microchip Solutions\Microchip\Usb\usb_device.c
                  __pa_15   0x001a24    program     static C:\Microchip Solutions\Microchip\Usb\usb_device.c
                  __pa_16   0x001a2e    program     static C:\Microchip Solutions\Microchip\Usb\usb_device.c
                  __pa_17   0x001a34    program     static C:\Microchip Solutions\Microchip\Usb\usb_device.c
              __tmplbl_30   0x001a34    program     static                          
              __tmplbl_25   0x001a34    program     static                          
                  __pa_18   0x001a38    program     static C:\Microchip Solutions\Microchip\Usb\usb_device.c
                  __pa_19   0x001a44    program     static C:\Microchip Solutions\Microchip\Usb\usb_device.c
                  __pa_20   0x001a50    program     static C:\Microchip Solutions\Microchip\Usb\usb_device.c
                  __pa_21   0x001a60    program     static C:\Microchip Solutions\Microchip\Usb\usb_device.c
                  __pa_22   0x001a70    program     static C:\Microchip Solutions\Microchip\Usb\usb_device.c
                  __pa_23   0x001a80    program     static C:\Microchip Solutions\Microchip\Usb\usb_device.c
                  __pa_24   0x001a8e    program     static C:\Microchip Solutions\Microchip\Usb\usb_device.c
                  __pa_25   0x001a9c    program     static C:\Microchip Solutions\Microchip\Usb\usb_device.c
                  __pa_26   0x001aaa    program     static C:\Microchip Solutions\Microchip\Usb\usb_device.c
                  __pa_27   0x001ab8    program     static C:\Microchip Solutions\Microchip\Usb\usb_device.c
                  __pa_28   0x001ac2    program     static C:\Microchip Solutions\Microchip\Usb\usb_device.c
                  __pa_29   0x001ade    program     static C:\Microchip Solutions\Microchip\Usb\usb_device.c
                  __pa_30   0x001aea    program     static C:\Microchip Solutions\Microchip\Usb\usb_device.c
                  __pa_31   0x001af6    program     static C:\Microchip Solutions\Microchip\Usb\usb_device.c
                  __pa_32   0x001b00    program     static C:\Microchip Solutions\Microchip\Usb\usb_device.c
                  __pa_33   0x001b12    program     static C:\Microchip Solutions\Microchip\Usb\usb_device.c
                  __pa_34   0x001b1a    program     static C:\Microchip Solutions\Microchip\Usb\usb_device.c
                  __pa_35   0x001b24    program     static C:\Microchip Solutions\Microchip\Usb\usb_device.c
                  __pa_36   0x001b2e    program     static C:\Microchip Solutions\Microchip\Usb\usb_device.c
                  __pa_37   0x001b3c    program     static C:\Microchip Solutions\Microchip\Usb\usb_device.c
                  __pa_38   0x001b4c    program     static C:\Microchip Solutions\Microchip\Usb\usb_device.c
                  __pa_39   0x001b5a    program     static C:\Microchip Solutions\Microchip\Usb\usb_device.c
                  __pa_40   0x001b60    program     static C:\Microchip Solutions\Microchip\Usb\usb_device.c
                  __pa_41   0x001b68    program     static C:\Microchip Solutions\Microchip\Usb\usb_device.c
                  __pa_42   0x001b7e    program     static C:\Microchip Solutions\Microchip\Usb\usb_device.c
  YourHighPriorityISRCode   0x001b88    program     extern C:\Users\LaRob\Desktop\projeto\Ahoy\cod\GPRS-GSM SIM 300\main.c
   YourLowPriorityISRCode   0x001c1e    program     extern C:\Users\LaRob\Desktop\projeto\Ahoy\cod\GPRS-GSM SIM 300\main.c
                     main   0x001c40    program     extern C:\Users\LaRob\Desktop\projeto\Ahoy\cod\GPRS-GSM SIM 300\main.c
                 UserInit   0x001cf2    program     extern C:\Users\LaRob\Desktop\projeto\Ahoy\cod\GPRS-GSM SIM 300\main.c
                  rx_data   0x001d46    program     extern C:\Users\LaRob\Desktop\projeto\Ahoy\cod\GPRS-GSM SIM 300\main.c
                  tx_data   0x001d4e    program     extern C:\Users\LaRob\Desktop\projeto\Ahoy\cod\GPRS-GSM SIM 300\main.c
                 transmit   0x001d68    program     extern C:\Users\LaRob\Desktop\projeto\Ahoy\cod\GPRS-GSM SIM 300\main.c
                ProcessIO   0x001dc6    program     extern C:\Users\LaRob\Desktop\projeto\Ahoy\cod\GPRS-GSM SIM 300\main.c
         InitializeSystem   0x001e7a    program     static C:\Users\LaRob\Desktop\projeto\Ahoy\cod\GPRS-GSM SIM 300\main.c
             USBCBSuspend   0x001e84    program     extern C:\Users\LaRob\Desktop\projeto\Ahoy\cod\GPRS-GSM SIM 300\main.c
     USBCBWakeFromSuspend   0x001e86    program     extern C:\Users\LaRob\Desktop\projeto\Ahoy\cod\GPRS-GSM SIM 300\main.c
        USBCB_SOF_Handler   0x001e88    program     extern C:\Users\LaRob\Desktop\projeto\Ahoy\cod\GPRS-GSM SIM 300\main.c
        USBCBErrorHandler   0x001e8a    program     extern C:\Users\LaRob\Desktop\projeto\Ahoy\cod\GPRS-GSM SIM 300\main.c
       USBCBCheckOtherReq   0x001e8c    program     extern C:\Users\LaRob\Desktop\projeto\Ahoy\cod\GPRS-GSM SIM 300\main.c
    USBCBStdSetDscHandler   0x001e90    program     extern C:\Users\LaRob\Desktop\projeto\Ahoy\cod\GPRS-GSM SIM 300\main.c
              USBCBInitEP   0x001e92    program     extern C:\Users\LaRob\Desktop\projeto\Ahoy\cod\GPRS-GSM SIM 300\main.c
          USBCBSendResume   0x001ea6    program     extern C:\Users\LaRob\Desktop\projeto\Ahoy\cod\GPRS-GSM SIM 300\main.c
USER_USB_CALLBACK_EVENT_HANDLER   0x001ec2    program     extern C:\Users\LaRob\Desktop\projeto\Ahoy\cod\GPRS-GSM SIM 300\main.c
               __tmplbl_2   0x001ede    program     static                          
               __tmplbl_3   0x001eea    program     static                          
               __tmplbl_4   0x001ef4    program     static                          
               __tmplbl_5   0x001efe    program     static                          
               __tmplbl_6   0x001f08    program     static                          
               __tmplbl_7   0x001f12    program     static                          
               __tmplbl_8   0x001f1c    program     static                          
               __tmplbl_9   0x001f26    program     static                          
      ___case_21_lbl00058   0x001f2a    program     static                          
      ___case_22_lbl00059   0x001f2e    program     static                          
      ___case_23_lbl00060   0x001f32    program     static                          
       ___case_2_lbl00061   0x001f36    program     static                          
       ___case_4_lbl00062   0x001f3a    program     static                          
       ___case_3_lbl00063   0x001f3e    program     static                          
      ___case_-1_lbl00064   0x001f42    program     static                          
       ___case_1_lbl00065   0x001f46    program     static                          
      ___default_lbl00066   0x001f4a    program     static                          
   ___switchexit_lbl00057   0x001f4c    program     static                          
       ___return_lbl00056   0x001f50    program     static                          
                   __pa_0   0x001f58    program     static C:\Users\LaRob\Desktop\projeto\Ahoy\cod\GPRS-GSM SIM 300\main.c
                   __pa_1   0x001f60    program     static C:\Users\LaRob\Desktop\projeto\Ahoy\cod\GPRS-GSM SIM 300\main.c
                   __pa_2   0x001f7c    program     static C:\Users\LaRob\Desktop\projeto\Ahoy\cod\GPRS-GSM SIM 300\main.c
                   __pa_3   0x001f84    program     static C:\Users\LaRob\Desktop\projeto\Ahoy\cod\GPRS-GSM SIM 300\main.c
                   __pa_4   0x001f92    program     static C:\Users\LaRob\Desktop\projeto\Ahoy\cod\GPRS-GSM SIM 300\main.c
                   __pa_5   0x001f9e    program     static C:\Users\LaRob\Desktop\projeto\Ahoy\cod\GPRS-GSM SIM 300\main.c
                   __pa_6   0x001fae    program     static C:\Users\LaRob\Desktop\projeto\Ahoy\cod\GPRS-GSM SIM 300\main.c
                   __pa_7   0x001fbc    program     static C:\Users\LaRob\Desktop\projeto\Ahoy\cod\GPRS-GSM SIM 300\main.c
       USBCheckHIDRequest   0x001fcc    program     extern C:\Microchip Solutions\Microchip\Usb\HID Device Driver\usb_function_hid.c
      HIDGetReportHandler   0x0020a2    program     extern C:\Microchip Solutions\Microchip\Usb\HID Device Driver\usb_function_hid.c
      HIDSetReportHandler   0x0020a4    program     extern C:\Microchip Solutions\Microchip\Usb\HID Device Driver\usb_function_hid.c
               device_dsc   0x0020a6    program     extern C:\Users\LaRob\Desktop\projeto\Ahoy\cod\GPRS-GSM SIM 300\usb_descriptors.c
        configDescriptor1   0x0020b8    program     extern C:\Users\LaRob\Desktop\projeto\Ahoy\cod\GPRS-GSM SIM 300\usb_descriptors.c
                    sd000   0x0020e1    program     extern C:\Users\LaRob\Desktop\projeto\Ahoy\cod\GPRS-GSM SIM 300\usb_descriptors.c
                    sd001   0x0020e5    program     extern C:\Users\LaRob\Desktop\projeto\Ahoy\cod\GPRS-GSM SIM 300\usb_descriptors.c
                    sd002   0x002119    program     extern C:\Users\LaRob\Desktop\projeto\Ahoy\cod\GPRS-GSM SIM 300\usb_descriptors.c
                hid_rpt01   0x002147    program     extern C:\Users\LaRob\Desktop\projeto\Ahoy\cod\GPRS-GSM SIM 300\usb_descriptors.c
               USB_CD_Ptr   0x002164    program     extern C:\Users\LaRob\Desktop\projeto\Ahoy\cod\GPRS-GSM SIM 300\usb_descriptors.c
               USB_SD_Ptr   0x002166    program     extern C:\Users\LaRob\Desktop\projeto\Ahoy\cod\GPRS-GSM SIM 300\usb_descriptors.c
                _do_cinit   0x00216c    program     extern C:\MCC18\src\traditional\startup\c018i.c
                     test   0x002186    program     static                          
                copy_loop   0x0021de    program     static                          
            copy_one_byte   0x0021e4    program     static                          
             done_copying   0x0021f2    program     static                          
                     done   0x002208    program     static                          
       ___return_lbl00002   0x002208    program     static                          
                   memset   0x00220a    program     extern C:\MCC18\SRC\TRADIT~1\STDCLIB\memset.asm
                    jLoop   0x00221e    program     static C:\MCC18\SRC\TRADIT~1\STDCLIB\memset.asm
              _2jContinue   0x00222a    program     static C:\MCC18\SRC\TRADIT~1\STDCLIB\memset.asm
                   _3jEnd   0x002234    program     static C:\MCC18\SRC\TRADIT~1\STDCLIB\memset.asm
                     jEnd   0x00223c    program     static C:\MCC18\SRC\TRADIT~1\STDCLIB\memset.asm
             Delay10KTCYx   0x00223e    program     extern C:\MCC18\SRC\TRADIT~1\DELAYS\d10ktcyx.asm
                    D10Kx   0x002248    program     static C:\MCC18\SRC\TRADIT~1\DELAYS\d10ktcyx.asm
                   D10K_1   0x00224a    program     static C:\MCC18\SRC\TRADIT~1\DELAYS\d10ktcyx.asm
       _D10KTCYXCODE_0010   0x00224e    program     static C:\MCC18\SRC\TRADIT~1\DELAYS\d10ktcyx.asm
                    D10Kl   0x002256    program     static C:\MCC18\SRC\TRADIT~1\DELAYS\d10ktcyx.asm
       _D10KTCYXCODE_001C   0x00225a    program     static C:\MCC18\SRC\TRADIT~1\DELAYS\d10ktcyx.asm
                 _startup   0x00226c    program     extern C:\MCC18\src\traditional\startup\c018i.c
                     loop   0x00227c    program     static                          
       ___return_lbl00001   0x002286    program     static                          
                   __init   0x002288    program     extern C:\MCC18\src\TRADIT~1\stdclib\__init.c
               __config_0   0x300000    program     static C:\Users\LaRob\Desktop\projeto\Ahoy\cod\GPRS-GSM SIM 300\main.c
               __config_1   0x300001    program     static C:\Users\LaRob\Desktop\projeto\Ahoy\cod\GPRS-GSM SIM 300\main.c
               __config_2   0x300002    program     static C:\Users\LaRob\Desktop\projeto\Ahoy\cod\GPRS-GSM SIM 300\main.c
               __config_3   0x300003    program     static C:\Users\LaRob\Desktop\projeto\Ahoy\cod\GPRS-GSM SIM 300\main.c
               __config_4   0x300005    program     static C:\Users\LaRob\Desktop\projeto\Ahoy\cod\GPRS-GSM SIM 300\main.c
               __config_5   0x300006    program     static C:\Users\LaRob\Desktop\projeto\Ahoy\cod\GPRS-GSM SIM 300\main.c
               __config_6   0x300008    program     static C:\Users\LaRob\Desktop\projeto\Ahoy\cod\GPRS-GSM SIM 300\main.c
               __config_7   0x300009    program     static C:\Users\LaRob\Desktop\projeto\Ahoy\cod\GPRS-GSM SIM 300\main.c
               __config_8   0x30000a    program     static C:\Users\LaRob\Desktop\projeto\Ahoy\cod\GPRS-GSM SIM 300\main.c
               __config_9   0x30000b    program     static C:\Users\LaRob\Desktop\projeto\Ahoy\cod\GPRS-GSM SIM 300\main.c
              __config_10   0x30000c    program     static C:\Users\LaRob\Desktop\projeto\Ahoy\cod\GPRS-GSM SIM 300\main.c
              __config_11   0x30000d    program     static C:\Users\LaRob\Desktop\projeto\Ahoy\cod\GPRS-GSM SIM 300\main.c
                  __REMB3   0x000000       data     extern C:\MCC18\SRC\TRADIT~1\MATH\aarg.asm
                 __AARGB7   0x000000       data     extern C:\MCC18\SRC\TRADIT~1\MATH\aarg.asm
                  __REMB2   0x000001       data     extern C:\MCC18\SRC\TRADIT~1\MATH\aarg.asm
                 __AARGB6   0x000001       data     extern C:\MCC18\SRC\TRADIT~1\MATH\aarg.asm
                  __REMB1   0x000002       data     extern C:\MCC18\SRC\TRADIT~1\MATH\aarg.asm
                 __AARGB5   0x000002       data     extern C:\MCC18\SRC\TRADIT~1\MATH\aarg.asm
                 __AARGB4   0x000003       data     extern C:\MCC18\SRC\TRADIT~1\MATH\aarg.asm
                  __REMB0   0x000003       data     extern C:\MCC18\SRC\TRADIT~1\MATH\aarg.asm
                 __AARGB3   0x000004       data     extern C:\MCC18\SRC\TRADIT~1\MATH\aarg.asm
                 __AARGB2   0x000005       data     extern C:\MCC18\SRC\TRADIT~1\MATH\aarg.asm
                 __AARGB1   0x000006       data     extern C:\MCC18\SRC\TRADIT~1\MATH\aarg.asm
                 __AARGB0   0x000007       data     extern C:\MCC18\SRC\TRADIT~1\MATH\aarg.asm
                   __AEXP   0x000008       data     extern C:\MCC18\SRC\TRADIT~1\MATH\aarg.asm
                     SIGN   0x000009       data     extern C:\MCC18\SRC\TRADIT~1\MATH\cmath18.asm
            __FPFLAGSbits   0x00000a       data     extern C:\MCC18\SRC\TRADIT~1\MATH\cmath18.asm
                __FPFLAGS   0x00000a       data     extern C:\MCC18\SRC\TRADIT~1\MATH\cmath18.asm
                  __tmp_0   0x00000b       data     static C:\Microchip Solutions\Microchip\Usb\usb_device.c
                  __tmp_0   0x00000b       data     static C:\Users\LaRob\Desktop\projeto\Ahoy\cod\GPRS-GSM SIM 300\main.c
            DelayCounter2   0x00000e       data     extern C:\MCC18\SRC\TRADIT~1\DELAYS\delayd2.asm
            DelayCounter1   0x00000f       data     extern C:\MCC18\SRC\TRADIT~1\DELAYS\delayd1.asm
             USBOutHandle   0x000060       data     extern C:\Users\LaRob\Desktop\projeto\Ahoy\cod\GPRS-GSM SIM 300\main.c
              USBInHandle   0x000062       data     extern C:\Users\LaRob\Desktop\projeto\Ahoy\cod\GPRS-GSM SIM 300\main.c
                       ch   0x000064       data     extern C:\Users\LaRob\Desktop\projeto\Ahoy\cod\GPRS-GSM SIM 300\main.c
                        i   0x000065       data     extern C:\Users\LaRob\Desktop\projeto\Ahoy\cod\GPRS-GSM SIM 300\main.c
               sms_format   0x000067       data     extern C:\Users\LaRob\Desktop\projeto\Ahoy\cod\GPRS-GSM SIM 300\main.c
                sms_write   0x000072       data     extern C:\Users\LaRob\Desktop\projeto\Ahoy\cod\GPRS-GSM SIM 300\main.c
           sms_indication   0x000088       data     extern C:\Users\LaRob\Desktop\projeto\Ahoy\cod\GPRS-GSM SIM 300\main.c
            character_set   0x00009b       data     extern C:\Users\LaRob\Desktop\projeto\Ahoy\cod\GPRS-GSM SIM 300\main.c
            sms_terminate   0x0000aa       data     extern C:\Users\LaRob\Desktop\projeto\Ahoy\cod\GPRS-GSM SIM 300\main.c
                    enter   0x0000ab       data     extern C:\Users\LaRob\Desktop\projeto\Ahoy\cod\GPRS-GSM SIM 300\main.c
                     prom   0x0000ac       data     static C:\MCC18\src\traditional\startup\c018i.c
                curr_byte   0x0000af       data     static C:\MCC18\src\traditional\startup\c018i.c
               curr_entry   0x0000b1       data     static C:\MCC18\src\traditional\startup\c018i.c
                 data_ptr   0x0000b3       data     static C:\MCC18\src\traditional\startup\c018i.c
                        j   0x000100       data     extern C:\Users\LaRob\Desktop\projeto\Ahoy\cod\GPRS-GSM SIM 300\main.c
                        k   0x000102       data     extern C:\Users\LaRob\Desktop\projeto\Ahoy\cod\GPRS-GSM SIM 300\main.c
       ReceivedDataBuffer   0x000104       data     extern C:\Users\LaRob\Desktop\projeto\Ahoy\cod\GPRS-GSM SIM 300\main.c
         ToSendDataBuffer   0x000144       data     extern C:\Users\LaRob\Desktop\projeto\Ahoy\cod\GPRS-GSM SIM 300\main.c
              stringArray   0x000184       data     extern C:\Users\LaRob\Desktop\projeto\Ahoy\cod\GPRS-GSM SIM 300\main.c
                      sms   0x00018a       data     extern C:\Users\LaRob\Desktop\projeto\Ahoy\cod\GPRS-GSM SIM 300\main.c
                        j   0x0001ca       data     static C:\Users\LaRob\Desktop\projeto\Ahoy\cod\GPRS-GSM SIM 300\main.c
                        l   0x0001cc       data     static C:\Users\LaRob\Desktop\projeto\Ahoy\cod\GPRS-GSM SIM 300\main.c
                        k   0x0001ce       data     static C:\Users\LaRob\Desktop\projeto\Ahoy\cod\GPRS-GSM SIM 300\main.c
              delay_count   0x0001d0       data     static C:\Users\LaRob\Desktop\projeto\Ahoy\cod\GPRS-GSM SIM 300\main.c
           USBDeviceState   0x0001d2       data     extern C:\Microchip Solutions\Microchip\Usb\usb_device.c
   USBActiveConfiguration   0x0001d3       data     extern C:\Microchip Solutions\Microchip\Usb\usb_device.c
    USBAlternateInterface   0x0001d4       data     extern C:\Microchip Solutions\Microchip\Usb\usb_device.c
   pBDTEntryEP0OutCurrent   0x0001d5       data     extern C:\Microchip Solutions\Microchip\Usb\usb_device.c
      pBDTEntryEP0OutNext   0x0001d7       data     extern C:\Microchip Solutions\Microchip\Usb\usb_device.c
             pBDTEntryOut   0x0001d9       data     extern C:\Microchip Solutions\Microchip\Usb\usb_device.c
              pBDTEntryIn   0x0001dd       data     extern C:\Microchip Solutions\Microchip\Usb\usb_device.c
        shortPacketStatus   0x0001e1       data     extern C:\Microchip Solutions\Microchip\Usb\usb_device.c
     controlTransferState   0x0001e2       data     extern C:\Microchip Solutions\Microchip\Usb\usb_device.c
                  inPipes   0x0001e3       data     extern C:\Microchip Solutions\Microchip\Usb\usb_device.c
                 outPipes   0x0001e8       data     extern C:\Microchip Solutions\Microchip\Usb\usb_device.c
                     pDst   0x0001ef       data     extern C:\Microchip Solutions\Microchip\Usb\usb_device.c
             RemoteWakeup   0x0001f1       data     extern C:\Microchip Solutions\Microchip\Usb\usb_device.c
                USTATcopy   0x0001f2       data     extern C:\Microchip Solutions\Microchip\Usb\usb_device.c
       USBInMaxPacketSize   0x0001f3       data     extern C:\Microchip Solutions\Microchip\Usb\usb_device.c
                USBInData   0x0001f5       data     extern C:\Microchip Solutions\Microchip\Usb\usb_device.c
                idle_rate   0x0001f7       data     extern C:\Microchip Solutions\Microchip\Usb\HID Device Driver\usb_function_hid.c
          active_protocol   0x0001f8       data     extern C:\Microchip Solutions\Microchip\Usb\HID Device Driver\usb_function_hid.c
           hid_rpt_rx_len   0x0001f9       data     extern C:\Microchip Solutions\Microchip\Usb\HID Device Driver\usb_function_hid.c
                      BDT   0x000400       data     extern C:\Microchip Solutions\Microchip\Usb\usb_device.c
                 SetupPkt   0x000420       data     extern C:\Microchip Solutions\Microchip\Usb\usb_device.c
              CtrlTrfData   0x000428       data     extern C:\Microchip Solutions\Microchip\Usb\usb_device.c
           hid_report_out   0x000430       data     extern C:\Microchip Solutions\Microchip\Usb\usb_device.c
            hid_report_in   0x000433       data     extern C:\Microchip Solutions\Microchip\Usb\usb_device.c
                UFRMLbits   0x000f66       data     extern C:\MCC18\SRC\TRADIT~1\PROC\p18f2550.asm
                    UFRML   0x000f66       data     extern C:\MCC18\SRC\TRADIT~1\PROC\p18f2550.asm
                     UFRM   0x000f66       data     extern C:\MCC18\SRC\TRADIT~1\PROC\p18f2550.asm
                    UFRMH   0x000f67       data     extern C:\MCC18\SRC\TRADIT~1\PROC\p18f2550.asm
                UFRMHbits   0x000f67       data     extern C:\MCC18\SRC\TRADIT~1\PROC\p18f2550.asm
                      UIR   0x000f68       data     extern C:\MCC18\SRC\TRADIT~1\PROC\p18f2550.asm
                  UIRbits   0x000f68       data     extern C:\MCC18\SRC\TRADIT~1\PROC\p18f2550.asm
                  UIEbits   0x000f69       data     extern C:\MCC18\SRC\TRADIT~1\PROC\p18f2550.asm
                      UIE   0x000f69       data     extern C:\MCC18\SRC\TRADIT~1\PROC\p18f2550.asm
                 UEIRbits   0x000f6a       data     extern C:\MCC18\SRC\TRADIT~1\PROC\p18f2550.asm
[...]
                 UEP1bits   0x000f71       data     extern C:\MCC18\SRC\TRADIT~1\PROC\p18f2550.asm
                     UEP2   0x000f72       data     extern C:\MCC18\SRC\TRADIT~1\PROC\p18f2550.asm
                 UEP2bits   0x000f72       data     extern C:\MCC18\SRC\TRADIT~1\PROC\p18f2550.asm
                 UEP3bits   0x000f73       data     extern C:\MCC18\SRC\TRADIT~1\PROC\p18f2550.asm
                     UEP3   0x000f73       data     extern C:\MCC18\SRC\TRADIT~1\PROC\p18f2550.asm
                 UEP4bits   0x000f74       data     extern C:\MCC18\SRC\TRADIT~1\PROC\p18f2550.asm
                     UEP4   0x000f74       data     extern C:\MCC18\SRC\TRADIT~1\PROC\p18f2550.asm
                     UEP5   0x000f75       data     extern C:\MCC18\SRC\TRADIT~1\PROC\p18f2550.asm
                 UEP5bits   0x000f75       data     extern C:\MCC18\SRC\TRADIT~1\PROC\p18f2550.asm
                     UEP6   0x000f76       data     extern C:\MCC18\SRC\TRADIT~1\PROC\p18f2550.asm
                 UEP6bits   0x000f76       data     extern C:\MCC18\SRC\TRADIT~1\PROC\p18f2550.asm
                     UEP7   0x000f77       data     extern C:\MCC18\SRC\TRADIT~1\PROC\p18f2550.asm
                 UEP7bits   0x000f77       data     extern C:\MCC18\SRC\TRADIT~1\PROC\p18f2550.asm
                     UEP8   0x000f78       data     extern C:\MCC18\SRC\TRADIT~1\PROC\p18f2550.asm
                 UEP8bits   0x000f78       data     extern C:\MCC18\SRC\TRADIT~1\PROC\p18f2550.asm
                     UEP9   0x000f79       data     extern C:\MCC18\SRC\TRADIT~1\PROC\p18f2550.asm
                 UEP9bits   0x000f79       data     extern C:\MCC18\SRC\TRADIT~1\PROC\p18f2550.asm
                    UEP10   0x000f7a       data     extern C:\MCC18\SRC\TRADIT~1\PROC\p18f2550.asm
                UEP10bits   0x000f7a       data     extern C:\MCC18\SRC\TRADIT~1\PROC\p18f2550.asm
                    UEP11   0x000f7b       data     extern C:\MCC18\SRC\TRADIT~1\PROC\p18f2550.asm
                UEP11bits   0x000f7b       data     extern C:\MCC18\SRC\TRADIT~1\PROC\p18f2550.asm
                    UEP12   0x000f7c       data     extern C:\MCC18\SRC\TRADIT~1\PROC\p18f2550.asm
                UEP12bits   0x000f7c       data     extern C:\MCC18\SRC\TRADIT~1\PROC\p18f2550.asm
                UEP13bits   0x000f7d       data     extern C:\MCC18\SRC\TRADIT~1\PROC\p18f2550.asm
                    UEP13   0x000f7d       data     extern C:\MCC18\SRC\TRADIT~1\PROC\p18f2550.asm
                    UEP14   0x000f7e       data     extern C:\MCC18\SRC\TRADIT~1\PROC\p18f2550.asm
                UEP14bits   0x000f7e       data     extern C:\MCC18\SRC\TRADIT~1\PROC\p18f2550.asm
                    UEP15   0x000f7f       data     extern C:\MCC18\SRC\TRADIT~1\PROC\p18f2550.asm
                UEP15bits   0x000f7f       data     extern C:\MCC18\SRC\TRADIT~1\PROC\p18f2550.asm
                    PORTA   0x000f80       data     extern C:\MCC18\SRC\TRADIT~1\PROC\p18f2550.asm
                PORTAbits   0x000f80       data     extern C:\MCC18\SRC\TRADIT~1\PROC\p18f2550.asm
                    PORTB   0x000f81       data     extern C:\MCC18\SRC\TRADIT~1\PROC\p18f2550.asm
                PORTBbits   0x000f81       data     extern C:\MCC18\SRC\TRADIT~1\PROC\p18f2550.asm
                PORTCbits   0x000f82       data     extern C:\MCC18\SRC\TRADIT~1\PROC\p18f2550.asm
                    PORTC   0x000f82       data     extern C:\MCC18\SRC\TRADIT~1\PROC\p18f2550.asm
                PORTEbits   0x000f84       data     extern C:\MCC18\SRC\TRADIT~1\PROC\p18f2550.asm
                    PORTE   0x000f84       data     extern C:\MCC18\SRC\TRADIT~1\PROC\p18f2550.asm
                     LATA   0x000f89       data     extern C:\MCC18\SRC\TRADIT~1\PROC\p18f2550.asm
                 LATAbits   0x000f89       data     extern C:\MCC18\SRC\TRADIT~1\PROC\p18f2550.asm
                 LATBbits   0x000f8a       data     extern C:\MCC18\SRC\TRADIT~1\PROC\p18f2550.asm
                     LATB   0x000f8a       data     extern C:\MCC18\SRC\TRADIT~1\PROC\p18f2550.asm
                 LATCbits   0x000f8b       data     extern C:\MCC18\SRC\TRADIT~1\PROC\p18f2550.asm
                     LATC   0x000f8b       data     extern C:\MCC18\SRC\TRADIT~1\PROC\p18f2550.asm
                    TRISA   0x000f92       data     extern C:\MCC18\SRC\TRADIT~1\PROC\p18f2550.asm
                TRISAbits   0x000f92       data     extern C:\MCC18\SRC\TRADIT~1\PROC\p18f2550.asm
                 DDRAbits   0x000f92       data     extern C:\MCC18\SRC\TRADIT~1\PROC\p18f2550.asm
                     DDRA   0x000f92       data     extern C:\MCC18\SRC\TRADIT~1\PROC\p18f2550.asm
                    TRISB   0x000f93       data     extern C:\MCC18\SRC\TRADIT~1\PROC\p18f2550.asm
                TRISBbits   0x000f93       data     extern C:\MCC18\SRC\TRADIT~1\PROC\p18f2550.asm
                 DDRBbits   0x000f93       data     extern C:\MCC18\SRC\TRADIT~1\PROC\p18f2550.asm
                     DDRB   0x000f93       data     extern C:\MCC18\SRC\TRADIT~1\PROC\p18f2550.asm
                    TRISC   0x000f94       data     extern C:\MCC18\SRC\TRADIT~1\PROC\p18f2550.asm
                TRISCbits   0x000f94       data     extern C:\MCC18\SRC\TRADIT~1\PROC\p18f2550.asm
                     DDRC   0x000f94       data     extern C:\MCC18\SRC\TRADIT~1\PROC\p18f2550.asm
                 DDRCbits   0x000f94       data     extern C:\MCC18\SRC\TRADIT~1\PROC\p18f2550.asm
              OSCTUNEbits   0x000f9b       data     extern C:\MCC18\SRC\TRADIT~1\PROC\p18f2550.asm
                  OSCTUNE   0x000f9b       data     extern C:\MCC18\SRC\TRADIT~1\PROC\p18f2550.asm
                 PIE1bits   0x000f9d       data     extern C:\MCC18\SRC\TRADIT~1\PROC\p18f2550.asm
                     PIE1   0x000f9d       data     extern C:\MCC18\SRC\TRADIT~1\PROC\p18f2550.asm
                 PIR1bits   0x000f9e       data     extern C:\MCC18\SRC\TRADIT~1\PROC\p18f2550.asm
                     PIR1   0x000f9e       data     extern C:\MCC18\SRC\TRADIT~1\PROC\p18f2550.asm
                 IPR1bits   0x000f9f       data     extern C:\MCC18\SRC\TRADIT~1\PROC\p18f2550.asm
                     IPR1   0x000f9f       data     extern C:\MCC18\SRC\TRADIT~1\PROC\p18f2550.asm
                 PIE2bits   0x000fa0       data     extern C:\MCC18\SRC\TRADIT~1\PROC\p18f2550.asm
                     PIE2   0x000fa0       data     extern C:\MCC18\SRC\TRADIT~1\PROC\p18f2550.asm
                     PIR2   0x000fa1       data     extern C:\MCC18\SRC\TRADIT~1\PROC\p18f2550.asm
                 PIR2bits   0x000fa1       data     extern C:\MCC18\SRC\TRADIT~1\PROC\p18f2550.asm
                     IPR2   0x000fa2       data     extern C:\MCC18\SRC\TRADIT~1\PROC\p18f2550.asm
                 IPR2bits   0x000fa2       data     extern C:\MCC18\SRC\TRADIT~1\PROC\p18f2550.asm
                   EECON1   0x000fa6       data     extern C:\MCC18\SRC\TRADIT~1\PROC\p18f2550.asm
               EECON1bits   0x000fa6       data     extern C:\MCC18\SRC\TRADIT~1\PROC\p18f2550.asm
                   EECON2   0x000fa7       data     extern C:\MCC18\SRC\TRADIT~1\PROC\p18f2550.asm
                   EEDATA   0x000fa8       data     extern C:\MCC18\SRC\TRADIT~1\PROC\p18f2550.asm
                    EEADR   0x000fa9       data     extern C:\MCC18\SRC\TRADIT~1\PROC\p18f2550.asm
                    RCSTA   0x000fab       data     extern C:\MCC18\SRC\TRADIT~1\PROC\p18f2550.asm
                RCSTAbits   0x000fab       data     extern C:\MCC18\SRC\TRADIT~1\PROC\p18f2550.asm
                    TXSTA   0x000fac       data     extern C:\MCC18\SRC\TRADIT~1\PROC\p18f2550.asm
                TXSTAbits   0x000fac       data     extern C:\MCC18\SRC\TRADIT~1\PROC\p18f2550.asm
                    TXREG   0x000fad       data     extern C:\MCC18\SRC\TRADIT~1\PROC\p18f2550.asm
                    RCREG   0x000fae       data     extern C:\MCC18\SRC\TRADIT~1\PROC\p18f2550.asm
                    SPBRG   0x000faf       data     extern C:\MCC18\SRC\TRADIT~1\PROC\p18f2550.asm
                   SPBRGH   0x000fb0       data     extern C:\MCC18\SRC\TRADIT~1\PROC\p18f2550.asm
                T3CONbits   0x000fb1       data     extern C:\MCC18\SRC\TRADIT~1\PROC\p18f2550.asm
                    T3CON   0x000fb1       data     extern C:\MCC18\SRC\TRADIT~1\PROC\p18f2550.asm
                    TMR3L   0x000fb2       data     extern C:\MCC18\SRC\TRADIT~1\PROC\p18f2550.asm
                    TMR3H   0x000fb3       data     extern C:\MCC18\SRC\TRADIT~1\PROC\p18f2550.asm
                CMCONbits   0x000fb4       data     extern C:\MCC18\SRC\TRADIT~1\PROC\p18f2550.asm
                    CMCON   0x000fb4       data     extern C:\MCC18\SRC\TRADIT~1\PROC\p18f2550.asm
               CVRCONbits   0x000fb5       data     extern C:\MCC18\SRC\TRADIT~1\PROC\p18f2550.asm
                   CVRCON   0x000fb5       data     extern C:\MCC18\SRC\TRADIT~1\PROC\p18f2550.asm
              ECCP1ASbits   0x000fb6       data     extern C:\MCC18\SRC\TRADIT~1\PROC\p18f2550.asm
                  ECCP1AS   0x000fb6       data     extern C:\MCC18\SRC\TRADIT~1\PROC\p18f2550.asm
               CCP1ASbits   0x000fb6       data     extern C:\MCC18\SRC\TRADIT~1\PROC\p18f2550.asm
                   CCP1AS   0x000fb6       data     extern C:\MCC18\SRC\TRADIT~1\PROC\p18f2550.asm
             ECCP1DELbits   0x000fb7       data     extern C:\MCC18\SRC\TRADIT~1\PROC\p18f2550.asm
                 ECCP1DEL   0x000fb7       data     extern C:\MCC18\SRC\TRADIT~1\PROC\p18f2550.asm
                  CCP1DEL   0x000fb7       data     extern C:\MCC18\SRC\TRADIT~1\PROC\p18f2550.asm
              CCP1DELbits   0x000fb7       data     extern C:\MCC18\SRC\TRADIT~1\PROC\p18f2550.asm
              BAUDCONbits   0x000fb8       data     extern C:\MCC18\SRC\TRADIT~1\PROC\p18f2550.asm
                  BAUDCON   0x000fb8       data     extern C:\MCC18\SRC\TRADIT~1\PROC\p18f2550.asm
                  CCP2CON   0x000fba       data     extern C:\MCC18\SRC\TRADIT~1\PROC\p18f2550.asm
              CCP2CONbits   0x000fba       data     extern C:\MCC18\SRC\TRADIT~1\PROC\p18f2550.asm
                    CCPR2   0x000fbb       data     extern C:\MCC18\SRC\TRADIT~1\PROC\p18f2550.asm
                   CCPR2L   0x000fbb       data     extern C:\MCC18\SRC\TRADIT~1\PROC\p18f2550.asm
                   CCPR2H   0x000fbc       data     extern C:\MCC18\SRC\TRADIT~1\PROC\p18f2550.asm
                  CCP1CON   0x000fbd       data     extern C:\MCC18\SRC\TRADIT~1\PROC\p18f2550.asm
              CCP1CONbits   0x000fbd       data     extern C:\MCC18\SRC\TRADIT~1\PROC\p18f2550.asm
                    CCPR1   0x000fbe       data     extern C:\MCC18\SRC\TRADIT~1\PROC\p18f2550.asm
                   CCPR1L   0x000fbe       data     extern C:\MCC18\SRC\TRADIT~1\PROC\p18f2550.asm
                   CCPR1H   0x000fbf       data     extern C:\MCC18\SRC\TRADIT~1\PROC\p18f2550.asm
                   ADCON2   0x000fc0       data     extern C:\MCC18\SRC\TRADIT~1\PROC\p18f2550.asm
               ADCON2bits   0x000fc0       data     extern C:\MCC18\SRC\TRADIT~1\PROC\p18f2550.asm
               ADCON1bits   0x000fc1       data     extern C:\MCC18\SRC\TRADIT~1\PROC\p18f2550.asm
                   ADCON1   0x000fc1       data     extern C:\MCC18\SRC\TRADIT~1\PROC\p18f2550.asm
                   ADCON0   0x000fc2       data     extern C:\MCC18\SRC\TRADIT~1\PROC\p18f2550.asm
               ADCON0bits   0x000fc2       data     extern C:\MCC18\SRC\TRADIT~1\PROC\p18f2550.asm
                    ADRES   0x000fc3       data     extern C:\MCC18\SRC\TRADIT~1\PROC\p18f2550.asm
                   ADRESL   0x000fc3       data     extern C:\MCC18\SRC\TRADIT~1\PROC\p18f2550.asm
                   ADRESH   0x000fc4       data     extern C:\MCC18\SRC\TRADIT~1\PROC\p18f2550.asm
                  SSPCON2   0x000fc5       data     extern C:\MCC18\SRC\TRADIT~1\PROC\p18f2550.asm
              SSPCON2bits   0x000fc5       data     extern C:\MCC18\SRC\TRADIT~1\PROC\p18f2550.asm
                  SSPCON1   0x000fc6       data     extern C:\MCC18\SRC\TRADIT~1\PROC\p18f2550.asm
              SSPCON1bits   0x000fc6       data     extern C:\MCC18\SRC\TRADIT~1\PROC\p18f2550.asm
                  SSPSTAT   0x000fc7       data     extern C:\MCC18\SRC\TRADIT~1\PROC\p18f2550.asm
              SSPSTATbits   0x000fc7       data     extern C:\MCC18\SRC\TRADIT~1\PROC\p18f2550.asm
                   SSPADD   0x000fc8       data     extern C:\MCC18\SRC\TRADIT~1\PROC\p18f2550.asm
                   SSPBUF   0x000fc9       data     extern C:\MCC18\SRC\TRADIT~1\PROC\p18f2550.asm
                T2CONbits   0x000fca       data     extern C:\MCC18\SRC\TRADIT~1\PROC\p18f2550.asm
                    T2CON   0x000fca       data     extern C:\MCC18\SRC\TRADIT~1\PROC\p18f2550.asm
                      PR2   0x000fcb       data     extern C:\MCC18\SRC\TRADIT~1\PROC\p18f2550.asm
                     TMR2   0x000fcc       data     extern C:\MCC18\SRC\TRADIT~1\PROC\p18f2550.asm
                T1CONbits   0x000fcd       data     extern C:\MCC18\SRC\TRADIT~1\PROC\p18f2550.asm
                    T1CON   0x000fcd       data     extern C:\MCC18\SRC\TRADIT~1\PROC\p18f2550.asm
                    TMR1L   0x000fce       data     extern C:\MCC18\SRC\TRADIT~1\PROC\p18f2550.asm
                    TMR1H   0x000fcf       data     extern C:\MCC18\SRC\TRADIT~1\PROC\p18f2550.asm
                     RCON   0x000fd0       data     extern C:\MCC18\SRC\TRADIT~1\PROC\p18f2550.asm
                 RCONbits   0x000fd0       data     extern C:\MCC18\SRC\TRADIT~1\PROC\p18f2550.asm
               WDTCONbits   0x000fd1       data     extern C:\MCC18\SRC\TRADIT~1\PROC\p18f2550.asm
                   WDTCON   0x000fd1       data     extern C:\MCC18\SRC\TRADIT~1\PROC\p18f2550.asm
                  HLVDCON   0x000fd2       data     extern C:\MCC18\SRC\TRADIT~1\PROC\p18f2550.asm
              HLVDCONbits   0x000fd2       data     extern C:\MCC18\SRC\TRADIT~1\PROC\p18f2550.asm
               LVDCONbits   0x000fd2       data     extern C:\MCC18\SRC\TRADIT~1\PROC\p18f2550.asm
                   LVDCON   0x000fd2       data     extern C:\MCC18\SRC\TRADIT~1\PROC\p18f2550.asm
               OSCCONbits   0x000fd3       data     extern C:\MCC18\SRC\TRADIT~1\PROC\p18f2550.asm
                   OSCCON   0x000fd3       data     extern C:\MCC18\SRC\TRADIT~1\PROC\p18f2550.asm
                T0CONbits   0x000fd5       data     extern C:\MCC18\SRC\TRADIT~1\PROC\p18f2550.asm
                    T0CON   0x000fd5       data     extern C:\MCC18\SRC\TRADIT~1\PROC\p18f2550.asm
                    TMR0L   0x000fd6       data     extern C:\MCC18\SRC\TRADIT~1\PROC\p18f2550.asm
                    TMR0H   0x000fd7       data     extern C:\MCC18\SRC\TRADIT~1\PROC\p18f2550.asm
                   STATUS   0x000fd8       data     extern C:\MCC18\SRC\TRADIT~1\PROC\p18f2550.asm
               STATUSbits   0x000fd8       data     extern C:\MCC18\SRC\TRADIT~1\PROC\p18f2550.asm
                     FSR2   0x000fd9       data     extern C:\MCC18\SRC\TRADIT~1\PROC\p18f2550.asm
                    FSR2L   0x000fd9       data     extern C:\MCC18\SRC\TRADIT~1\PROC\p18f2550.asm
                    FSR2H   0x000fda       data     extern C:\MCC18\SRC\TRADIT~1\PROC\p18f2550.asm
                   PLUSW2   0x000fdb       data     extern C:\MCC18\SRC\TRADIT~1\PROC\p18f2550.asm
                  PREINC2   0x000fdc       data     extern C:\MCC18\SRC\TRADIT~1\PROC\p18f2550.asm
                 POSTDEC2   0x000fdd       data     extern C:\MCC18\SRC\TRADIT~1\PROC\p18f2550.asm
                 POSTINC2   0x000fde       data     extern C:\MCC18\SRC\TRADIT~1\PROC\p18f2550.asm
                    INDF2   0x000fdf       data     extern C:\MCC18\SRC\TRADIT~1\PROC\p18f2550.asm
                      BSR   0x000fe0       data     extern C:\MCC18\SRC\TRADIT~1\PROC\p18f2550.asm
                     FSR1   0x000fe1       data     extern C:\MCC18\SRC\TRADIT~1\PROC\p18f2550.asm
                    FSR1L   0x000fe1       data     extern C:\MCC18\SRC\TRADIT~1\PROC\p18f2550.asm
                    FSR1H   0x000fe2       data     extern C:\MCC18\SRC\TRADIT~1\PROC\p18f2550.asm
                   PLUSW1   0x000fe3       data     extern C:\MCC18\SRC\TRADIT~1\PROC\p18f2550.asm
                  PREINC1   0x000fe4       data     extern C:\MCC18\SRC\TRADIT~1\PROC\p18f2550.asm
                 POSTDEC1   0x000fe5       data     extern C:\MCC18\SRC\TRADIT~1\PROC\p18f2550.asm
                 POSTINC1   0x000fe6       data     extern C:\MCC18\SRC\TRADIT~1\PROC\p18f2550.asm
                    INDF1   0x000fe7       data     extern C:\MCC18\SRC\TRADIT~1\PROC\p18f2550.asm
                     WREG   0x000fe8       data     extern C:\MCC18\SRC\TRADIT~1\PROC\p18f2550.asm
                     FSR0   0x000fe9       data     extern C:\MCC18\SRC\TRADIT~1\PROC\p18f2550.asm
                    FSR0L   0x000fe9       data     extern C:\MCC18\SRC\TRADIT~1\PROC\p18f2550.asm
                    FSR0H   0x000fea       data     extern C:\MCC18\SRC\TRADIT~1\PROC\p18f2550.asm
                   PLUSW0   0x000feb       data     extern C:\MCC18\SRC\TRADIT~1\PROC\p18f2550.asm
                  PREINC0   0x000fec       data     extern C:\MCC18\SRC\TRADIT~1\PROC\p18f2550.asm
                 POSTDEC0   0x000fed       data     extern C:\MCC18\SRC\TRADIT~1\PROC\p18f2550.asm
                 POSTINC0   0x000fee       data     extern C:\MCC18\SRC\TRADIT~1\PROC\p18f2550.asm
                    INDF0   0x000fef       data     extern C:\MCC18\SRC\TRADIT~1\PROC\p18f2550.asm
              INTCON3bits   0x000ff0       data     extern C:\MCC18\SRC\TRADIT~1\PROC\p18f2550.asm
                  INTCON3   0x000ff0       data     extern C:\MCC18\SRC\TRADIT~1\PROC\p18f2550.asm
              INTCON2bits   0x000ff1       data     extern C:\MCC18\SRC\TRADIT~1\PROC\p18f2550.asm
                  INTCON2   0x000ff1       data     extern C:\MCC18\SRC\TRADIT~1\PROC\p18f2550.asm
               INTCONbits   0x000ff2       data     extern C:\MCC18\SRC\TRADIT~1\PROC\p18f2550.asm
                   INTCON   0x000ff2       data     extern C:\MCC18\SRC\TRADIT~1\PROC\p18f2550.asm
                     PROD   0x000ff3       data     extern C:\MCC18\SRC\TRADIT~1\PROC\p18f2550.asm
                    PRODL   0x000ff3       data     extern C:\MCC18\SRC\TRADIT~1\PROC\p18f2550.asm
                    PRODH   0x000ff4       data     extern C:\MCC18\SRC\TRADIT~1\PROC\p18f2550.asm
                   TABLAT   0x000ff5       data     extern C:\MCC18\SRC\TRADIT~1\PROC\p18f2550.asm
                   TBLPTR   0x000ff6       data     extern C:\MCC18\SRC\TRADIT~1\PROC\p18f2550.asm
                  TBLPTRL   0x000ff6       data     extern C:\MCC18\SRC\TRADIT~1\PROC\p18f2550.asm
                  TBLPTRH   0x000ff7       data     extern C:\MCC18\SRC\TRADIT~1\PROC\p18f2550.asm
                  TBLPTRU   0x000ff8       data     extern C:\MCC18\SRC\TRADIT~1\PROC\p18f2550.asm
                      PCL   0x000ff9       data     extern C:\MCC18\SRC\TRADIT~1\PROC\p18f2550.asm
                       PC   0x000ff9       data     extern C:\MCC18\SRC\TRADIT~1\PROC\p18f2550.asm
                   PCLATH   0x000ffa       data     extern C:\MCC18\SRC\TRADIT~1\PROC\p18f2550.asm
                   PCLATU   0x000ffb       data     extern C:\MCC18\SRC\TRADIT~1\PROC\p18f2550.asm
                   STKPTR   0x000ffc       data     extern C:\MCC18\SRC\TRADIT~1\PROC\p18f2550.asm
               STKPTRbits   0x000ffc       data     extern C:\MCC18\SRC\TRADIT~1\PROC\p18f2550.asm
                      TOS   0x000ffd       data     extern C:\MCC18\SRC\TRADIT~1\PROC\p18f2550.asm
                     TOSL   0x000ffd       data     extern C:\MCC18\SRC\TRADIT~1\PROC\p18f2550.asm
                     TOSH   0x000ffe       data     extern C:\MCC18\SRC\TRADIT~1\PROC\p18f2550.asm
                     TOSU   0x000fff       data     extern C:\MCC18\SRC\TRADIT~1\PROC\p18f2550.asm


